[0.037s] Invoking command in '/home/arpan/unitree2/unitree_sdk2/utlidar_slam/build/odom_bridge': CMAKE_PREFIX_PATH=${CMAKE_PREFIX_PATH}:/home/arpan/unitree2/mid360_slam_ws/install/scan_qos_relay:/home/arpan/unitree2/mid360_slam_ws/install/mid360_slam:/home/arpan/unitree2/fast-lio-ws/install/go2_nav_helper:/home/arpan/turtlebot3_ws/install/turtlebot3_teleop:/home/arpan/turtlebot3_ws/install/turtlebot3_example:/opt/ros/humble /usr/bin/cmake /home/arpan/unitree2/unitree_sdk2/utlidar_slam/src/odom_bridge -DAMENT_CMAKE_SYMLINK_INSTALL=1 -DCMAKE_INSTALL_PREFIX=/home/arpan/unitree2/unitree_sdk2/utlidar_slam/install/odom_bridge
[0.324s] -- The C compiler identification is GNU 11.4.0
[0.324s] -- The CXX compiler identification is GNU 11.4.0
[0.324s] -- Detecting C compiler ABI info
[0.324s] -- Detecting C compiler ABI info - done
[0.324s] -- Check for working C compiler: /usr/bin/cc - skipped
[0.324s] -- Detecting C compile features
[0.324s] -- Detecting C compile features - done
[0.324s] -- Detecting CXX compiler ABI info
[0.400s] -- Detecting CXX compiler ABI info - done
[0.407s] -- Check for working CXX compiler: /usr/bin/c++ - skipped
[0.407s] -- Detecting CXX compile features
[0.408s] -- Detecting CXX compile features - done
[0.416s] -- Found ament_cmake: 1.3.11 (/opt/ros/humble/share/ament_cmake/cmake)
[0.561s] -- Found Python3: /usr/bin/python3 (found version "3.10.12") found components: Interpreter 
[0.643s] -- Override CMake install command with custom implementation using symlinks instead of copying resources
[0.690s] -- Found rclcpp: 16.0.12 (/opt/ros/humble/share/rclcpp/cmake)
[0.759s] -- Found rosidl_generator_c: 3.1.6 (/opt/ros/humble/share/rosidl_generator_c/cmake)
[0.769s] -- Found rosidl_adapter: 3.1.6 (/opt/ros/humble/share/rosidl_adapter/cmake)
[0.782s] -- Found rosidl_generator_cpp: 3.1.6 (/opt/ros/humble/share/rosidl_generator_cpp/cmake)
[0.801s] -- Using all available rosidl_typesupport_c: rosidl_typesupport_fastrtps_c;rosidl_typesupport_introspection_c
[0.825s] -- Using all available rosidl_typesupport_cpp: rosidl_typesupport_fastrtps_cpp;rosidl_typesupport_introspection_cpp
[0.902s] -- Found rmw_implementation_cmake: 6.1.2 (/opt/ros/humble/share/rmw_implementation_cmake/cmake)
[0.909s] -- Found rmw_fastrtps_cpp: 6.2.7 (/opt/ros/humble/share/rmw_fastrtps_cpp/cmake)
[1.027s] -- Found OpenSSL: /usr/lib/x86_64-linux-gnu/libcrypto.so (found version "3.0.2")  
[1.055s] -- Found FastRTPS: /opt/ros/humble/include  
[1.098s] -- Using RMW implementation 'rmw_fastrtps_cpp' as default
[1.111s] -- Looking for pthread.h
[1.186s] -- Looking for pthread.h - found
[1.187s] -- Performing Test CMAKE_HAVE_LIBC_PTHREAD
[1.266s] -- Performing Test CMAKE_HAVE_LIBC_PTHREAD - Success
[1.267s] -- Found Threads: TRUE  
[1.327s] -- Found nav_msgs: 4.8.0 (/opt/ros/humble/share/nav_msgs/cmake)
[1.362s] -- Found tf2_ros: 0.25.12 (/opt/ros/humble/share/tf2_ros/cmake)
[1.509s] -- Found tf2_geometry_msgs: 0.25.12 (/opt/ros/humble/share/tf2_geometry_msgs/cmake)
[1.533s] -- Found eigen3_cmake_module: 0.1.1 (/opt/ros/humble/share/eigen3_cmake_module/cmake)
[1.534s] -- Found Eigen3: TRUE (found version "3.4.0") 
[1.534s] -- Ensuring Eigen3 include directory is part of orocos-kdl CMake target
[1.600s] -- Configuring done
[1.612s] -- Generating done
[1.616s] -- Build files have been written to: /home/arpan/unitree2/unitree_sdk2/utlidar_slam/build/odom_bridge
[1.625s] Invoked command in '/home/arpan/unitree2/unitree_sdk2/utlidar_slam/build/odom_bridge' returned '0': CMAKE_PREFIX_PATH=${CMAKE_PREFIX_PATH}:/home/arpan/unitree2/mid360_slam_ws/install/scan_qos_relay:/home/arpan/unitree2/mid360_slam_ws/install/mid360_slam:/home/arpan/unitree2/fast-lio-ws/install/go2_nav_helper:/home/arpan/turtlebot3_ws/install/turtlebot3_teleop:/home/arpan/turtlebot3_ws/install/turtlebot3_example:/opt/ros/humble /usr/bin/cmake /home/arpan/unitree2/unitree_sdk2/utlidar_slam/src/odom_bridge -DAMENT_CMAKE_SYMLINK_INSTALL=1 -DCMAKE_INSTALL_PREFIX=/home/arpan/unitree2/unitree_sdk2/utlidar_slam/install/odom_bridge
[1.626s] Invoking command in '/home/arpan/unitree2/unitree_sdk2/utlidar_slam/build/odom_bridge': CMAKE_PREFIX_PATH=${CMAKE_PREFIX_PATH}:/home/arpan/unitree2/mid360_slam_ws/install/scan_qos_relay:/home/arpan/unitree2/mid360_slam_ws/install/mid360_slam:/home/arpan/unitree2/fast-lio-ws/install/go2_nav_helper:/home/arpan/turtlebot3_ws/install/turtlebot3_teleop:/home/arpan/turtlebot3_ws/install/turtlebot3_example:/opt/ros/humble /usr/bin/cmake --build /home/arpan/unitree2/unitree_sdk2/utlidar_slam/build/odom_bridge -- -j12 -l12
[1.679s] [ 50%] [32mBuilding CXX object CMakeFiles/odom_bridge_node.dir/src/odom_bridge_node.cpp.o[0m
[7.782s] [100%] [32m[1mLinking CXX executable odom_bridge_node[0m
[8.299s] [100%] Built target odom_bridge_node
[8.310s] Invoked command in '/home/arpan/unitree2/unitree_sdk2/utlidar_slam/build/odom_bridge' returned '0': CMAKE_PREFIX_PATH=${CMAKE_PREFIX_PATH}:/home/arpan/unitree2/mid360_slam_ws/install/scan_qos_relay:/home/arpan/unitree2/mid360_slam_ws/install/mid360_slam:/home/arpan/unitree2/fast-lio-ws/install/go2_nav_helper:/home/arpan/turtlebot3_ws/install/turtlebot3_teleop:/home/arpan/turtlebot3_ws/install/turtlebot3_example:/opt/ros/humble /usr/bin/cmake --build /home/arpan/unitree2/unitree_sdk2/utlidar_slam/build/odom_bridge -- -j12 -l12
[8.312s] Invoking command in '/home/arpan/unitree2/unitree_sdk2/utlidar_slam/build/odom_bridge': CMAKE_PREFIX_PATH=${CMAKE_PREFIX_PATH}:/home/arpan/unitree2/mid360_slam_ws/install/scan_qos_relay:/home/arpan/unitree2/mid360_slam_ws/install/mid360_slam:/home/arpan/unitree2/fast-lio-ws/install/go2_nav_helper:/home/arpan/turtlebot3_ws/install/turtlebot3_teleop:/home/arpan/turtlebot3_ws/install/turtlebot3_example:/opt/ros/humble /usr/bin/cmake --install /home/arpan/unitree2/unitree_sdk2/utlidar_slam/build/odom_bridge
[8.318s] -- Install configuration: ""
[8.319s] -- Execute custom install script
[8.319s] -- Symlinking: /home/arpan/unitree2/unitree_sdk2/utlidar_slam/install/odom_bridge/lib/odom_bridge/odom_bridge_node
[8.328s] -- Symlinking: /home/arpan/unitree2/unitree_sdk2/utlidar_slam/install/odom_bridge/share/ament_index/resource_index/package_run_dependencies/odom_bridge
[8.336s] -- Symlinking: /home/arpan/unitree2/unitree_sdk2/utlidar_slam/install/odom_bridge/share/ament_index/resource_index/parent_prefix_path/odom_bridge
[8.344s] -- Symlinking: /home/arpan/unitree2/unitree_sdk2/utlidar_slam/install/odom_bridge/share/odom_bridge/environment/ament_prefix_path.sh
[8.352s] -- Symlinking: /home/arpan/unitree2/unitree_sdk2/utlidar_slam/install/odom_bridge/share/odom_bridge/environment/ament_prefix_path.dsv
[8.360s] -- Symlinking: /home/arpan/unitree2/unitree_sdk2/utlidar_slam/install/odom_bridge/share/odom_bridge/environment/path.sh
[8.368s] -- Symlinking: /home/arpan/unitree2/unitree_sdk2/utlidar_slam/install/odom_bridge/share/odom_bridge/environment/path.dsv
[8.376s] -- Symlinking: /home/arpan/unitree2/unitree_sdk2/utlidar_slam/install/odom_bridge/share/odom_bridge/local_setup.bash
[8.384s] -- Symlinking: /home/arpan/unitree2/unitree_sdk2/utlidar_slam/install/odom_bridge/share/odom_bridge/local_setup.sh
[8.392s] -- Symlinking: /home/arpan/unitree2/unitree_sdk2/utlidar_slam/install/odom_bridge/share/odom_bridge/local_setup.zsh
[8.400s] -- Symlinking: /home/arpan/unitree2/unitree_sdk2/utlidar_slam/install/odom_bridge/share/odom_bridge/local_setup.dsv
[8.408s] -- Symlinking: /home/arpan/unitree2/unitree_sdk2/utlidar_slam/install/odom_bridge/share/odom_bridge/package.dsv
[8.416s] -- Symlinking: /home/arpan/unitree2/unitree_sdk2/utlidar_slam/install/odom_bridge/share/ament_index/resource_index/packages/odom_bridge
[8.424s] -- Symlinking: /home/arpan/unitree2/unitree_sdk2/utlidar_slam/install/odom_bridge/share/odom_bridge/cmake/odom_bridgeConfig.cmake
[8.432s] -- Symlinking: /home/arpan/unitree2/unitree_sdk2/utlidar_slam/install/odom_bridge/share/odom_bridge/cmake/odom_bridgeConfig-version.cmake
[8.440s] -- Symlinking: /home/arpan/unitree2/unitree_sdk2/utlidar_slam/install/odom_bridge/share/odom_bridge/package.xml
[8.449s] Invoked command in '/home/arpan/unitree2/unitree_sdk2/utlidar_slam/build/odom_bridge' returned '0': CMAKE_PREFIX_PATH=${CMAKE_PREFIX_PATH}:/home/arpan/unitree2/mid360_slam_ws/install/scan_qos_relay:/home/arpan/unitree2/mid360_slam_ws/install/mid360_slam:/home/arpan/unitree2/fast-lio-ws/install/go2_nav_helper:/home/arpan/turtlebot3_ws/install/turtlebot3_teleop:/home/arpan/turtlebot3_ws/install/turtlebot3_example:/opt/ros/humble /usr/bin/cmake --install /home/arpan/unitree2/unitree_sdk2/utlidar_slam/build/odom_bridge
