[0.026s] Invoking command in '/home/arpan/unitree2/unitree_sdk2/utlidar_slam/src/build/lidar_bridge': CMAKE_PREFIX_PATH=${CMAKE_PREFIX_PATH}:/home/arpan/unitree2/unitree_sdk2/utlidar_slam/src/install/qos_relay:/home/arpan/unitree2/mid360_slam_ws/install/scan_qos_relay:/home/arpan/unitree2/mid360_slam_ws/install/mid360_slam:/home/arpan/unitree2/fast-lio-ws/install/go2_nav_helper:/home/arpan/turtlebot3_ws/install/turtlebot3_teleop:/home/arpan/turtlebot3_ws/install/turtlebot3_example:/home/arpan/unitree2/unitree_sdk2/utlidar_slam/install/qos_relay:/opt/ros/humble /usr/bin/cmake /home/arpan/unitree2/unitree_sdk2/utlidar_slam/src/lidar_bridge -DCMAKE_INSTALL_PREFIX=/home/arpan/unitree2/unitree_sdk2/utlidar_slam/src/install/lidar_bridge
[0.303s] -- The C compiler identification is GNU 11.4.0
[0.303s] -- The CXX compiler identification is GNU 11.4.0
[0.303s] -- Detecting C compiler ABI info
[0.303s] -- Detecting C compiler ABI info - done
[0.303s] -- Check for working C compiler: /usr/bin/cc - skipped
[0.303s] -- Detecting C compile features
[0.304s] -- Detecting C compile features - done
[0.304s] -- Detecting CXX compiler ABI info
[0.304s] -- Detecting CXX compiler ABI info - done
[0.304s] -- Check for working CXX compiler: /usr/bin/c++ - skipped
[0.304s] -- Detecting CXX compile features
[0.304s] -- Detecting CXX compile features - done
[0.306s] -- Found ament_cmake: 1.3.11 (/opt/ros/humble/share/ament_cmake/cmake)
[0.455s] -- Found Python3: /usr/bin/python3 (found version "3.10.12") found components: Interpreter 
[0.569s] -- Found rclcpp: 16.0.12 (/opt/ros/humble/share/rclcpp/cmake)
[0.642s] -- Found rosidl_generator_c: 3.1.6 (/opt/ros/humble/share/rosidl_generator_c/cmake)
[0.651s] -- Found rosidl_adapter: 3.1.6 (/opt/ros/humble/share/rosidl_adapter/cmake)
[0.662s] -- Found rosidl_generator_cpp: 3.1.6 (/opt/ros/humble/share/rosidl_generator_cpp/cmake)
[0.678s] -- Using all available rosidl_typesupport_c: rosidl_typesupport_fastrtps_c;rosidl_typesupport_introspection_c
[0.699s] -- Using all available rosidl_typesupport_cpp: rosidl_typesupport_fastrtps_cpp;rosidl_typesupport_introspection_cpp
[0.767s] -- Found rmw_implementation_cmake: 6.1.2 (/opt/ros/humble/share/rmw_implementation_cmake/cmake)
[0.771s] -- Found rmw_fastrtps_cpp: 6.2.7 (/opt/ros/humble/share/rmw_fastrtps_cpp/cmake)
[0.866s] -- Found OpenSSL: /usr/lib/x86_64-linux-gnu/libcrypto.so (found version "3.0.2")  
[0.897s] -- Found FastRTPS: /opt/ros/humble/include  
[0.944s] -- Using RMW implementation 'rmw_fastrtps_cpp' as default
[0.960s] -- Looking for pthread.h
[1.033s] -- Looking for pthread.h - found
[1.034s] -- Performing Test CMAKE_HAVE_LIBC_PTHREAD
[1.104s] -- Performing Test CMAKE_HAVE_LIBC_PTHREAD - Success
[1.105s] -- Found Threads: TRUE  
[1.163s] -- Found sensor_msgs: 4.8.0 (/opt/ros/humble/share/sensor_msgs/cmake)
[1.259s] -- Configuring done
[1.268s] -- Generating done
[1.271s] -- Build files have been written to: /home/arpan/unitree2/unitree_sdk2/utlidar_slam/src/build/lidar_bridge
[1.279s] Invoked command in '/home/arpan/unitree2/unitree_sdk2/utlidar_slam/src/build/lidar_bridge' returned '0': CMAKE_PREFIX_PATH=${CMAKE_PREFIX_PATH}:/home/arpan/unitree2/unitree_sdk2/utlidar_slam/src/install/qos_relay:/home/arpan/unitree2/mid360_slam_ws/install/scan_qos_relay:/home/arpan/unitree2/mid360_slam_ws/install/mid360_slam:/home/arpan/unitree2/fast-lio-ws/install/go2_nav_helper:/home/arpan/turtlebot3_ws/install/turtlebot3_teleop:/home/arpan/turtlebot3_ws/install/turtlebot3_example:/home/arpan/unitree2/unitree_sdk2/utlidar_slam/install/qos_relay:/opt/ros/humble /usr/bin/cmake /home/arpan/unitree2/unitree_sdk2/utlidar_slam/src/lidar_bridge -DCMAKE_INSTALL_PREFIX=/home/arpan/unitree2/unitree_sdk2/utlidar_slam/src/install/lidar_bridge
[1.280s] Invoking command in '/home/arpan/unitree2/unitree_sdk2/utlidar_slam/src/build/lidar_bridge': CMAKE_PREFIX_PATH=${CMAKE_PREFIX_PATH}:/home/arpan/unitree2/unitree_sdk2/utlidar_slam/src/install/qos_relay:/home/arpan/unitree2/mid360_slam_ws/install/scan_qos_relay:/home/arpan/unitree2/mid360_slam_ws/install/mid360_slam:/home/arpan/unitree2/fast-lio-ws/install/go2_nav_helper:/home/arpan/turtlebot3_ws/install/turtlebot3_teleop:/home/arpan/turtlebot3_ws/install/turtlebot3_example:/home/arpan/unitree2/unitree_sdk2/utlidar_slam/install/qos_relay:/opt/ros/humble /usr/bin/cmake --build /home/arpan/unitree2/unitree_sdk2/utlidar_slam/src/build/lidar_bridge -- -j12 -l12
[1.328s] [ 50%] [32mBuilding CXX object CMakeFiles/lidar_bridge_node.dir/src/lidar_bridge_node.cpp.o[0m
[6.489s] [100%] [32m[1mLinking CXX executable lidar_bridge_node[0m
[6.904s] [100%] Built target lidar_bridge_node
[6.915s] Invoked command in '/home/arpan/unitree2/unitree_sdk2/utlidar_slam/src/build/lidar_bridge' returned '0': CMAKE_PREFIX_PATH=${CMAKE_PREFIX_PATH}:/home/arpan/unitree2/unitree_sdk2/utlidar_slam/src/install/qos_relay:/home/arpan/unitree2/mid360_slam_ws/install/scan_qos_relay:/home/arpan/unitree2/mid360_slam_ws/install/mid360_slam:/home/arpan/unitree2/fast-lio-ws/install/go2_nav_helper:/home/arpan/turtlebot3_ws/install/turtlebot3_teleop:/home/arpan/turtlebot3_ws/install/turtlebot3_example:/home/arpan/unitree2/unitree_sdk2/utlidar_slam/install/qos_relay:/opt/ros/humble /usr/bin/cmake --build /home/arpan/unitree2/unitree_sdk2/utlidar_slam/src/build/lidar_bridge -- -j12 -l12
[6.917s] Invoking command in '/home/arpan/unitree2/unitree_sdk2/utlidar_slam/src/build/lidar_bridge': CMAKE_PREFIX_PATH=${CMAKE_PREFIX_PATH}:/home/arpan/unitree2/unitree_sdk2/utlidar_slam/src/install/qos_relay:/home/arpan/unitree2/mid360_slam_ws/install/scan_qos_relay:/home/arpan/unitree2/mid360_slam_ws/install/mid360_slam:/home/arpan/unitree2/fast-lio-ws/install/go2_nav_helper:/home/arpan/turtlebot3_ws/install/turtlebot3_teleop:/home/arpan/turtlebot3_ws/install/turtlebot3_example:/home/arpan/unitree2/unitree_sdk2/utlidar_slam/install/qos_relay:/opt/ros/humble /usr/bin/cmake --install /home/arpan/unitree2/unitree_sdk2/utlidar_slam/src/build/lidar_bridge
[6.924s] -- Install configuration: ""
[6.924s] -- Installing: /home/arpan/unitree2/unitree_sdk2/utlidar_slam/src/install/lidar_bridge/lib/lidar_bridge/lidar_bridge_node
[6.927s] -- Set runtime path of "/home/arpan/unitree2/unitree_sdk2/utlidar_slam/src/install/lidar_bridge/lib/lidar_bridge/lidar_bridge_node" to ""
[6.928s] -- Installing: /home/arpan/unitree2/unitree_sdk2/utlidar_slam/src/install/lidar_bridge/share/ament_index/resource_index/package_run_dependencies/lidar_bridge
[6.928s] -- Installing: /home/arpan/unitree2/unitree_sdk2/utlidar_slam/src/install/lidar_bridge/share/ament_index/resource_index/parent_prefix_path/lidar_bridge
[6.928s] -- Installing: /home/arpan/unitree2/unitree_sdk2/utlidar_slam/src/install/lidar_bridge/share/lidar_bridge/environment/ament_prefix_path.sh
[6.928s] -- Installing: /home/arpan/unitree2/unitree_sdk2/utlidar_slam/src/install/lidar_bridge/share/lidar_bridge/environment/ament_prefix_path.dsv
[6.928s] -- Installing: /home/arpan/unitree2/unitree_sdk2/utlidar_slam/src/install/lidar_bridge/share/lidar_bridge/environment/path.sh
[6.928s] -- Installing: /home/arpan/unitree2/unitree_sdk2/utlidar_slam/src/install/lidar_bridge/share/lidar_bridge/environment/path.dsv
[6.929s] -- Installing: /home/arpan/unitree2/unitree_sdk2/utlidar_slam/src/install/lidar_bridge/share/lidar_bridge/local_setup.bash
[6.929s] -- Installing: /home/arpan/unitree2/unitree_sdk2/utlidar_slam/src/install/lidar_bridge/share/lidar_bridge/local_setup.sh
[6.929s] -- Installing: /home/arpan/unitree2/unitree_sdk2/utlidar_slam/src/install/lidar_bridge/share/lidar_bridge/local_setup.zsh
[6.929s] -- Installing: /home/arpan/unitree2/unitree_sdk2/utlidar_slam/src/install/lidar_bridge/share/lidar_bridge/local_setup.dsv
[6.929s] -- Installing: /home/arpan/unitree2/unitree_sdk2/utlidar_slam/src/install/lidar_bridge/share/lidar_bridge/package.dsv
[6.930s] -- Installing: /home/arpan/unitree2/unitree_sdk2/utlidar_slam/src/install/lidar_bridge/share/ament_index/resource_index/packages/lidar_bridge
[6.930s] -- Installing: /home/arpan/unitree2/unitree_sdk2/utlidar_slam/src/install/lidar_bridge/share/lidar_bridge/cmake/lidar_bridgeConfig.cmake
[6.930s] -- Installing: /home/arpan/unitree2/unitree_sdk2/utlidar_slam/src/install/lidar_bridge/share/lidar_bridge/cmake/lidar_bridgeConfig-version.cmake
[6.930s] -- Installing: /home/arpan/unitree2/unitree_sdk2/utlidar_slam/src/install/lidar_bridge/share/lidar_bridge/package.xml
[6.932s] Invoked command in '/home/arpan/unitree2/unitree_sdk2/utlidar_slam/src/build/lidar_bridge' returned '0': CMAKE_PREFIX_PATH=${CMAKE_PREFIX_PATH}:/home/arpan/unitree2/unitree_sdk2/utlidar_slam/src/install/qos_relay:/home/arpan/unitree2/mid360_slam_ws/install/scan_qos_relay:/home/arpan/unitree2/mid360_slam_ws/install/mid360_slam:/home/arpan/unitree2/fast-lio-ws/install/go2_nav_helper:/home/arpan/turtlebot3_ws/install/turtlebot3_teleop:/home/arpan/turtlebot3_ws/install/turtlebot3_example:/home/arpan/unitree2/unitree_sdk2/utlidar_slam/install/qos_relay:/opt/ros/humble /usr/bin/cmake --install /home/arpan/unitree2/unitree_sdk2/utlidar_slam/src/build/lidar_bridge
