-- Install configuration: ""
-- Up-to-date: /home/arpan/unitree2/unitree_sdk2/utlidar_slam/install/go2_localization/share/go2_localization/launch
-- Up-to-date: /home/arpan/unitree2/unitree_sdk2/utlidar_slam/install/go2_localization/share/go2_localization/launch/ekf.launch.py
-- Up-to-date: /home/arpan/unitree2/unitree_sdk2/utlidar_slam/install/go2_localization/share/go2_localization/config
-- Up-to-date: /home/arpan/unitree2/unitree_sdk2/utlidar_slam/install/go2_localization/share/go2_localization/config/ekf.yaml
-- Up-to-date: /home/arpan/unitree2/unitree_sdk2/utlidar_slam/install/go2_localization/share/ament_index/resource_index/package_run_dependencies/go2_localization
-- Up-to-date: /home/arpan/unitree2/unitree_sdk2/utlidar_slam/install/go2_localization/share/ament_index/resource_index/parent_prefix_path/go2_localization
-- Up-to-date: /home/arpan/unitree2/unitree_sdk2/utlidar_slam/install/go2_localization/share/go2_localization/environment/ament_prefix_path.sh
-- Up-to-date: /home/arpan/unitree2/unitree_sdk2/utlidar_slam/install/go2_localization/share/go2_localization/environment/ament_prefix_path.dsv
-- Up-to-date: /home/arpan/unitree2/unitree_sdk2/utlidar_slam/install/go2_localization/share/go2_localization/environment/path.sh
-- Up-to-date: /home/arpan/unitree2/unitree_sdk2/utlidar_slam/install/go2_localization/share/go2_localization/environment/path.dsv
-- Up-to-date: /home/arpan/unitree2/unitree_sdk2/utlidar_slam/install/go2_localization/share/go2_localization/local_setup.bash
-- Up-to-date: /home/arpan/unitree2/unitree_sdk2/utlidar_slam/install/go2_localization/share/go2_localization/local_setup.sh
-- Up-to-date: /home/arpan/unitree2/unitree_sdk2/utlidar_slam/install/go2_localization/share/go2_localization/local_setup.zsh
-- Up-to-date: /home/arpan/unitree2/unitree_sdk2/utlidar_slam/install/go2_localization/share/go2_localization/local_setup.dsv
-- Up-to-date: /home/arpan/unitree2/unitree_sdk2/utlidar_slam/install/go2_localization/share/go2_localization/package.dsv
-- Up-to-date: /home/arpan/unitree2/unitree_sdk2/utlidar_slam/install/go2_localization/share/ament_index/resource_index/packages/go2_localization
-- Up-to-date: /home/arpan/unitree2/unitree_sdk2/utlidar_slam/install/go2_localization/share/go2_localization/cmake/go2_localizationConfig.cmake
-- Up-to-date: /home/arpan/unitree2/unitree_sdk2/utlidar_slam/install/go2_localization/share/go2_localization/cmake/go2_localizationConfig-version.cmake
-- Up-to-date: /home/arpan/unitree2/unitree_sdk2/utlidar_slam/install/go2_localization/share/go2_localization/package.xml
