[0.246s] [34mcolcon[0m [1;30mDEBUG[0m [32mCommand line arguments: ['/usr/bin/colcon', 'build'][0m
[0.246s] [34mcolcon[0m [1;30mDEBUG[0m [32mParsed command line arguments: Namespace(log_base=None, log_level=None, verb_name='build', build_base='build', install_base='install', merge_install=False, symlink_install=False, test_result_base=None, continue_on_error=False, executor='parallel', parallel_workers=12, event_handlers=None, ignore_user_meta=False, metas=['./colcon.meta'], base_paths=['.'], packages_ignore=None, packages_ignore_regex=None, paths=None, packages_up_to=None, packages_up_to_regex=None, packages_above=None, packages_above_and_dependencies=None, packages_above_depth=None, packages_select_by_dep=None, packages_skip_by_dep=None, packages_skip_up_to=None, packages_select_build_failed=False, packages_skip_build_finished=False, packages_select_test_failures=False, packages_skip_test_passed=False, packages_select=None, packages_skip=None, packages_select_regex=None, packages_skip_regex=None, packages_start=None, packages_end=None, allow_overriding=[], cmake_args=None, cmake_target=None, cmake_target_skip_unavailable=False, cmake_clean_cache=False, cmake_clean_first=False, cmake_force_configure=False, ament_cmake_args=None, catkin_cmake_args=None, catkin_skip_building_tests=False, mixin_files=None, mixin=None, verb_parser=<colcon_mixin.mixin.mixin_argument.MixinArgumentDecorator object at 0x7ebe5755af20>, verb_extension=<colcon_core.verb.build.BuildVerb object at 0x7ebe5755bca0>, main=<bound method BuildVerb.main of <colcon_core.verb.build.BuildVerb object at 0x7ebe5755bca0>>, mixin_verb=('build',))[0m
[0.519s] [34mcolcon.colcon_core.package_discovery[0m [1;30mLevel 1[0m discover_packages(colcon_meta) check parameters
[0.519s] [34mcolcon.colcon_core.package_discovery[0m [1;30mLevel 1[0m discover_packages(recursive) check parameters
[0.519s] [34mcolcon.colcon_core.package_discovery[0m [1;30mLevel 1[0m discover_packages(ignore) check parameters
[0.519s] [34mcolcon.colcon_core.package_discovery[0m [1;30mLevel 1[0m discover_packages(path) check parameters
[0.519s] [34mcolcon.colcon_core.package_discovery[0m [1;30mLevel 1[0m discover_packages(colcon_meta) discover
[0.519s] [34mcolcon.colcon_core.package_discovery[0m [1;30mLevel 1[0m discover_packages(recursive) discover
[0.519s] [34mcolcon.colcon_core.package_discovery[0m [1;30mINFO[0m Crawling recursively for packages in '/home/arpan/unitree2/unitree_sdk2/utlidar_slam'
[0.519s] [34mcolcon.colcon_core.package_identification[0m [1;30mLevel 1[0m _identify(.) by extensions ['ignore', 'ignore_ament_install']
[0.520s] [34mcolcon.colcon_core.package_identification[0m [1;30mLevel 1[0m _identify(.) by extension 'ignore'
[0.520s] [34mcolcon.colcon_core.package_identification[0m [1;30mLevel 1[0m _identify(.) by extension 'ignore_ament_install'
[0.520s] [34mcolcon.colcon_core.package_identification[0m [1;30mLevel 1[0m _identify(.) by extensions ['colcon_pkg']
[0.520s] [34mcolcon.colcon_core.package_identification[0m [1;30mLevel 1[0m _identify(.) by extension 'colcon_pkg'
[0.520s] [34mcolcon.colcon_core.package_identification[0m [1;30mLevel 1[0m _identify(.) by extensions ['colcon_meta']
[0.520s] [34mcolcon.colcon_core.package_identification[0m [1;30mLevel 1[0m _identify(.) by extension 'colcon_meta'
[0.520s] [34mcolcon.colcon_core.package_identification[0m [1;30mLevel 1[0m _identify(.) by extensions ['ros']
[0.520s] [34mcolcon.colcon_core.package_identification[0m [1;30mLevel 1[0m _identify(.) by extension 'ros'
[0.543s] [34mcolcon.colcon_core.package_identification[0m [1;30mLevel 1[0m _identify(.) by extensions ['cmake', 'python']
[0.543s] [34mcolcon.colcon_core.package_identification[0m [1;30mLevel 1[0m _identify(.) by extension 'cmake'
[0.543s] [34mcolcon.colcon_core.package_identification[0m [1;30mLevel 1[0m _identify(.) by extension 'python'
[0.543s] [34mcolcon.colcon_core.package_identification[0m [1;30mLevel 1[0m _identify(.) by extensions ['python_setup_py']
[0.543s] [34mcolcon.colcon_core.package_identification[0m [1;30mLevel 1[0m _identify(.) by extension 'python_setup_py'
[0.543s] [34mcolcon.colcon_core.package_identification[0m [1;30mLevel 1[0m _identify(build) by extensions ['ignore', 'ignore_ament_install']
[0.544s] [34mcolcon.colcon_core.package_identification[0m [1;30mLevel 1[0m _identify(build) by extension 'ignore'
[0.544s] [34mcolcon.colcon_core.package_identification[0m [1;30mLevel 1[0m _identify(build) ignored
[0.544s] [34mcolcon.colcon_core.package_identification[0m [1;30mLevel 1[0m _identify(install) by extensions ['ignore', 'ignore_ament_install']
[0.544s] [34mcolcon.colcon_core.package_identification[0m [1;30mLevel 1[0m _identify(install) by extension 'ignore'
[0.544s] [34mcolcon.colcon_core.package_identification[0m [1;30mLevel 1[0m _identify(install) ignored
[0.544s] [34mcolcon.colcon_core.package_identification[0m [1;30mLevel 1[0m _identify(log) by extensions ['ignore', 'ignore_ament_install']
[0.544s] [34mcolcon.colcon_core.package_identification[0m [1;30mLevel 1[0m _identify(log) by extension 'ignore'
[0.544s] [34mcolcon.colcon_core.package_identification[0m [1;30mLevel 1[0m _identify(log) ignored
[0.544s] [34mcolcon.colcon_core.package_identification[0m [1;30mLevel 1[0m _identify(src) by extensions ['ignore', 'ignore_ament_install']
[0.545s] [34mcolcon.colcon_core.package_identification[0m [1;30mLevel 1[0m _identify(src) by extension 'ignore'
[0.545s] [34mcolcon.colcon_core.package_identification[0m [1;30mLevel 1[0m _identify(src) by extension 'ignore_ament_install'
[0.545s] [34mcolcon.colcon_core.package_identification[0m [1;30mLevel 1[0m _identify(src) by extensions ['colcon_pkg']
[0.545s] [34mcolcon.colcon_core.package_identification[0m [1;30mLevel 1[0m _identify(src) by extension 'colcon_pkg'
[0.545s] [34mcolcon.colcon_core.package_identification[0m [1;30mLevel 1[0m _identify(src) by extensions ['colcon_meta']
[0.545s] [34mcolcon.colcon_core.package_identification[0m [1;30mLevel 1[0m _identify(src) by extension 'colcon_meta'
[0.545s] [34mcolcon.colcon_core.package_identification[0m [1;30mLevel 1[0m _identify(src) by extensions ['ros']
[0.545s] [34mcolcon.colcon_core.package_identification[0m [1;30mLevel 1[0m _identify(src) by extension 'ros'
[0.545s] [34mcolcon.colcon_core.package_identification[0m [1;30mLevel 1[0m _identify(src) by extensions ['cmake', 'python']
[0.545s] [34mcolcon.colcon_core.package_identification[0m [1;30mLevel 1[0m _identify(src) by extension 'cmake'
[0.545s] [34mcolcon.colcon_core.package_identification[0m [1;30mLevel 1[0m _identify(src) by extension 'python'
[0.545s] [34mcolcon.colcon_core.package_identification[0m [1;30mLevel 1[0m _identify(src) by extensions ['python_setup_py']
[0.545s] [34mcolcon.colcon_core.package_identification[0m [1;30mLevel 1[0m _identify(src) by extension 'python_setup_py'
[0.545s] [34mcolcon.colcon_core.package_identification[0m [1;30mLevel 1[0m _identify(src/build) by extensions ['ignore', 'ignore_ament_install']
[0.546s] [34mcolcon.colcon_core.package_identification[0m [1;30mLevel 1[0m _identify(src/build) by extension 'ignore'
[0.546s] [34mcolcon.colcon_core.package_identification[0m [1;30mLevel 1[0m _identify(src/build) ignored
[0.546s] [34mcolcon.colcon_core.package_identification[0m [1;30mLevel 1[0m _identify(src/install) by extensions ['ignore', 'ignore_ament_install']
[0.546s] [34mcolcon.colcon_core.package_identification[0m [1;30mLevel 1[0m _identify(src/install) by extension 'ignore'
[0.546s] [34mcolcon.colcon_core.package_identification[0m [1;30mLevel 1[0m _identify(src/install) ignored
[0.546s] [34mcolcon.colcon_core.package_identification[0m [1;30mLevel 1[0m _identify(src/lidar_bridge) by extensions ['ignore', 'ignore_ament_install']
[0.546s] [34mcolcon.colcon_core.package_identification[0m [1;30mLevel 1[0m _identify(src/lidar_bridge) by extension 'ignore'
[0.546s] [34mcolcon.colcon_core.package_identification[0m [1;30mLevel 1[0m _identify(src/lidar_bridge) by extension 'ignore_ament_install'
[0.546s] [34mcolcon.colcon_core.package_identification[0m [1;30mLevel 1[0m _identify(src/lidar_bridge) by extensions ['colcon_pkg']
[0.546s] [34mcolcon.colcon_core.package_identification[0m [1;30mLevel 1[0m _identify(src/lidar_bridge) by extension 'colcon_pkg'
[0.546s] [34mcolcon.colcon_core.package_identification[0m [1;30mLevel 1[0m _identify(src/lidar_bridge) by extensions ['colcon_meta']
[0.546s] [34mcolcon.colcon_core.package_identification[0m [1;30mLevel 1[0m _identify(src/lidar_bridge) by extension 'colcon_meta'
[0.546s] [34mcolcon.colcon_core.package_identification[0m [1;30mLevel 1[0m _identify(src/lidar_bridge) by extensions ['ros']
[0.547s] [34mcolcon.colcon_core.package_identification[0m [1;30mLevel 1[0m _identify(src/lidar_bridge) by extension 'ros'
[0.551s] [34mcolcon.colcon_core.package_identification[0m [1;30mDEBUG[0m [32mPackage 'src/lidar_bridge' with type 'ros.ament_cmake' and name 'lidar_bridge'[0m
[0.551s] [34mcolcon.colcon_core.package_identification[0m [1;30mLevel 1[0m _identify(src/log) by extensions ['ignore', 'ignore_ament_install']
[0.551s] [34mcolcon.colcon_core.package_identification[0m [1;30mLevel 1[0m _identify(src/log) by extension 'ignore'
[0.551s] [34mcolcon.colcon_core.package_identification[0m [1;30mLevel 1[0m _identify(src/log) ignored
[0.551s] [34mcolcon.colcon_core.package_identification[0m [1;30mLevel 1[0m _identify(src/odom_bridge) by extensions ['ignore', 'ignore_ament_install']
[0.551s] [34mcolcon.colcon_core.package_identification[0m [1;30mLevel 1[0m _identify(src/odom_bridge) by extension 'ignore'
[0.551s] [34mcolcon.colcon_core.package_identification[0m [1;30mLevel 1[0m _identify(src/odom_bridge) by extension 'ignore_ament_install'
[0.551s] [34mcolcon.colcon_core.package_identification[0m [1;30mLevel 1[0m _identify(src/odom_bridge) by extensions ['colcon_pkg']
[0.551s] [34mcolcon.colcon_core.package_identification[0m [1;30mLevel 1[0m _identify(src/odom_bridge) by extension 'colcon_pkg'
[0.552s] [34mcolcon.colcon_core.package_identification[0m [1;30mLevel 1[0m _identify(src/odom_bridge) by extensions ['colcon_meta']
[0.552s] [34mcolcon.colcon_core.package_identification[0m [1;30mLevel 1[0m _identify(src/odom_bridge) by extension 'colcon_meta'
[0.552s] [34mcolcon.colcon_core.package_identification[0m [1;30mLevel 1[0m _identify(src/odom_bridge) by extensions ['ros']
[0.552s] [34mcolcon.colcon_core.package_identification[0m [1;30mLevel 1[0m _identify(src/odom_bridge) by extension 'ros'
[0.554s] [34mcolcon.colcon_core.package_identification[0m [1;30mDEBUG[0m [32mPackage 'src/odom_bridge' with type 'ros.ament_cmake' and name 'odom_bridge'[0m
[0.554s] [34mcolcon.colcon_core.package_identification[0m [1;30mLevel 1[0m _identify(src/odom_tester) by extensions ['ignore', 'ignore_ament_install']
[0.554s] [34mcolcon.colcon_core.package_identification[0m [1;30mLevel 1[0m _identify(src/odom_tester) by extension 'ignore'
[0.554s] [34mcolcon.colcon_core.package_identification[0m [1;30mLevel 1[0m _identify(src/odom_tester) by extension 'ignore_ament_install'
[0.554s] [34mcolcon.colcon_core.package_identification[0m [1;30mLevel 1[0m _identify(src/odom_tester) by extensions ['colcon_pkg']
[0.554s] [34mcolcon.colcon_core.package_identification[0m [1;30mLevel 1[0m _identify(src/odom_tester) by extension 'colcon_pkg'
[0.554s] [34mcolcon.colcon_core.package_identification[0m [1;30mLevel 1[0m _identify(src/odom_tester) by extensions ['colcon_meta']
[0.554s] [34mcolcon.colcon_core.package_identification[0m [1;30mLevel 1[0m _identify(src/odom_tester) by extension 'colcon_meta'
[0.554s] [34mcolcon.colcon_core.package_identification[0m [1;30mLevel 1[0m _identify(src/odom_tester) by extensions ['ros']
[0.554s] [34mcolcon.colcon_core.package_identification[0m [1;30mLevel 1[0m _identify(src/odom_tester) by extension 'ros'
[0.555s] [34mcolcon.colcon_core.package_identification[0m [1;30mDEBUG[0m [32mPackage 'src/odom_tester' with type 'ros.ament_cmake' and name 'odom_tester'[0m
[0.555s] [34mcolcon.colcon_core.package_identification[0m [1;30mLevel 1[0m _identify(src/qos_relay) by extensions ['ignore', 'ignore_ament_install']
[0.555s] [34mcolcon.colcon_core.package_identification[0m [1;30mLevel 1[0m _identify(src/qos_relay) by extension 'ignore'
[0.555s] [34mcolcon.colcon_core.package_identification[0m [1;30mLevel 1[0m _identify(src/qos_relay) by extension 'ignore_ament_install'
[0.556s] [34mcolcon.colcon_core.package_identification[0m [1;30mLevel 1[0m _identify(src/qos_relay) by extensions ['colcon_pkg']
[0.556s] [34mcolcon.colcon_core.package_identification[0m [1;30mLevel 1[0m _identify(src/qos_relay) by extension 'colcon_pkg'
[0.556s] [34mcolcon.colcon_core.package_identification[0m [1;30mLevel 1[0m _identify(src/qos_relay) by extensions ['colcon_meta']
[0.556s] [34mcolcon.colcon_core.package_identification[0m [1;30mLevel 1[0m _identify(src/qos_relay) by extension 'colcon_meta'
[0.556s] [34mcolcon.colcon_core.package_identification[0m [1;30mLevel 1[0m _identify(src/qos_relay) by extensions ['ros']
[0.556s] [34mcolcon.colcon_core.package_identification[0m [1;30mLevel 1[0m _identify(src/qos_relay) by extension 'ros'
[0.556s] [34mcolcon.colcon_core.package_identification[0m [1;30mDEBUG[0m [32mPackage 'src/qos_relay' with type 'ros.ament_python' and name 'qos_relay'[0m
[0.557s] [34mcolcon.colcon_core.package_identification[0m [1;30mLevel 1[0m _identify(src/utlidar_launcher) by extensions ['ignore', 'ignore_ament_install']
[0.557s] [34mcolcon.colcon_core.package_identification[0m [1;30mLevel 1[0m _identify(src/utlidar_launcher) by extension 'ignore'
[0.557s] [34mcolcon.colcon_core.package_identification[0m [1;30mLevel 1[0m _identify(src/utlidar_launcher) by extension 'ignore_ament_install'
[0.557s] [34mcolcon.colcon_core.package_identification[0m [1;30mLevel 1[0m _identify(src/utlidar_launcher) by extensions ['colcon_pkg']
[0.557s] [34mcolcon.colcon_core.package_identification[0m [1;30mLevel 1[0m _identify(src/utlidar_launcher) by extension 'colcon_pkg'
[0.557s] [34mcolcon.colcon_core.package_identification[0m [1;30mLevel 1[0m _identify(src/utlidar_launcher) by extensions ['colcon_meta']
[0.557s] [34mcolcon.colcon_core.package_identification[0m [1;30mLevel 1[0m _identify(src/utlidar_launcher) by extension 'colcon_meta'
[0.557s] [34mcolcon.colcon_core.package_identification[0m [1;30mLevel 1[0m _identify(src/utlidar_launcher) by extensions ['ros']
[0.557s] [34mcolcon.colcon_core.package_identification[0m [1;30mLevel 1[0m _identify(src/utlidar_launcher) by extension 'ros'
[0.558s] [34mcolcon.colcon_core.package_identification[0m [1;30mDEBUG[0m [32mPackage 'src/utlidar_launcher' with type 'ros.ament_cmake' and name 'utlidar_launcher'[0m
[0.558s] [34mcolcon.colcon_core.package_discovery[0m [1;30mLevel 1[0m discover_packages(recursive) using defaults
[0.558s] [34mcolcon.colcon_core.package_discovery[0m [1;30mLevel 1[0m discover_packages(ignore) discover
[0.558s] [34mcolcon.colcon_core.package_discovery[0m [1;30mLevel 1[0m discover_packages(ignore) using defaults
[0.558s] [34mcolcon.colcon_core.package_discovery[0m [1;30mLevel 1[0m discover_packages(path) discover
[0.558s] [34mcolcon.colcon_core.package_discovery[0m [1;30mLevel 1[0m discover_packages(path) using defaults
[0.585s] [34mcolcon.colcon_core.package_discovery[0m [1;30mLevel 1[0m discover_packages(prefix_path) check parameters
[0.585s] [34mcolcon.colcon_core.package_discovery[0m [1;30mLevel 1[0m discover_packages(prefix_path) discover
[0.587s] [34mcolcon.colcon_ros.prefix_path.ament[0m [1;30mWARNING[0m [33mThe path '/home/arpan/unitree2/unitree_sdk2/utlidar_slam/install/odom_tester' in the environment variable AMENT_PREFIX_PATH doesn't exist[0m
[0.587s] [34mcolcon.colcon_ros.prefix_path.ament[0m [1;30mWARNING[0m [33mThe path '/home/arpan/unitree2/unitree_sdk2/utlidar_slam/install/lidar_bridge' in the environment variable AMENT_PREFIX_PATH doesn't exist[0m
[0.588s] [34mcolcon.colcon_ros.prefix_path.catkin[0m [1;30mWARNING[0m [33mThe path '/home/arpan/unitree2/unitree_sdk2/utlidar_slam/install/odom_tester' in the environment variable CMAKE_PREFIX_PATH doesn't exist[0m
[0.589s] [34mcolcon.colcon_ros.prefix_path.catkin[0m [1;30mWARNING[0m [33mThe path '/home/arpan/unitree2/unitree_sdk2/utlidar_slam/install/lidar_bridge' in the environment variable CMAKE_PREFIX_PATH doesn't exist[0m
[0.590s] [34mcolcon.colcon_installed_package_information.package_discovery[0m [1;30mDEBUG[0m [32mFound 2 installed packages in /home/arpan/unitree2/mid360_slam_ws/install[0m
[0.591s] [34mcolcon.colcon_installed_package_information.package_discovery[0m [1;30mDEBUG[0m [32mFound 2 installed packages in /home/arpan/unitree2/fast-lio-ws/install[0m
[0.592s] [34mcolcon.colcon_installed_package_information.package_discovery[0m [1;30mDEBUG[0m [32mFound 12 installed packages in /home/arpan/turtlebot3_ws/install[0m
[0.592s] [34mcolcon.colcon_installed_package_information.package_discovery[0m [1;30mDEBUG[0m [32mFound 1 installed packages in /home/arpan/unitree2/ws_livox/install[0m
[0.593s] [34mcolcon.colcon_installed_package_information.package_discovery[0m [1;30mDEBUG[0m [32mFound 3 installed packages in /home/arpan/unitree2/unitree_sdk2/utlidar_slam/install[0m
[0.595s] [34mcolcon.colcon_installed_package_information.package_discovery[0m [1;30mDEBUG[0m [32mFound 368 installed packages in /opt/ros/humble[0m
[0.598s] [34mcolcon.colcon_core.package_discovery[0m [1;30mLevel 1[0m discover_packages(prefix_path) using defaults
[0.657s] [34mcolcon.colcon_core.verb[0m [1;30mLevel 5[0m set package 'lidar_bridge' build argument 'cmake_args' from command line to 'None'
[0.657s] [34mcolcon.colcon_core.verb[0m [1;30mLevel 5[0m set package 'lidar_bridge' build argument 'cmake_target' from command line to 'None'
[0.657s] [34mcolcon.colcon_core.verb[0m [1;30mLevel 5[0m set package 'lidar_bridge' build argument 'cmake_target_skip_unavailable' from command line to 'False'
[0.657s] [34mcolcon.colcon_core.verb[0m [1;30mLevel 5[0m set package 'lidar_bridge' build argument 'cmake_clean_cache' from command line to 'False'
[0.657s] [34mcolcon.colcon_core.verb[0m [1;30mLevel 5[0m set package 'lidar_bridge' build argument 'cmake_clean_first' from command line to 'False'
[0.657s] [34mcolcon.colcon_core.verb[0m [1;30mLevel 5[0m set package 'lidar_bridge' build argument 'cmake_force_configure' from command line to 'False'
[0.657s] [34mcolcon.colcon_core.verb[0m [1;30mLevel 5[0m set package 'lidar_bridge' build argument 'ament_cmake_args' from command line to 'None'
[0.657s] [34mcolcon.colcon_core.verb[0m [1;30mLevel 5[0m set package 'lidar_bridge' build argument 'catkin_cmake_args' from command line to 'None'
[0.657s] [34mcolcon.colcon_core.verb[0m [1;30mLevel 5[0m set package 'lidar_bridge' build argument 'catkin_skip_building_tests' from command line to 'False'
[0.657s] [34mcolcon.colcon_core.verb[0m [1;30mDEBUG[0m [32mBuilding package 'lidar_bridge' with the following arguments: {'ament_cmake_args': None, 'build_base': '/home/arpan/unitree2/unitree_sdk2/utlidar_slam/build/lidar_bridge', 'catkin_cmake_args': None, 'catkin_skip_building_tests': False, 'cmake_args': None, 'cmake_clean_cache': False, 'cmake_clean_first': False, 'cmake_force_configure': False, 'cmake_target': None, 'cmake_target_skip_unavailable': False, 'install_base': '/home/arpan/unitree2/unitree_sdk2/utlidar_slam/install/lidar_bridge', 'merge_install': False, 'path': '/home/arpan/unitree2/unitree_sdk2/utlidar_slam/src/lidar_bridge', 'symlink_install': False, 'test_result_base': None}[0m
[0.658s] [34mcolcon.colcon_core.verb[0m [1;30mLevel 5[0m set package 'odom_bridge' build argument 'cmake_args' from command line to 'None'
[0.658s] [34mcolcon.colcon_core.verb[0m [1;30mLevel 5[0m set package 'odom_bridge' build argument 'cmake_target' from command line to 'None'
[0.658s] [34mcolcon.colcon_core.verb[0m [1;30mLevel 5[0m set package 'odom_bridge' build argument 'cmake_target_skip_unavailable' from command line to 'False'
[0.658s] [34mcolcon.colcon_core.verb[0m [1;30mLevel 5[0m set package 'odom_bridge' build argument 'cmake_clean_cache' from command line to 'False'
[0.658s] [34mcolcon.colcon_core.verb[0m [1;30mLevel 5[0m set package 'odom_bridge' build argument 'cmake_clean_first' from command line to 'False'
[0.658s] [34mcolcon.colcon_core.verb[0m [1;30mLevel 5[0m set package 'odom_bridge' build argument 'cmake_force_configure' from command line to 'False'
[0.658s] [34mcolcon.colcon_core.verb[0m [1;30mLevel 5[0m set package 'odom_bridge' build argument 'ament_cmake_args' from command line to 'None'
[0.658s] [34mcolcon.colcon_core.verb[0m [1;30mLevel 5[0m set package 'odom_bridge' build argument 'catkin_cmake_args' from command line to 'None'
[0.658s] [34mcolcon.colcon_core.verb[0m [1;30mLevel 5[0m set package 'odom_bridge' build argument 'catkin_skip_building_tests' from command line to 'False'
[0.658s] [34mcolcon.colcon_core.verb[0m [1;30mDEBUG[0m [32mBuilding package 'odom_bridge' with the following arguments: {'ament_cmake_args': None, 'build_base': '/home/arpan/unitree2/unitree_sdk2/utlidar_slam/build/odom_bridge', 'catkin_cmake_args': None, 'catkin_skip_building_tests': False, 'cmake_args': None, 'cmake_clean_cache': False, 'cmake_clean_first': False, 'cmake_force_configure': False, 'cmake_target': None, 'cmake_target_skip_unavailable': False, 'install_base': '/home/arpan/unitree2/unitree_sdk2/utlidar_slam/install/odom_bridge', 'merge_install': False, 'path': '/home/arpan/unitree2/unitree_sdk2/utlidar_slam/src/odom_bridge', 'symlink_install': False, 'test_result_base': None}[0m
[0.659s] [34mcolcon.colcon_core.verb[0m [1;30mLevel 5[0m set package 'odom_tester' build argument 'cmake_args' from command line to 'None'
[0.659s] [34mcolcon.colcon_core.verb[0m [1;30mLevel 5[0m set package 'odom_tester' build argument 'cmake_target' from command line to 'None'
[0.659s] [34mcolcon.colcon_core.verb[0m [1;30mLevel 5[0m set package 'odom_tester' build argument 'cmake_target_skip_unavailable' from command line to 'False'
[0.659s] [34mcolcon.colcon_core.verb[0m [1;30mLevel 5[0m set package 'odom_tester' build argument 'cmake_clean_cache' from command line to 'False'
[0.659s] [34mcolcon.colcon_core.verb[0m [1;30mLevel 5[0m set package 'odom_tester' build argument 'cmake_clean_first' from command line to 'False'
[0.659s] [34mcolcon.colcon_core.verb[0m [1;30mLevel 5[0m set package 'odom_tester' build argument 'cmake_force_configure' from command line to 'False'
[0.659s] [34mcolcon.colcon_core.verb[0m [1;30mLevel 5[0m set package 'odom_tester' build argument 'ament_cmake_args' from command line to 'None'
[0.659s] [34mcolcon.colcon_core.verb[0m [1;30mLevel 5[0m set package 'odom_tester' build argument 'catkin_cmake_args' from command line to 'None'
[0.659s] [34mcolcon.colcon_core.verb[0m [1;30mLevel 5[0m set package 'odom_tester' build argument 'catkin_skip_building_tests' from command line to 'False'
[0.659s] [34mcolcon.colcon_core.verb[0m [1;30mDEBUG[0m [32mBuilding package 'odom_tester' with the following arguments: {'ament_cmake_args': None, 'build_base': '/home/arpan/unitree2/unitree_sdk2/utlidar_slam/build/odom_tester', 'catkin_cmake_args': None, 'catkin_skip_building_tests': False, 'cmake_args': None, 'cmake_clean_cache': False, 'cmake_clean_first': False, 'cmake_force_configure': False, 'cmake_target': None, 'cmake_target_skip_unavailable': False, 'install_base': '/home/arpan/unitree2/unitree_sdk2/utlidar_slam/install/odom_tester', 'merge_install': False, 'path': '/home/arpan/unitree2/unitree_sdk2/utlidar_slam/src/odom_tester', 'symlink_install': False, 'test_result_base': None}[0m
[0.660s] [34mcolcon.colcon_core.verb[0m [1;30mLevel 5[0m set package 'qos_relay' build argument 'cmake_args' from command line to 'None'
[0.660s] [34mcolcon.colcon_core.verb[0m [1;30mLevel 5[0m set package 'qos_relay' build argument 'cmake_target' from command line to 'None'
[0.660s] [34mcolcon.colcon_core.verb[0m [1;30mLevel 5[0m set package 'qos_relay' build argument 'cmake_target_skip_unavailable' from command line to 'False'
[0.660s] [34mcolcon.colcon_core.verb[0m [1;30mLevel 5[0m set package 'qos_relay' build argument 'cmake_clean_cache' from command line to 'False'
[0.660s] [34mcolcon.colcon_core.verb[0m [1;30mLevel 5[0m set package 'qos_relay' build argument 'cmake_clean_first' from command line to 'False'
[0.660s] [34mcolcon.colcon_core.verb[0m [1;30mLevel 5[0m set package 'qos_relay' build argument 'cmake_force_configure' from command line to 'False'
[0.660s] [34mcolcon.colcon_core.verb[0m [1;30mLevel 5[0m set package 'qos_relay' build argument 'ament_cmake_args' from command line to 'None'
[0.660s] [34mcolcon.colcon_core.verb[0m [1;30mLevel 5[0m set package 'qos_relay' build argument 'catkin_cmake_args' from command line to 'None'
[0.660s] [34mcolcon.colcon_core.verb[0m [1;30mLevel 5[0m set package 'qos_relay' build argument 'catkin_skip_building_tests' from command line to 'False'
[0.660s] [34mcolcon.colcon_core.verb[0m [1;30mDEBUG[0m [32mBuilding package 'qos_relay' with the following arguments: {'ament_cmake_args': None, 'build_base': '/home/arpan/unitree2/unitree_sdk2/utlidar_slam/build/qos_relay', 'catkin_cmake_args': None, 'catkin_skip_building_tests': False, 'cmake_args': None, 'cmake_clean_cache': False, 'cmake_clean_first': False, 'cmake_force_configure': False, 'cmake_target': None, 'cmake_target_skip_unavailable': False, 'install_base': '/home/arpan/unitree2/unitree_sdk2/utlidar_slam/install/qos_relay', 'merge_install': False, 'path': '/home/arpan/unitree2/unitree_sdk2/utlidar_slam/src/qos_relay', 'symlink_install': False, 'test_result_base': None}[0m
[0.660s] [34mcolcon.colcon_core.verb[0m [1;30mLevel 5[0m set package 'utlidar_launcher' build argument 'cmake_args' from command line to 'None'
[0.661s] [34mcolcon.colcon_core.verb[0m [1;30mLevel 5[0m set package 'utlidar_launcher' build argument 'cmake_target' from command line to 'None'
[0.661s] [34mcolcon.colcon_core.verb[0m [1;30mLevel 5[0m set package 'utlidar_launcher' build argument 'cmake_target_skip_unavailable' from command line to 'False'
[0.661s] [34mcolcon.colcon_core.verb[0m [1;30mLevel 5[0m set package 'utlidar_launcher' build argument 'cmake_clean_cache' from command line to 'False'
[0.661s] [34mcolcon.colcon_core.verb[0m [1;30mLevel 5[0m set package 'utlidar_launcher' build argument 'cmake_clean_first' from command line to 'False'
[0.661s] [34mcolcon.colcon_core.verb[0m [1;30mLevel 5[0m set package 'utlidar_launcher' build argument 'cmake_force_configure' from command line to 'False'
[0.661s] [34mcolcon.colcon_core.verb[0m [1;30mLevel 5[0m set package 'utlidar_launcher' build argument 'ament_cmake_args' from command line to 'None'
[0.661s] [34mcolcon.colcon_core.verb[0m [1;30mLevel 5[0m set package 'utlidar_launcher' build argument 'catkin_cmake_args' from command line to 'None'
[0.661s] [34mcolcon.colcon_core.verb[0m [1;30mLevel 5[0m set package 'utlidar_launcher' build argument 'catkin_skip_building_tests' from command line to 'False'
[0.661s] [34mcolcon.colcon_core.verb[0m [1;30mDEBUG[0m [32mBuilding package 'utlidar_launcher' with the following arguments: {'ament_cmake_args': None, 'build_base': '/home/arpan/unitree2/unitree_sdk2/utlidar_slam/build/utlidar_launcher', 'catkin_cmake_args': None, 'catkin_skip_building_tests': False, 'cmake_args': None, 'cmake_clean_cache': False, 'cmake_clean_first': False, 'cmake_force_configure': False, 'cmake_target': None, 'cmake_target_skip_unavailable': False, 'install_base': '/home/arpan/unitree2/unitree_sdk2/utlidar_slam/install/utlidar_launcher', 'merge_install': False, 'path': '/home/arpan/unitree2/unitree_sdk2/utlidar_slam/src/utlidar_launcher', 'symlink_install': False, 'test_result_base': None}[0m
[0.661s] [34mcolcon.colcon_core.executor[0m [1;30mINFO[0m Executing jobs using 'parallel' executor
[0.662s] [34mcolcon.colcon_parallel_executor.executor.parallel[0m [1;30mDEBUG[0m [32mrun_until_complete[0m
[0.663s] [34mcolcon.colcon_ros.task.ament_cmake.build[0m [1;30mINFO[0m Building ROS package in '/home/arpan/unitree2/unitree_sdk2/utlidar_slam/src/lidar_bridge' with build type 'ament_cmake'
[0.663s] [34mcolcon.colcon_cmake.task.cmake.build[0m [1;30mINFO[0m Building CMake package in '/home/arpan/unitree2/unitree_sdk2/utlidar_slam/src/lidar_bridge'
[0.669s] [34mcolcon.colcon_core.plugin_system[0m [1;30mINFO[0m Skipping extension 'colcon_core.shell.bat': Not used on non-Windows systems
[0.670s] [34mcolcon.colcon_core.shell[0m [1;30mINFO[0m Skip shell extension 'powershell' for command environment: Not usable outside of PowerShell
[0.670s] [34mcolcon.colcon_core.shell[0m [1;30mDEBUG[0m [32mSkip shell extension 'dsv' for command environment[0m
[0.678s] [34mcolcon.colcon_ros.task.ament_cmake.build[0m [1;30mINFO[0m Building ROS package in '/home/arpan/unitree2/unitree_sdk2/utlidar_slam/src/odom_bridge' with build type 'ament_cmake'
[0.678s] [34mcolcon.colcon_cmake.task.cmake.build[0m [1;30mINFO[0m Building CMake package in '/home/arpan/unitree2/unitree_sdk2/utlidar_slam/src/odom_bridge'
[0.678s] [34mcolcon.colcon_core.shell[0m [1;30mINFO[0m Skip shell extension 'powershell' for command environment: Not usable outside of PowerShell
[0.678s] [34mcolcon.colcon_core.shell[0m [1;30mDEBUG[0m [32mSkip shell extension 'dsv' for command environment[0m
[0.686s] [34mcolcon.colcon_ros.task.ament_cmake.build[0m [1;30mINFO[0m Building ROS package in '/home/arpan/unitree2/unitree_sdk2/utlidar_slam/src/odom_tester' with build type 'ament_cmake'
[0.686s] [34mcolcon.colcon_cmake.task.cmake.build[0m [1;30mINFO[0m Building CMake package in '/home/arpan/unitree2/unitree_sdk2/utlidar_slam/src/odom_tester'
[0.686s] [34mcolcon.colcon_core.shell[0m [1;30mINFO[0m Skip shell extension 'powershell' for command environment: Not usable outside of PowerShell
[0.686s] [34mcolcon.colcon_core.shell[0m [1;30mDEBUG[0m [32mSkip shell extension 'dsv' for command environment[0m
[0.694s] [34mcolcon.colcon_ros.task.ament_python.build[0m [1;30mINFO[0m Building ROS package in '/home/arpan/unitree2/unitree_sdk2/utlidar_slam/src/qos_relay' with build type 'ament_python'
[0.694s] [34mcolcon.colcon_core.shell[0m [1;30mLevel 1[0m create_environment_hook('qos_relay', 'ament_prefix_path')
[0.694s] [34mcolcon.colcon_core.shell[0m [1;30mINFO[0m Creating environment hook '/home/arpan/unitree2/unitree_sdk2/utlidar_slam/install/qos_relay/share/qos_relay/hook/ament_prefix_path.ps1'
[0.695s] [34mcolcon.colcon_core.shell[0m [1;30mINFO[0m Creating environment descriptor '/home/arpan/unitree2/unitree_sdk2/utlidar_slam/install/qos_relay/share/qos_relay/hook/ament_prefix_path.dsv'
[0.696s] [34mcolcon.colcon_core.shell[0m [1;30mINFO[0m Creating environment hook '/home/arpan/unitree2/unitree_sdk2/utlidar_slam/install/qos_relay/share/qos_relay/hook/ament_prefix_path.sh'
[0.697s] [34mcolcon.colcon_core.shell[0m [1;30mINFO[0m Skip shell extension 'powershell' for command environment: Not usable outside of PowerShell
[0.697s] [34mcolcon.colcon_core.shell[0m [1;30mDEBUG[0m [32mSkip shell extension 'dsv' for command environment[0m
[0.704s] [34mcolcon.colcon_ros.task.ament_cmake.build[0m [1;30mINFO[0m Building ROS package in '/home/arpan/unitree2/unitree_sdk2/utlidar_slam/src/utlidar_launcher' with build type 'ament_cmake'
[0.705s] [34mcolcon.colcon_cmake.task.cmake.build[0m [1;30mINFO[0m Building CMake package in '/home/arpan/unitree2/unitree_sdk2/utlidar_slam/src/utlidar_launcher'
[0.705s] [34mcolcon.colcon_core.shell[0m [1;30mINFO[0m Skip shell extension 'powershell' for command environment: Not usable outside of PowerShell
[0.705s] [34mcolcon.colcon_core.shell[0m [1;30mDEBUG[0m [32mSkip shell extension 'dsv' for command environment[0m
[0.720s] [34mcolcon.colcon_core.event_handler.log_command[0m [1;30mDEBUG[0m [32mInvoking command in '/home/arpan/unitree2/unitree_sdk2/utlidar_slam/build/lidar_bridge': CMAKE_PREFIX_PATH=${CMAKE_PREFIX_PATH}:/home/arpan/unitree2/unitree_sdk2/utlidar_slam/install/qos_relay:/home/arpan/unitree2/mid360_slam_ws/install/scan_qos_relay:/home/arpan/unitree2/mid360_slam_ws/install/mid360_slam:/home/arpan/unitree2/fast-lio-ws/install/go2_nav_helper:/home/arpan/turtlebot3_ws/install/turtlebot3_teleop:/home/arpan/turtlebot3_ws/install/turtlebot3_example:/opt/ros/humble /usr/bin/cmake --build /home/arpan/unitree2/unitree_sdk2/utlidar_slam/build/lidar_bridge -- -j12 -l12[0m
[0.724s] [34mcolcon.colcon_core.event_handler.log_command[0m [1;30mDEBUG[0m [32mInvoking command in '/home/arpan/unitree2/unitree_sdk2/utlidar_slam/build/odom_bridge': CMAKE_PREFIX_PATH=${CMAKE_PREFIX_PATH}:/home/arpan/unitree2/unitree_sdk2/utlidar_slam/install/qos_relay:/home/arpan/unitree2/mid360_slam_ws/install/scan_qos_relay:/home/arpan/unitree2/mid360_slam_ws/install/mid360_slam:/home/arpan/unitree2/fast-lio-ws/install/go2_nav_helper:/home/arpan/turtlebot3_ws/install/turtlebot3_teleop:/home/arpan/turtlebot3_ws/install/turtlebot3_example:/opt/ros/humble /usr/bin/cmake --build /home/arpan/unitree2/unitree_sdk2/utlidar_slam/build/odom_bridge -- -j12 -l12[0m
[0.729s] [34mcolcon.colcon_core.event_handler.log_command[0m [1;30mDEBUG[0m [32mInvoking command in '/home/arpan/unitree2/unitree_sdk2/utlidar_slam/build/odom_tester': CMAKE_PREFIX_PATH=${CMAKE_PREFIX_PATH}:/home/arpan/unitree2/unitree_sdk2/utlidar_slam/install/qos_relay:/home/arpan/unitree2/mid360_slam_ws/install/scan_qos_relay:/home/arpan/unitree2/mid360_slam_ws/install/mid360_slam:/home/arpan/unitree2/fast-lio-ws/install/go2_nav_helper:/home/arpan/turtlebot3_ws/install/turtlebot3_teleop:/home/arpan/turtlebot3_ws/install/turtlebot3_example:/opt/ros/humble /usr/bin/cmake --build /home/arpan/unitree2/unitree_sdk2/utlidar_slam/build/odom_tester -- -j12 -l12[0m
[1.141s] [34mcolcon.colcon_core.task.python.build[0m [1;30mINFO[0m Building Python package in '/home/arpan/unitree2/unitree_sdk2/utlidar_slam/src/qos_relay'
[1.141s] [34mcolcon.colcon_core.shell[0m [1;30mINFO[0m Skip shell extension 'powershell' for command environment: Not usable outside of PowerShell
[1.142s] [34mcolcon.colcon_core.shell[0m [1;30mDEBUG[0m [32mSkip shell extension 'dsv' for command environment[0m
[1.166s] [34mcolcon.colcon_core.event_handler.log_command[0m [1;30mDEBUG[0m [32mInvoking command in '/home/arpan/unitree2/unitree_sdk2/utlidar_slam/build/utlidar_launcher': CMAKE_PREFIX_PATH=${CMAKE_PREFIX_PATH}:/home/arpan/unitree2/unitree_sdk2/utlidar_slam/install/qos_relay:/home/arpan/unitree2/mid360_slam_ws/install/scan_qos_relay:/home/arpan/unitree2/mid360_slam_ws/install/mid360_slam:/home/arpan/unitree2/fast-lio-ws/install/go2_nav_helper:/home/arpan/turtlebot3_ws/install/turtlebot3_teleop:/home/arpan/turtlebot3_ws/install/turtlebot3_example:/opt/ros/humble /usr/bin/cmake --build /home/arpan/unitree2/unitree_sdk2/utlidar_slam/build/utlidar_launcher -- -j12 -l12[0m
[1.223s] [34mcolcon.colcon_core.event_handler.log_command[0m [1;30mDEBUG[0m [32mInvoked command in '/home/arpan/unitree2/unitree_sdk2/utlidar_slam/build/utlidar_launcher' returned '0': CMAKE_PREFIX_PATH=${CMAKE_PREFIX_PATH}:/home/arpan/unitree2/unitree_sdk2/utlidar_slam/install/qos_relay:/home/arpan/unitree2/mid360_slam_ws/install/scan_qos_relay:/home/arpan/unitree2/mid360_slam_ws/install/mid360_slam:/home/arpan/unitree2/fast-lio-ws/install/go2_nav_helper:/home/arpan/turtlebot3_ws/install/turtlebot3_teleop:/home/arpan/turtlebot3_ws/install/turtlebot3_example:/opt/ros/humble /usr/bin/cmake --build /home/arpan/unitree2/unitree_sdk2/utlidar_slam/build/utlidar_launcher -- -j12 -l12[0m
[1.240s] [34mcolcon.colcon_core.event_handler.log_command[0m [1;30mDEBUG[0m [32mInvoking command in '/home/arpan/unitree2/unitree_sdk2/utlidar_slam/build/utlidar_launcher': CMAKE_PREFIX_PATH=${CMAKE_PREFIX_PATH}:/home/arpan/unitree2/unitree_sdk2/utlidar_slam/install/qos_relay:/home/arpan/unitree2/mid360_slam_ws/install/scan_qos_relay:/home/arpan/unitree2/mid360_slam_ws/install/mid360_slam:/home/arpan/unitree2/fast-lio-ws/install/go2_nav_helper:/home/arpan/turtlebot3_ws/install/turtlebot3_teleop:/home/arpan/turtlebot3_ws/install/turtlebot3_example:/opt/ros/humble /usr/bin/cmake --install /home/arpan/unitree2/unitree_sdk2/utlidar_slam/build/utlidar_launcher[0m
[1.255s] [34mcolcon.colcon_core.environment[0m [1;30mLevel 1[0m create_environment_scripts_only(utlidar_launcher)
[1.256s] [34mcolcon.colcon_core.event_handler.log_command[0m [1;30mDEBUG[0m [32mInvoked command in '/home/arpan/unitree2/unitree_sdk2/utlidar_slam/build/utlidar_launcher' returned '0': CMAKE_PREFIX_PATH=${CMAKE_PREFIX_PATH}:/home/arpan/unitree2/unitree_sdk2/utlidar_slam/install/qos_relay:/home/arpan/unitree2/mid360_slam_ws/install/scan_qos_relay:/home/arpan/unitree2/mid360_slam_ws/install/mid360_slam:/home/arpan/unitree2/fast-lio-ws/install/go2_nav_helper:/home/arpan/turtlebot3_ws/install/turtlebot3_teleop:/home/arpan/turtlebot3_ws/install/turtlebot3_example:/opt/ros/humble /usr/bin/cmake --install /home/arpan/unitree2/unitree_sdk2/utlidar_slam/build/utlidar_launcher[0m
[1.266s] [34mcolcon.colcon_core.environment[0m [1;30mLevel 1[0m checking '/home/arpan/unitree2/unitree_sdk2/utlidar_slam/install/utlidar_launcher' for CMake module files
[1.267s] [34mcolcon.colcon_core.environment[0m [1;30mLevel 1[0m checking '/home/arpan/unitree2/unitree_sdk2/utlidar_slam/install/utlidar_launcher' for CMake config files
[1.268s] [34mcolcon.colcon_core.shell[0m [1;30mLevel 1[0m create_environment_hook('utlidar_launcher', 'cmake_prefix_path')
[1.268s] [34mcolcon.colcon_core.shell[0m [1;30mINFO[0m Creating environment hook '/home/arpan/unitree2/unitree_sdk2/utlidar_slam/install/utlidar_launcher/share/utlidar_launcher/hook/cmake_prefix_path.ps1'
[1.269s] [34mcolcon.colcon_core.shell[0m [1;30mINFO[0m Creating environment descriptor '/home/arpan/unitree2/unitree_sdk2/utlidar_slam/install/utlidar_launcher/share/utlidar_launcher/hook/cmake_prefix_path.dsv'
[1.270s] [34mcolcon.colcon_core.shell[0m [1;30mINFO[0m Creating environment hook '/home/arpan/unitree2/unitree_sdk2/utlidar_slam/install/utlidar_launcher/share/utlidar_launcher/hook/cmake_prefix_path.sh'
[1.271s] [34mcolcon.colcon_core.environment[0m [1;30mLevel 1[0m checking '/home/arpan/unitree2/unitree_sdk2/utlidar_slam/install/utlidar_launcher/bin'
[1.271s] [34mcolcon.colcon_core.environment[0m [1;30mLevel 1[0m checking '/home/arpan/unitree2/unitree_sdk2/utlidar_slam/install/utlidar_launcher/lib/pkgconfig/utlidar_launcher.pc'
[1.272s] [34mcolcon.colcon_core.environment[0m [1;30mLevel 1[0m checking '/home/arpan/unitree2/unitree_sdk2/utlidar_slam/install/utlidar_launcher/lib/python3.10/site-packages'
[1.272s] [34mcolcon.colcon_core.environment[0m [1;30mLevel 1[0m checking '/home/arpan/unitree2/unitree_sdk2/utlidar_slam/install/utlidar_launcher/bin'
[1.273s] [34mcolcon.colcon_core.shell[0m [1;30mINFO[0m Creating package script '/home/arpan/unitree2/unitree_sdk2/utlidar_slam/install/utlidar_launcher/share/utlidar_launcher/package.ps1'
[1.275s] [34mcolcon.colcon_core.shell[0m [1;30mINFO[0m Creating package descriptor '/home/arpan/unitree2/unitree_sdk2/utlidar_slam/install/utlidar_launcher/share/utlidar_launcher/package.dsv'
[1.276s] [34mcolcon.colcon_core.shell[0m [1;30mINFO[0m Creating package script '/home/arpan/unitree2/unitree_sdk2/utlidar_slam/install/utlidar_launcher/share/utlidar_launcher/package.sh'
[1.277s] [34mcolcon.colcon_core.shell[0m [1;30mINFO[0m Creating package script '/home/arpan/unitree2/unitree_sdk2/utlidar_slam/install/utlidar_launcher/share/utlidar_launcher/package.bash'
[1.279s] [34mcolcon.colcon_core.shell[0m [1;30mINFO[0m Creating package script '/home/arpan/unitree2/unitree_sdk2/utlidar_slam/install/utlidar_launcher/share/utlidar_launcher/package.zsh'
[1.281s] [34mcolcon.colcon_core.environment[0m [1;30mLevel 1[0m create_file_with_runtime_dependencies(/home/arpan/unitree2/unitree_sdk2/utlidar_slam/install/utlidar_launcher/share/colcon-core/packages/utlidar_launcher)
[1.282s] [34mcolcon.colcon_core.environment[0m [1;30mLevel 1[0m create_environment_scripts_only(utlidar_launcher)
[1.282s] [34mcolcon.colcon_core.environment[0m [1;30mLevel 1[0m checking '/home/arpan/unitree2/unitree_sdk2/utlidar_slam/install/utlidar_launcher' for CMake module files
[1.283s] [34mcolcon.colcon_core.environment[0m [1;30mLevel 1[0m checking '/home/arpan/unitree2/unitree_sdk2/utlidar_slam/install/utlidar_launcher' for CMake config files
[1.284s] [34mcolcon.colcon_core.shell[0m [1;30mLevel 1[0m create_environment_hook('utlidar_launcher', 'cmake_prefix_path')
[1.285s] [34mcolcon.colcon_core.shell[0m [1;30mINFO[0m Creating environment hook '/home/arpan/unitree2/unitree_sdk2/utlidar_slam/install/utlidar_launcher/share/utlidar_launcher/hook/cmake_prefix_path.ps1'
[1.285s] [34mcolcon.colcon_core.shell[0m [1;30mINFO[0m Creating environment descriptor '/home/arpan/unitree2/unitree_sdk2/utlidar_slam/install/utlidar_launcher/share/utlidar_launcher/hook/cmake_prefix_path.dsv'
[1.286s] [34mcolcon.colcon_core.shell[0m [1;30mINFO[0m Creating environment hook '/home/arpan/unitree2/unitree_sdk2/utlidar_slam/install/utlidar_launcher/share/utlidar_launcher/hook/cmake_prefix_path.sh'
[1.287s] [34mcolcon.colcon_core.environment[0m [1;30mLevel 1[0m checking '/home/arpan/unitree2/unitree_sdk2/utlidar_slam/install/utlidar_launcher/bin'
[1.287s] [34mcolcon.colcon_core.environment[0m [1;30mLevel 1[0m checking '/home/arpan/unitree2/unitree_sdk2/utlidar_slam/install/utlidar_launcher/lib/pkgconfig/utlidar_launcher.pc'
[1.288s] [34mcolcon.colcon_core.environment[0m [1;30mLevel 1[0m checking '/home/arpan/unitree2/unitree_sdk2/utlidar_slam/install/utlidar_launcher/lib/python3.10/site-packages'
[1.288s] [34mcolcon.colcon_core.environment[0m [1;30mLevel 1[0m checking '/home/arpan/unitree2/unitree_sdk2/utlidar_slam/install/utlidar_launcher/bin'
[1.289s] [34mcolcon.colcon_core.shell[0m [1;30mINFO[0m Creating package script '/home/arpan/unitree2/unitree_sdk2/utlidar_slam/install/utlidar_launcher/share/utlidar_launcher/package.ps1'
[1.290s] [34mcolcon.colcon_core.shell[0m [1;30mINFO[0m Creating package descriptor '/home/arpan/unitree2/unitree_sdk2/utlidar_slam/install/utlidar_launcher/share/utlidar_launcher/package.dsv'
[1.291s] [34mcolcon.colcon_core.shell[0m [1;30mINFO[0m Creating package script '/home/arpan/unitree2/unitree_sdk2/utlidar_slam/install/utlidar_launcher/share/utlidar_launcher/package.sh'
[1.292s] [34mcolcon.colcon_core.shell[0m [1;30mINFO[0m Creating package script '/home/arpan/unitree2/unitree_sdk2/utlidar_slam/install/utlidar_launcher/share/utlidar_launcher/package.bash'
[1.293s] [34mcolcon.colcon_core.shell[0m [1;30mINFO[0m Creating package script '/home/arpan/unitree2/unitree_sdk2/utlidar_slam/install/utlidar_launcher/share/utlidar_launcher/package.zsh'
[1.294s] [34mcolcon.colcon_core.environment[0m [1;30mLevel 1[0m create_file_with_runtime_dependencies(/home/arpan/unitree2/unitree_sdk2/utlidar_slam/install/utlidar_launcher/share/colcon-core/packages/utlidar_launcher)
[1.719s] [34mcolcon.colcon_core.event_handler.log_command[0m [1;30mDEBUG[0m [32mInvoking command in '/home/arpan/unitree2/unitree_sdk2/utlidar_slam/src/qos_relay': PYTHONPATH=/home/arpan/unitree2/unitree_sdk2/utlidar_slam/build/qos_relay/prefix_override:/usr/lib/python3/dist-packages/colcon_core/task/python/colcon_distutils_commands:/home/arpan/unitree2/unitree_sdk2/utlidar_slam/install/qos_relay/lib/python3.10/site-packages:${PYTHONPATH} /usr/bin/python3 -W ignore:setup.py install is deprecated -W ignore:easy_install command is deprecated setup.py egg_info --egg-base ../../build/qos_relay build --build-base /home/arpan/unitree2/unitree_sdk2/utlidar_slam/build/qos_relay/build install --record /home/arpan/unitree2/unitree_sdk2/utlidar_slam/build/qos_relay/install.log --single-version-externally-managed install_data[0m
[2.191s] [34mcolcon.colcon_core.environment[0m [1;30mLevel 1[0m checking '/home/arpan/unitree2/unitree_sdk2/utlidar_slam/install/qos_relay' for CMake module files
[2.192s] [34mcolcon.colcon_core.event_handler.log_command[0m [1;30mDEBUG[0m [32mInvoked command in '/home/arpan/unitree2/unitree_sdk2/utlidar_slam/src/qos_relay' returned '0': PYTHONPATH=/home/arpan/unitree2/unitree_sdk2/utlidar_slam/build/qos_relay/prefix_override:/usr/lib/python3/dist-packages/colcon_core/task/python/colcon_distutils_commands:/home/arpan/unitree2/unitree_sdk2/utlidar_slam/install/qos_relay/lib/python3.10/site-packages:${PYTHONPATH} /usr/bin/python3 -W ignore:setup.py install is deprecated -W ignore:easy_install command is deprecated setup.py egg_info --egg-base ../../build/qos_relay build --build-base /home/arpan/unitree2/unitree_sdk2/utlidar_slam/build/qos_relay/build install --record /home/arpan/unitree2/unitree_sdk2/utlidar_slam/build/qos_relay/install.log --single-version-externally-managed install_data[0m
[2.193s] [34mcolcon.colcon_core.environment[0m [1;30mLevel 1[0m checking '/home/arpan/unitree2/unitree_sdk2/utlidar_slam/install/qos_relay' for CMake config files
[2.194s] [34mcolcon.colcon_core.environment[0m [1;30mLevel 1[0m checking '/home/arpan/unitree2/unitree_sdk2/utlidar_slam/install/qos_relay/lib'
[2.194s] [34mcolcon.colcon_core.environment[0m [1;30mLevel 1[0m checking '/home/arpan/unitree2/unitree_sdk2/utlidar_slam/install/qos_relay/bin'
[2.195s] [34mcolcon.colcon_core.environment[0m [1;30mLevel 1[0m checking '/home/arpan/unitree2/unitree_sdk2/utlidar_slam/install/qos_relay/lib/pkgconfig/qos_relay.pc'
[2.195s] [34mcolcon.colcon_core.environment[0m [1;30mLevel 1[0m checking '/home/arpan/unitree2/unitree_sdk2/utlidar_slam/install/qos_relay/lib/python3.10/site-packages'
[2.195s] [34mcolcon.colcon_core.shell[0m [1;30mLevel 1[0m create_environment_hook('qos_relay', 'pythonpath')
[2.196s] [34mcolcon.colcon_core.shell[0m [1;30mINFO[0m Creating environment hook '/home/arpan/unitree2/unitree_sdk2/utlidar_slam/install/qos_relay/share/qos_relay/hook/pythonpath.ps1'
[2.197s] [34mcolcon.colcon_core.shell[0m [1;30mINFO[0m Creating environment descriptor '/home/arpan/unitree2/unitree_sdk2/utlidar_slam/install/qos_relay/share/qos_relay/hook/pythonpath.dsv'
[2.197s] [34mcolcon.colcon_core.shell[0m [1;30mINFO[0m Creating environment hook '/home/arpan/unitree2/unitree_sdk2/utlidar_slam/install/qos_relay/share/qos_relay/hook/pythonpath.sh'
[2.199s] [34mcolcon.colcon_core.environment[0m [1;30mLevel 1[0m checking '/home/arpan/unitree2/unitree_sdk2/utlidar_slam/install/qos_relay/bin'
[2.199s] [34mcolcon.colcon_core.environment[0m [1;30mLevel 1[0m create_environment_scripts_only(qos_relay)
[2.200s] [34mcolcon.colcon_core.shell[0m [1;30mINFO[0m Creating package script '/home/arpan/unitree2/unitree_sdk2/utlidar_slam/install/qos_relay/share/qos_relay/package.ps1'
[2.201s] [34mcolcon.colcon_core.shell[0m [1;30mINFO[0m Creating package descriptor '/home/arpan/unitree2/unitree_sdk2/utlidar_slam/install/qos_relay/share/qos_relay/package.dsv'
[2.202s] [34mcolcon.colcon_core.shell[0m [1;30mINFO[0m Creating package script '/home/arpan/unitree2/unitree_sdk2/utlidar_slam/install/qos_relay/share/qos_relay/package.sh'
[2.202s] [34mcolcon.colcon_core.shell[0m [1;30mINFO[0m Creating package script '/home/arpan/unitree2/unitree_sdk2/utlidar_slam/install/qos_relay/share/qos_relay/package.bash'
[2.203s] [34mcolcon.colcon_core.shell[0m [1;30mINFO[0m Creating package script '/home/arpan/unitree2/unitree_sdk2/utlidar_slam/install/qos_relay/share/qos_relay/package.zsh'
[2.204s] [34mcolcon.colcon_core.environment[0m [1;30mLevel 1[0m create_file_with_runtime_dependencies(/home/arpan/unitree2/unitree_sdk2/utlidar_slam/install/qos_relay/share/colcon-core/packages/qos_relay)
[8.393s] [34mcolcon.colcon_core.event_handler.log_command[0m [1;30mDEBUG[0m [32mInvoked command in '/home/arpan/unitree2/unitree_sdk2/utlidar_slam/build/odom_tester' returned '0': CMAKE_PREFIX_PATH=${CMAKE_PREFIX_PATH}:/home/arpan/unitree2/unitree_sdk2/utlidar_slam/install/qos_relay:/home/arpan/unitree2/mid360_slam_ws/install/scan_qos_relay:/home/arpan/unitree2/mid360_slam_ws/install/mid360_slam:/home/arpan/unitree2/fast-lio-ws/install/go2_nav_helper:/home/arpan/turtlebot3_ws/install/turtlebot3_teleop:/home/arpan/turtlebot3_ws/install/turtlebot3_example:/opt/ros/humble /usr/bin/cmake --build /home/arpan/unitree2/unitree_sdk2/utlidar_slam/build/odom_tester -- -j12 -l12[0m
[8.396s] [34mcolcon.colcon_core.event_handler.log_command[0m [1;30mDEBUG[0m [32mInvoking command in '/home/arpan/unitree2/unitree_sdk2/utlidar_slam/build/odom_tester': CMAKE_PREFIX_PATH=${CMAKE_PREFIX_PATH}:/home/arpan/unitree2/unitree_sdk2/utlidar_slam/install/qos_relay:/home/arpan/unitree2/mid360_slam_ws/install/scan_qos_relay:/home/arpan/unitree2/mid360_slam_ws/install/mid360_slam:/home/arpan/unitree2/fast-lio-ws/install/go2_nav_helper:/home/arpan/turtlebot3_ws/install/turtlebot3_teleop:/home/arpan/turtlebot3_ws/install/turtlebot3_example:/opt/ros/humble /usr/bin/cmake --install /home/arpan/unitree2/unitree_sdk2/utlidar_slam/build/odom_tester[0m
[8.422s] [34mcolcon.colcon_core.environment[0m [1;30mLevel 1[0m create_environment_scripts_only(odom_tester)
[8.423s] [34mcolcon.colcon_core.environment[0m [1;30mLevel 1[0m checking '/home/arpan/unitree2/unitree_sdk2/utlidar_slam/install/odom_tester' for CMake module files
[8.423s] [34mcolcon.colcon_core.event_handler.log_command[0m [1;30mDEBUG[0m [32mInvoked command in '/home/arpan/unitree2/unitree_sdk2/utlidar_slam/build/odom_tester' returned '0': CMAKE_PREFIX_PATH=${CMAKE_PREFIX_PATH}:/home/arpan/unitree2/unitree_sdk2/utlidar_slam/install/qos_relay:/home/arpan/unitree2/mid360_slam_ws/install/scan_qos_relay:/home/arpan/unitree2/mid360_slam_ws/install/mid360_slam:/home/arpan/unitree2/fast-lio-ws/install/go2_nav_helper:/home/arpan/turtlebot3_ws/install/turtlebot3_teleop:/home/arpan/turtlebot3_ws/install/turtlebot3_example:/opt/ros/humble /usr/bin/cmake --install /home/arpan/unitree2/unitree_sdk2/utlidar_slam/build/odom_tester[0m
[8.424s] [34mcolcon.colcon_core.environment[0m [1;30mLevel 1[0m checking '/home/arpan/unitree2/unitree_sdk2/utlidar_slam/install/odom_tester' for CMake config files
[8.424s] [34mcolcon.colcon_core.shell[0m [1;30mLevel 1[0m create_environment_hook('odom_tester', 'cmake_prefix_path')
[8.424s] [34mcolcon.colcon_core.shell[0m [1;30mINFO[0m Creating environment hook '/home/arpan/unitree2/unitree_sdk2/utlidar_slam/install/odom_tester/share/odom_tester/hook/cmake_prefix_path.ps1'
[8.426s] [34mcolcon.colcon_core.shell[0m [1;30mINFO[0m Creating environment descriptor '/home/arpan/unitree2/unitree_sdk2/utlidar_slam/install/odom_tester/share/odom_tester/hook/cmake_prefix_path.dsv'
[8.427s] [34mcolcon.colcon_core.shell[0m [1;30mINFO[0m Creating environment hook '/home/arpan/unitree2/unitree_sdk2/utlidar_slam/install/odom_tester/share/odom_tester/hook/cmake_prefix_path.sh'
[8.428s] [34mcolcon.colcon_core.environment[0m [1;30mLevel 1[0m checking '/home/arpan/unitree2/unitree_sdk2/utlidar_slam/install/odom_tester/lib'
[8.428s] [34mcolcon.colcon_core.environment[0m [1;30mLevel 1[0m checking '/home/arpan/unitree2/unitree_sdk2/utlidar_slam/install/odom_tester/bin'
[8.428s] [34mcolcon.colcon_core.environment[0m [1;30mLevel 1[0m checking '/home/arpan/unitree2/unitree_sdk2/utlidar_slam/install/odom_tester/lib/pkgconfig/odom_tester.pc'
[8.428s] [34mcolcon.colcon_core.environment[0m [1;30mLevel 1[0m checking '/home/arpan/unitree2/unitree_sdk2/utlidar_slam/install/odom_tester/lib/python3.10/site-packages'
[8.428s] [34mcolcon.colcon_core.environment[0m [1;30mLevel 1[0m checking '/home/arpan/unitree2/unitree_sdk2/utlidar_slam/install/odom_tester/bin'
[8.429s] [34mcolcon.colcon_core.shell[0m [1;30mINFO[0m Creating package script '/home/arpan/unitree2/unitree_sdk2/utlidar_slam/install/odom_tester/share/odom_tester/package.ps1'
[8.429s] [34mcolcon.colcon_core.shell[0m [1;30mINFO[0m Creating package descriptor '/home/arpan/unitree2/unitree_sdk2/utlidar_slam/install/odom_tester/share/odom_tester/package.dsv'
[8.430s] [34mcolcon.colcon_core.shell[0m [1;30mINFO[0m Creating package script '/home/arpan/unitree2/unitree_sdk2/utlidar_slam/install/odom_tester/share/odom_tester/package.sh'
[8.431s] [34mcolcon.colcon_core.shell[0m [1;30mINFO[0m Creating package script '/home/arpan/unitree2/unitree_sdk2/utlidar_slam/install/odom_tester/share/odom_tester/package.bash'
[8.432s] [34mcolcon.colcon_core.shell[0m [1;30mINFO[0m Creating package script '/home/arpan/unitree2/unitree_sdk2/utlidar_slam/install/odom_tester/share/odom_tester/package.zsh'
[8.433s] [34mcolcon.colcon_core.environment[0m [1;30mLevel 1[0m create_file_with_runtime_dependencies(/home/arpan/unitree2/unitree_sdk2/utlidar_slam/install/odom_tester/share/colcon-core/packages/odom_tester)
[8.433s] [34mcolcon.colcon_core.environment[0m [1;30mLevel 1[0m create_environment_scripts_only(odom_tester)
[8.434s] [34mcolcon.colcon_core.environment[0m [1;30mLevel 1[0m checking '/home/arpan/unitree2/unitree_sdk2/utlidar_slam/install/odom_tester' for CMake module files
[8.434s] [34mcolcon.colcon_core.environment[0m [1;30mLevel 1[0m checking '/home/arpan/unitree2/unitree_sdk2/utlidar_slam/install/odom_tester' for CMake config files
[8.435s] [34mcolcon.colcon_core.shell[0m [1;30mLevel 1[0m create_environment_hook('odom_tester', 'cmake_prefix_path')
[8.435s] [34mcolcon.colcon_core.shell[0m [1;30mINFO[0m Creating environment hook '/home/arpan/unitree2/unitree_sdk2/utlidar_slam/install/odom_tester/share/odom_tester/hook/cmake_prefix_path.ps1'
[8.435s] [34mcolcon.colcon_core.shell[0m [1;30mINFO[0m Creating environment descriptor '/home/arpan/unitree2/unitree_sdk2/utlidar_slam/install/odom_tester/share/odom_tester/hook/cmake_prefix_path.dsv'
[8.436s] [34mcolcon.colcon_core.shell[0m [1;30mINFO[0m Creating environment hook '/home/arpan/unitree2/unitree_sdk2/utlidar_slam/install/odom_tester/share/odom_tester/hook/cmake_prefix_path.sh'
[8.436s] [34mcolcon.colcon_core.environment[0m [1;30mLevel 1[0m checking '/home/arpan/unitree2/unitree_sdk2/utlidar_slam/install/odom_tester/lib'
[8.437s] [34mcolcon.colcon_core.environment[0m [1;30mLevel 1[0m checking '/home/arpan/unitree2/unitree_sdk2/utlidar_slam/install/odom_tester/bin'
[8.437s] [34mcolcon.colcon_core.environment[0m [1;30mLevel 1[0m checking '/home/arpan/unitree2/unitree_sdk2/utlidar_slam/install/odom_tester/lib/pkgconfig/odom_tester.pc'
[8.437s] [34mcolcon.colcon_core.environment[0m [1;30mLevel 1[0m checking '/home/arpan/unitree2/unitree_sdk2/utlidar_slam/install/odom_tester/lib/python3.10/site-packages'
[8.437s] [34mcolcon.colcon_core.environment[0m [1;30mLevel 1[0m checking '/home/arpan/unitree2/unitree_sdk2/utlidar_slam/install/odom_tester/bin'
[8.438s] [34mcolcon.colcon_core.shell[0m [1;30mINFO[0m Creating package script '/home/arpan/unitree2/unitree_sdk2/utlidar_slam/install/odom_tester/share/odom_tester/package.ps1'
[8.438s] [34mcolcon.colcon_core.shell[0m [1;30mINFO[0m Creating package descriptor '/home/arpan/unitree2/unitree_sdk2/utlidar_slam/install/odom_tester/share/odom_tester/package.dsv'
[8.439s] [34mcolcon.colcon_core.shell[0m [1;30mINFO[0m Creating package script '/home/arpan/unitree2/unitree_sdk2/utlidar_slam/install/odom_tester/share/odom_tester/package.sh'
[8.439s] [34mcolcon.colcon_core.shell[0m [1;30mINFO[0m Creating package script '/home/arpan/unitree2/unitree_sdk2/utlidar_slam/install/odom_tester/share/odom_tester/package.bash'
[8.440s] [34mcolcon.colcon_core.shell[0m [1;30mINFO[0m Creating package script '/home/arpan/unitree2/unitree_sdk2/utlidar_slam/install/odom_tester/share/odom_tester/package.zsh'
[8.440s] [34mcolcon.colcon_core.environment[0m [1;30mLevel 1[0m create_file_with_runtime_dependencies(/home/arpan/unitree2/unitree_sdk2/utlidar_slam/install/odom_tester/share/colcon-core/packages/odom_tester)
[10.288s] [34mcolcon.colcon_core.event_handler.log_command[0m [1;30mDEBUG[0m [32mInvoked command in '/home/arpan/unitree2/unitree_sdk2/utlidar_slam/build/lidar_bridge' returned '0': CMAKE_PREFIX_PATH=${CMAKE_PREFIX_PATH}:/home/arpan/unitree2/unitree_sdk2/utlidar_slam/install/qos_relay:/home/arpan/unitree2/mid360_slam_ws/install/scan_qos_relay:/home/arpan/unitree2/mid360_slam_ws/install/mid360_slam:/home/arpan/unitree2/fast-lio-ws/install/go2_nav_helper:/home/arpan/turtlebot3_ws/install/turtlebot3_teleop:/home/arpan/turtlebot3_ws/install/turtlebot3_example:/opt/ros/humble /usr/bin/cmake --build /home/arpan/unitree2/unitree_sdk2/utlidar_slam/build/lidar_bridge -- -j12 -l12[0m
[10.290s] [34mcolcon.colcon_core.event_handler.log_command[0m [1;30mDEBUG[0m [32mInvoking command in '/home/arpan/unitree2/unitree_sdk2/utlidar_slam/build/lidar_bridge': CMAKE_PREFIX_PATH=${CMAKE_PREFIX_PATH}:/home/arpan/unitree2/unitree_sdk2/utlidar_slam/install/qos_relay:/home/arpan/unitree2/mid360_slam_ws/install/scan_qos_relay:/home/arpan/unitree2/mid360_slam_ws/install/mid360_slam:/home/arpan/unitree2/fast-lio-ws/install/go2_nav_helper:/home/arpan/turtlebot3_ws/install/turtlebot3_teleop:/home/arpan/turtlebot3_ws/install/turtlebot3_example:/opt/ros/humble /usr/bin/cmake --install /home/arpan/unitree2/unitree_sdk2/utlidar_slam/build/lidar_bridge[0m
[10.314s] [34mcolcon.colcon_core.environment[0m [1;30mLevel 1[0m create_environment_scripts_only(lidar_bridge)
[10.315s] [34mcolcon.colcon_core.environment[0m [1;30mLevel 1[0m checking '/home/arpan/unitree2/unitree_sdk2/utlidar_slam/install/lidar_bridge' for CMake module files
[10.315s] [34mcolcon.colcon_core.event_handler.log_command[0m [1;30mDEBUG[0m [32mInvoked command in '/home/arpan/unitree2/unitree_sdk2/utlidar_slam/build/lidar_bridge' returned '0': CMAKE_PREFIX_PATH=${CMAKE_PREFIX_PATH}:/home/arpan/unitree2/unitree_sdk2/utlidar_slam/install/qos_relay:/home/arpan/unitree2/mid360_slam_ws/install/scan_qos_relay:/home/arpan/unitree2/mid360_slam_ws/install/mid360_slam:/home/arpan/unitree2/fast-lio-ws/install/go2_nav_helper:/home/arpan/turtlebot3_ws/install/turtlebot3_teleop:/home/arpan/turtlebot3_ws/install/turtlebot3_example:/opt/ros/humble /usr/bin/cmake --install /home/arpan/unitree2/unitree_sdk2/utlidar_slam/build/lidar_bridge[0m
[10.316s] [34mcolcon.colcon_core.environment[0m [1;30mLevel 1[0m checking '/home/arpan/unitree2/unitree_sdk2/utlidar_slam/install/lidar_bridge' for CMake config files
[10.316s] [34mcolcon.colcon_core.shell[0m [1;30mLevel 1[0m create_environment_hook('lidar_bridge', 'cmake_prefix_path')
[10.317s] [34mcolcon.colcon_core.shell[0m [1;30mINFO[0m Creating environment hook '/home/arpan/unitree2/unitree_sdk2/utlidar_slam/install/lidar_bridge/share/lidar_bridge/hook/cmake_prefix_path.ps1'
[10.317s] [34mcolcon.colcon_core.shell[0m [1;30mINFO[0m Creating environment descriptor '/home/arpan/unitree2/unitree_sdk2/utlidar_slam/install/lidar_bridge/share/lidar_bridge/hook/cmake_prefix_path.dsv'
[10.317s] [34mcolcon.colcon_core.shell[0m [1;30mINFO[0m Creating environment hook '/home/arpan/unitree2/unitree_sdk2/utlidar_slam/install/lidar_bridge/share/lidar_bridge/hook/cmake_prefix_path.sh'
[10.318s] [34mcolcon.colcon_core.environment[0m [1;30mLevel 1[0m checking '/home/arpan/unitree2/unitree_sdk2/utlidar_slam/install/lidar_bridge/lib'
[10.318s] [34mcolcon.colcon_core.environment[0m [1;30mLevel 1[0m checking '/home/arpan/unitree2/unitree_sdk2/utlidar_slam/install/lidar_bridge/bin'
[10.318s] [34mcolcon.colcon_core.environment[0m [1;30mLevel 1[0m checking '/home/arpan/unitree2/unitree_sdk2/utlidar_slam/install/lidar_bridge/lib/pkgconfig/lidar_bridge.pc'
[10.319s] [34mcolcon.colcon_core.environment[0m [1;30mLevel 1[0m checking '/home/arpan/unitree2/unitree_sdk2/utlidar_slam/install/lidar_bridge/lib/python3.10/site-packages'
[10.319s] [34mcolcon.colcon_core.environment[0m [1;30mLevel 1[0m checking '/home/arpan/unitree2/unitree_sdk2/utlidar_slam/install/lidar_bridge/bin'
[10.319s] [34mcolcon.colcon_core.shell[0m [1;30mINFO[0m Creating package script '/home/arpan/unitree2/unitree_sdk2/utlidar_slam/install/lidar_bridge/share/lidar_bridge/package.ps1'
[10.320s] [34mcolcon.colcon_core.shell[0m [1;30mINFO[0m Creating package descriptor '/home/arpan/unitree2/unitree_sdk2/utlidar_slam/install/lidar_bridge/share/lidar_bridge/package.dsv'
[10.320s] [34mcolcon.colcon_core.shell[0m [1;30mINFO[0m Creating package script '/home/arpan/unitree2/unitree_sdk2/utlidar_slam/install/lidar_bridge/share/lidar_bridge/package.sh'
[10.321s] [34mcolcon.colcon_core.shell[0m [1;30mINFO[0m Creating package script '/home/arpan/unitree2/unitree_sdk2/utlidar_slam/install/lidar_bridge/share/lidar_bridge/package.bash'
[10.321s] [34mcolcon.colcon_core.shell[0m [1;30mINFO[0m Creating package script '/home/arpan/unitree2/unitree_sdk2/utlidar_slam/install/lidar_bridge/share/lidar_bridge/package.zsh'
[10.322s] [34mcolcon.colcon_core.environment[0m [1;30mLevel 1[0m create_file_with_runtime_dependencies(/home/arpan/unitree2/unitree_sdk2/utlidar_slam/install/lidar_bridge/share/colcon-core/packages/lidar_bridge)
[10.323s] [34mcolcon.colcon_core.environment[0m [1;30mLevel 1[0m create_environment_scripts_only(lidar_bridge)
[10.323s] [34mcolcon.colcon_core.environment[0m [1;30mLevel 1[0m checking '/home/arpan/unitree2/unitree_sdk2/utlidar_slam/install/lidar_bridge' for CMake module files
[10.323s] [34mcolcon.colcon_core.environment[0m [1;30mLevel 1[0m checking '/home/arpan/unitree2/unitree_sdk2/utlidar_slam/install/lidar_bridge' for CMake config files
[10.324s] [34mcolcon.colcon_core.shell[0m [1;30mLevel 1[0m create_environment_hook('lidar_bridge', 'cmake_prefix_path')
[10.324s] [34mcolcon.colcon_core.shell[0m [1;30mINFO[0m Creating environment hook '/home/arpan/unitree2/unitree_sdk2/utlidar_slam/install/lidar_bridge/share/lidar_bridge/hook/cmake_prefix_path.ps1'
[10.325s] [34mcolcon.colcon_core.shell[0m [1;30mINFO[0m Creating environment descriptor '/home/arpan/unitree2/unitree_sdk2/utlidar_slam/install/lidar_bridge/share/lidar_bridge/hook/cmake_prefix_path.dsv'
[10.325s] [34mcolcon.colcon_core.shell[0m [1;30mINFO[0m Creating environment hook '/home/arpan/unitree2/unitree_sdk2/utlidar_slam/install/lidar_bridge/share/lidar_bridge/hook/cmake_prefix_path.sh'
[10.326s] [34mcolcon.colcon_core.environment[0m [1;30mLevel 1[0m checking '/home/arpan/unitree2/unitree_sdk2/utlidar_slam/install/lidar_bridge/lib'
[10.326s] [34mcolcon.colcon_core.environment[0m [1;30mLevel 1[0m checking '/home/arpan/unitree2/unitree_sdk2/utlidar_slam/install/lidar_bridge/bin'
[10.326s] [34mcolcon.colcon_core.environment[0m [1;30mLevel 1[0m checking '/home/arpan/unitree2/unitree_sdk2/utlidar_slam/install/lidar_bridge/lib/pkgconfig/lidar_bridge.pc'
[10.326s] [34mcolcon.colcon_core.environment[0m [1;30mLevel 1[0m checking '/home/arpan/unitree2/unitree_sdk2/utlidar_slam/install/lidar_bridge/lib/python3.10/site-packages'
[10.326s] [34mcolcon.colcon_core.environment[0m [1;30mLevel 1[0m checking '/home/arpan/unitree2/unitree_sdk2/utlidar_slam/install/lidar_bridge/bin'
[10.327s] [34mcolcon.colcon_core.shell[0m [1;30mINFO[0m Creating package script '/home/arpan/unitree2/unitree_sdk2/utlidar_slam/install/lidar_bridge/share/lidar_bridge/package.ps1'
[10.327s] [34mcolcon.colcon_core.shell[0m [1;30mINFO[0m Creating package descriptor '/home/arpan/unitree2/unitree_sdk2/utlidar_slam/install/lidar_bridge/share/lidar_bridge/package.dsv'
[10.328s] [34mcolcon.colcon_core.shell[0m [1;30mINFO[0m Creating package script '/home/arpan/unitree2/unitree_sdk2/utlidar_slam/install/lidar_bridge/share/lidar_bridge/package.sh'
[10.329s] [34mcolcon.colcon_core.shell[0m [1;30mINFO[0m Creating package script '/home/arpan/unitree2/unitree_sdk2/utlidar_slam/install/lidar_bridge/share/lidar_bridge/package.bash'
[10.329s] [34mcolcon.colcon_core.shell[0m [1;30mINFO[0m Creating package script '/home/arpan/unitree2/unitree_sdk2/utlidar_slam/install/lidar_bridge/share/lidar_bridge/package.zsh'
[10.330s] [34mcolcon.colcon_core.environment[0m [1;30mLevel 1[0m create_file_with_runtime_dependencies(/home/arpan/unitree2/unitree_sdk2/utlidar_slam/install/lidar_bridge/share/colcon-core/packages/lidar_bridge)
[11.105s] [34mcolcon.colcon_core.event_handler.log_command[0m [1;30mDEBUG[0m [32mInvoked command in '/home/arpan/unitree2/unitree_sdk2/utlidar_slam/build/odom_bridge' returned '0': CMAKE_PREFIX_PATH=${CMAKE_PREFIX_PATH}:/home/arpan/unitree2/unitree_sdk2/utlidar_slam/install/qos_relay:/home/arpan/unitree2/mid360_slam_ws/install/scan_qos_relay:/home/arpan/unitree2/mid360_slam_ws/install/mid360_slam:/home/arpan/unitree2/fast-lio-ws/install/go2_nav_helper:/home/arpan/turtlebot3_ws/install/turtlebot3_teleop:/home/arpan/turtlebot3_ws/install/turtlebot3_example:/opt/ros/humble /usr/bin/cmake --build /home/arpan/unitree2/unitree_sdk2/utlidar_slam/build/odom_bridge -- -j12 -l12[0m
[11.112s] [34mcolcon.colcon_core.event_handler.log_command[0m [1;30mDEBUG[0m [32mInvoking command in '/home/arpan/unitree2/unitree_sdk2/utlidar_slam/build/odom_bridge': CMAKE_PREFIX_PATH=${CMAKE_PREFIX_PATH}:/home/arpan/unitree2/unitree_sdk2/utlidar_slam/install/qos_relay:/home/arpan/unitree2/mid360_slam_ws/install/scan_qos_relay:/home/arpan/unitree2/mid360_slam_ws/install/mid360_slam:/home/arpan/unitree2/fast-lio-ws/install/go2_nav_helper:/home/arpan/turtlebot3_ws/install/turtlebot3_teleop:/home/arpan/turtlebot3_ws/install/turtlebot3_example:/opt/ros/humble /usr/bin/cmake --install /home/arpan/unitree2/unitree_sdk2/utlidar_slam/build/odom_bridge[0m
[11.135s] [34mcolcon.colcon_core.environment[0m [1;30mLevel 1[0m create_environment_scripts_only(odom_bridge)
[11.135s] [34mcolcon.colcon_core.environment[0m [1;30mLevel 1[0m checking '/home/arpan/unitree2/unitree_sdk2/utlidar_slam/install/odom_bridge' for CMake module files
[11.136s] [34mcolcon.colcon_core.event_handler.log_command[0m [1;30mDEBUG[0m [32mInvoked command in '/home/arpan/unitree2/unitree_sdk2/utlidar_slam/build/odom_bridge' returned '0': CMAKE_PREFIX_PATH=${CMAKE_PREFIX_PATH}:/home/arpan/unitree2/unitree_sdk2/utlidar_slam/install/qos_relay:/home/arpan/unitree2/mid360_slam_ws/install/scan_qos_relay:/home/arpan/unitree2/mid360_slam_ws/install/mid360_slam:/home/arpan/unitree2/fast-lio-ws/install/go2_nav_helper:/home/arpan/turtlebot3_ws/install/turtlebot3_teleop:/home/arpan/turtlebot3_ws/install/turtlebot3_example:/opt/ros/humble /usr/bin/cmake --install /home/arpan/unitree2/unitree_sdk2/utlidar_slam/build/odom_bridge[0m
[11.136s] [34mcolcon.colcon_core.environment[0m [1;30mLevel 1[0m checking '/home/arpan/unitree2/unitree_sdk2/utlidar_slam/install/odom_bridge' for CMake config files
[11.137s] [34mcolcon.colcon_core.shell[0m [1;30mLevel 1[0m create_environment_hook('odom_bridge', 'cmake_prefix_path')
[11.137s] [34mcolcon.colcon_core.shell[0m [1;30mINFO[0m Creating environment hook '/home/arpan/unitree2/unitree_sdk2/utlidar_slam/install/odom_bridge/share/odom_bridge/hook/cmake_prefix_path.ps1'
[11.137s] [34mcolcon.colcon_core.shell[0m [1;30mINFO[0m Creating environment descriptor '/home/arpan/unitree2/unitree_sdk2/utlidar_slam/install/odom_bridge/share/odom_bridge/hook/cmake_prefix_path.dsv'
[11.138s] [34mcolcon.colcon_core.shell[0m [1;30mINFO[0m Creating environment hook '/home/arpan/unitree2/unitree_sdk2/utlidar_slam/install/odom_bridge/share/odom_bridge/hook/cmake_prefix_path.sh'
[11.138s] [34mcolcon.colcon_core.environment[0m [1;30mLevel 1[0m checking '/home/arpan/unitree2/unitree_sdk2/utlidar_slam/install/odom_bridge/lib'
[11.139s] [34mcolcon.colcon_core.environment[0m [1;30mLevel 1[0m checking '/home/arpan/unitree2/unitree_sdk2/utlidar_slam/install/odom_bridge/bin'
[11.139s] [34mcolcon.colcon_core.environment[0m [1;30mLevel 1[0m checking '/home/arpan/unitree2/unitree_sdk2/utlidar_slam/install/odom_bridge/lib/pkgconfig/odom_bridge.pc'
[11.139s] [34mcolcon.colcon_core.environment[0m [1;30mLevel 1[0m checking '/home/arpan/unitree2/unitree_sdk2/utlidar_slam/install/odom_bridge/lib/python3.10/site-packages'
[11.139s] [34mcolcon.colcon_core.environment[0m [1;30mLevel 1[0m checking '/home/arpan/unitree2/unitree_sdk2/utlidar_slam/install/odom_bridge/bin'
[11.140s] [34mcolcon.colcon_core.shell[0m [1;30mINFO[0m Creating package script '/home/arpan/unitree2/unitree_sdk2/utlidar_slam/install/odom_bridge/share/odom_bridge/package.ps1'
[11.140s] [34mcolcon.colcon_core.shell[0m [1;30mINFO[0m Creating package descriptor '/home/arpan/unitree2/unitree_sdk2/utlidar_slam/install/odom_bridge/share/odom_bridge/package.dsv'
[11.141s] [34mcolcon.colcon_core.shell[0m [1;30mINFO[0m Creating package script '/home/arpan/unitree2/unitree_sdk2/utlidar_slam/install/odom_bridge/share/odom_bridge/package.sh'
[11.141s] [34mcolcon.colcon_core.shell[0m [1;30mINFO[0m Creating package script '/home/arpan/unitree2/unitree_sdk2/utlidar_slam/install/odom_bridge/share/odom_bridge/package.bash'
[11.142s] [34mcolcon.colcon_core.shell[0m [1;30mINFO[0m Creating package script '/home/arpan/unitree2/unitree_sdk2/utlidar_slam/install/odom_bridge/share/odom_bridge/package.zsh'
[11.142s] [34mcolcon.colcon_core.environment[0m [1;30mLevel 1[0m create_file_with_runtime_dependencies(/home/arpan/unitree2/unitree_sdk2/utlidar_slam/install/odom_bridge/share/colcon-core/packages/odom_bridge)
[11.143s] [34mcolcon.colcon_core.environment[0m [1;30mLevel 1[0m create_environment_scripts_only(odom_bridge)
[11.143s] [34mcolcon.colcon_core.environment[0m [1;30mLevel 1[0m checking '/home/arpan/unitree2/unitree_sdk2/utlidar_slam/install/odom_bridge' for CMake module files
[11.144s] [34mcolcon.colcon_core.environment[0m [1;30mLevel 1[0m checking '/home/arpan/unitree2/unitree_sdk2/utlidar_slam/install/odom_bridge' for CMake config files
[11.144s] [34mcolcon.colcon_core.shell[0m [1;30mLevel 1[0m create_environment_hook('odom_bridge', 'cmake_prefix_path')
[11.144s] [34mcolcon.colcon_core.shell[0m [1;30mINFO[0m Creating environment hook '/home/arpan/unitree2/unitree_sdk2/utlidar_slam/install/odom_bridge/share/odom_bridge/hook/cmake_prefix_path.ps1'
[11.145s] [34mcolcon.colcon_core.shell[0m [1;30mINFO[0m Creating environment descriptor '/home/arpan/unitree2/unitree_sdk2/utlidar_slam/install/odom_bridge/share/odom_bridge/hook/cmake_prefix_path.dsv'
[11.145s] [34mcolcon.colcon_core.shell[0m [1;30mINFO[0m Creating environment hook '/home/arpan/unitree2/unitree_sdk2/utlidar_slam/install/odom_bridge/share/odom_bridge/hook/cmake_prefix_path.sh'
[11.146s] [34mcolcon.colcon_core.environment[0m [1;30mLevel 1[0m checking '/home/arpan/unitree2/unitree_sdk2/utlidar_slam/install/odom_bridge/lib'
[11.146s] [34mcolcon.colcon_core.environment[0m [1;30mLevel 1[0m checking '/home/arpan/unitree2/unitree_sdk2/utlidar_slam/install/odom_bridge/bin'
[11.146s] [34mcolcon.colcon_core.environment[0m [1;30mLevel 1[0m checking '/home/arpan/unitree2/unitree_sdk2/utlidar_slam/install/odom_bridge/lib/pkgconfig/odom_bridge.pc'
[11.146s] [34mcolcon.colcon_core.environment[0m [1;30mLevel 1[0m checking '/home/arpan/unitree2/unitree_sdk2/utlidar_slam/install/odom_bridge/lib/python3.10/site-packages'
[11.147s] [34mcolcon.colcon_core.environment[0m [1;30mLevel 1[0m checking '/home/arpan/unitree2/unitree_sdk2/utlidar_slam/install/odom_bridge/bin'
[11.147s] [34mcolcon.colcon_core.shell[0m [1;30mINFO[0m Creating package script '/home/arpan/unitree2/unitree_sdk2/utlidar_slam/install/odom_bridge/share/odom_bridge/package.ps1'
[11.148s] [34mcolcon.colcon_core.shell[0m [1;30mINFO[0m Creating package descriptor '/home/arpan/unitree2/unitree_sdk2/utlidar_slam/install/odom_bridge/share/odom_bridge/package.dsv'
[11.148s] [34mcolcon.colcon_core.shell[0m [1;30mINFO[0m Creating package script '/home/arpan/unitree2/unitree_sdk2/utlidar_slam/install/odom_bridge/share/odom_bridge/package.sh'
[11.149s] [34mcolcon.colcon_core.shell[0m [1;30mINFO[0m Creating package script '/home/arpan/unitree2/unitree_sdk2/utlidar_slam/install/odom_bridge/share/odom_bridge/package.bash'
[11.149s] [34mcolcon.colcon_core.shell[0m [1;30mINFO[0m Creating package script '/home/arpan/unitree2/unitree_sdk2/utlidar_slam/install/odom_bridge/share/odom_bridge/package.zsh'
[11.150s] [34mcolcon.colcon_core.environment[0m [1;30mLevel 1[0m create_file_with_runtime_dependencies(/home/arpan/unitree2/unitree_sdk2/utlidar_slam/install/odom_bridge/share/colcon-core/packages/odom_bridge)
[11.150s] [34mcolcon.colcon_parallel_executor.executor.parallel[0m [1;30mDEBUG[0m [32mclosing loop[0m
[11.151s] [34mcolcon.colcon_parallel_executor.executor.parallel[0m [1;30mDEBUG[0m [32mloop closed[0m
[11.151s] [34mcolcon.colcon_parallel_executor.executor.parallel[0m [1;30mDEBUG[0m [32mrun_until_complete finished with '0'[0m
[11.151s] [34mcolcon.colcon_core.event_reactor[0m [1;30mDEBUG[0m [32mjoining thread[0m
[11.174s] [34mcolcon.colcon_core.plugin_system[0m [1;30mINFO[0m Skipping extension 'colcon_notification.desktop_notification.terminal_notifier': Not used on non-Darwin systems
[11.174s] [34mcolcon.colcon_core.plugin_system[0m [1;30mINFO[0m Skipping extension 'colcon_notification.desktop_notification.win32': Not used on non-Windows systems
[11.174s] [34mcolcon.colcon_notification.desktop_notification[0m [1;30mINFO[0m Sending desktop notification using 'notify2'
[11.193s] [34mcolcon.colcon_core.event_reactor[0m [1;30mDEBUG[0m [32mjoined thread[0m
[11.193s] [34mcolcon.colcon_core.shell[0m [1;30mINFO[0m Creating prefix script '/home/arpan/unitree2/unitree_sdk2/utlidar_slam/install/local_setup.ps1'
[11.195s] [34mcolcon.colcon_core.shell[0m [1;30mINFO[0m Creating prefix util module '/home/arpan/unitree2/unitree_sdk2/utlidar_slam/install/_local_setup_util_ps1.py'
[11.197s] [34mcolcon.colcon_core.shell[0m [1;30mINFO[0m Creating prefix chain script '/home/arpan/unitree2/unitree_sdk2/utlidar_slam/install/setup.ps1'
[11.201s] [34mcolcon.colcon_core.shell[0m [1;30mINFO[0m Creating prefix script '/home/arpan/unitree2/unitree_sdk2/utlidar_slam/install/local_setup.sh'
[11.202s] [34mcolcon.colcon_core.shell[0m [1;30mINFO[0m Creating prefix util module '/home/arpan/unitree2/unitree_sdk2/utlidar_slam/install/_local_setup_util_sh.py'
[11.203s] [34mcolcon.colcon_core.shell[0m [1;30mINFO[0m Creating prefix chain script '/home/arpan/unitree2/unitree_sdk2/utlidar_slam/install/setup.sh'
[11.206s] [34mcolcon.colcon_core.shell[0m [1;30mINFO[0m Creating prefix script '/home/arpan/unitree2/unitree_sdk2/utlidar_slam/install/local_setup.bash'
[11.206s] [34mcolcon.colcon_core.shell[0m [1;30mINFO[0m Creating prefix chain script '/home/arpan/unitree2/unitree_sdk2/utlidar_slam/install/setup.bash'
[11.209s] [34mcolcon.colcon_core.shell[0m [1;30mINFO[0m Creating prefix script '/home/arpan/unitree2/unitree_sdk2/utlidar_slam/install/local_setup.zsh'
[11.210s] [34mcolcon.colcon_core.shell[0m [1;30mINFO[0m Creating prefix chain script '/home/arpan/unitree2/unitree_sdk2/utlidar_slam/install/setup.zsh'
