[0.038s] Invoking command in '/home/arpan/unitree2/unitree_sdk2/utlidar_slam/build/lidar_bridge': CMAKE_PREFIX_PATH=${CMAKE_PREFIX_PATH}:/home/arpan/unitree2/unitree_sdk2/utlidar_slam/install/qos_relay:/home/arpan/unitree2/mid360_slam_ws/install/scan_qos_relay:/home/arpan/unitree2/mid360_slam_ws/install/mid360_slam:/home/arpan/unitree2/fast-lio-ws/install/go2_nav_helper:/home/arpan/turtlebot3_ws/install/turtlebot3_teleop:/home/arpan/turtlebot3_ws/install/turtlebot3_example:/opt/ros/humble /usr/bin/cmake /home/arpan/unitree2/unitree_sdk2/utlidar_slam/src/lidar_bridge -DCMAKE_INSTALL_PREFIX=/home/arpan/unitree2/unitree_sdk2/utlidar_slam/install/lidar_bridge
[0.403s] -- The C compiler identification is GNU 11.4.0
[0.403s] -- The CXX compiler identification is GNU 11.4.0
[0.404s] -- Detecting C compiler ABI info
[0.404s] -- Detecting C compiler ABI info - done
[0.404s] -- Check for working C compiler: /usr/bin/cc - skipped
[0.404s] -- Detecting C compile features
[0.404s] -- Detecting C compile features - done
[0.404s] -- Detecting CXX compiler ABI info
[0.405s] -- Detecting CXX compiler ABI info - done
[0.405s] -- Check for working CXX compiler: /usr/bin/c++ - skipped
[0.405s] -- Detecting CXX compile features
[0.405s] -- Detecting CXX compile features - done
[0.405s] -- Found ament_cmake: 1.3.11 (/opt/ros/humble/share/ament_cmake/cmake)
[0.548s] -- Found Python3: /usr/bin/python3 (found version "3.10.12") found components: Interpreter 
[0.696s] -- Found rclcpp: 16.0.12 (/opt/ros/humble/share/rclcpp/cmake)
[0.758s] -- Found rosidl_generator_c: 3.1.6 (/opt/ros/humble/share/rosidl_generator_c/cmake)
[0.768s] -- Found rosidl_adapter: 3.1.6 (/opt/ros/humble/share/rosidl_adapter/cmake)
[0.782s] -- Found rosidl_generator_cpp: 3.1.6 (/opt/ros/humble/share/rosidl_generator_cpp/cmake)
[0.806s] -- Using all available rosidl_typesupport_c: rosidl_typesupport_fastrtps_c;rosidl_typesupport_introspection_c
[0.835s] -- Using all available rosidl_typesupport_cpp: rosidl_typesupport_fastrtps_cpp;rosidl_typesupport_introspection_cpp
[0.909s] -- Found rmw_implementation_cmake: 6.1.2 (/opt/ros/humble/share/rmw_implementation_cmake/cmake)
[0.915s] -- Found rmw_fastrtps_cpp: 6.2.7 (/opt/ros/humble/share/rmw_fastrtps_cpp/cmake)
[1.037s] -- Found OpenSSL: /usr/lib/x86_64-linux-gnu/libcrypto.so (found version "3.0.2")  
[1.080s] -- Found FastRTPS: /opt/ros/humble/include  
[1.143s] -- Using RMW implementation 'rmw_fastrtps_cpp' as default
[1.156s] -- Looking for pthread.h
[1.234s] -- Looking for pthread.h - found
[1.235s] -- Performing Test CMAKE_HAVE_LIBC_PTHREAD
[1.316s] -- Performing Test CMAKE_HAVE_LIBC_PTHREAD - Success
[1.317s] -- Found Threads: TRUE  
[1.380s] -- Found sensor_msgs: 4.8.0 (/opt/ros/humble/share/sensor_msgs/cmake)
[1.490s] -- Configuring done
[1.504s] -- Generating done
[1.507s] -- Build files have been written to: /home/arpan/unitree2/unitree_sdk2/utlidar_slam/build/lidar_bridge
[1.521s] Invoked command in '/home/arpan/unitree2/unitree_sdk2/utlidar_slam/build/lidar_bridge' returned '0': CMAKE_PREFIX_PATH=${CMAKE_PREFIX_PATH}:/home/arpan/unitree2/unitree_sdk2/utlidar_slam/install/qos_relay:/home/arpan/unitree2/mid360_slam_ws/install/scan_qos_relay:/home/arpan/unitree2/mid360_slam_ws/install/mid360_slam:/home/arpan/unitree2/fast-lio-ws/install/go2_nav_helper:/home/arpan/turtlebot3_ws/install/turtlebot3_teleop:/home/arpan/turtlebot3_ws/install/turtlebot3_example:/opt/ros/humble /usr/bin/cmake /home/arpan/unitree2/unitree_sdk2/utlidar_slam/src/lidar_bridge -DCMAKE_INSTALL_PREFIX=/home/arpan/unitree2/unitree_sdk2/utlidar_slam/install/lidar_bridge
[1.523s] Invoking command in '/home/arpan/unitree2/unitree_sdk2/utlidar_slam/build/lidar_bridge': CMAKE_PREFIX_PATH=${CMAKE_PREFIX_PATH}:/home/arpan/unitree2/unitree_sdk2/utlidar_slam/install/qos_relay:/home/arpan/unitree2/mid360_slam_ws/install/scan_qos_relay:/home/arpan/unitree2/mid360_slam_ws/install/mid360_slam:/home/arpan/unitree2/fast-lio-ws/install/go2_nav_helper:/home/arpan/turtlebot3_ws/install/turtlebot3_teleop:/home/arpan/turtlebot3_ws/install/turtlebot3_example:/opt/ros/humble /usr/bin/cmake --build /home/arpan/unitree2/unitree_sdk2/utlidar_slam/build/lidar_bridge -- -j12 -l12
[1.583s] [ 50%] [32mBuilding CXX object CMakeFiles/lidar_bridge_node.dir/src/lidar_bridge_node.cpp.o[0m
[7.732s] [100%] [32m[1mLinking CXX executable lidar_bridge_node[0m
[8.281s] [100%] Built target lidar_bridge_node
[8.294s] Invoked command in '/home/arpan/unitree2/unitree_sdk2/utlidar_slam/build/lidar_bridge' returned '0': CMAKE_PREFIX_PATH=${CMAKE_PREFIX_PATH}:/home/arpan/unitree2/unitree_sdk2/utlidar_slam/install/qos_relay:/home/arpan/unitree2/mid360_slam_ws/install/scan_qos_relay:/home/arpan/unitree2/mid360_slam_ws/install/mid360_slam:/home/arpan/unitree2/fast-lio-ws/install/go2_nav_helper:/home/arpan/turtlebot3_ws/install/turtlebot3_teleop:/home/arpan/turtlebot3_ws/install/turtlebot3_example:/opt/ros/humble /usr/bin/cmake --build /home/arpan/unitree2/unitree_sdk2/utlidar_slam/build/lidar_bridge -- -j12 -l12
[8.295s] Invoking command in '/home/arpan/unitree2/unitree_sdk2/utlidar_slam/build/lidar_bridge': CMAKE_PREFIX_PATH=${CMAKE_PREFIX_PATH}:/home/arpan/unitree2/unitree_sdk2/utlidar_slam/install/qos_relay:/home/arpan/unitree2/mid360_slam_ws/install/scan_qos_relay:/home/arpan/unitree2/mid360_slam_ws/install/mid360_slam:/home/arpan/unitree2/fast-lio-ws/install/go2_nav_helper:/home/arpan/turtlebot3_ws/install/turtlebot3_teleop:/home/arpan/turtlebot3_ws/install/turtlebot3_example:/opt/ros/humble /usr/bin/cmake --install /home/arpan/unitree2/unitree_sdk2/utlidar_slam/build/lidar_bridge
[8.304s] -- Install configuration: ""
[8.304s] -- Installing: /home/arpan/unitree2/unitree_sdk2/utlidar_slam/install/lidar_bridge/lib/lidar_bridge/lidar_bridge_node
[8.308s] -- Set runtime path of "/home/arpan/unitree2/unitree_sdk2/utlidar_slam/install/lidar_bridge/lib/lidar_bridge/lidar_bridge_node" to ""
[8.308s] -- Installing: /home/arpan/unitree2/unitree_sdk2/utlidar_slam/install/lidar_bridge/share/ament_index/resource_index/package_run_dependencies/lidar_bridge
[8.308s] -- Installing: /home/arpan/unitree2/unitree_sdk2/utlidar_slam/install/lidar_bridge/share/ament_index/resource_index/parent_prefix_path/lidar_bridge
[8.308s] -- Installing: /home/arpan/unitree2/unitree_sdk2/utlidar_slam/install/lidar_bridge/share/lidar_bridge/environment/ament_prefix_path.sh
[8.308s] -- Installing: /home/arpan/unitree2/unitree_sdk2/utlidar_slam/install/lidar_bridge/share/lidar_bridge/environment/ament_prefix_path.dsv
[8.308s] -- Installing: /home/arpan/unitree2/unitree_sdk2/utlidar_slam/install/lidar_bridge/share/lidar_bridge/environment/path.sh
[8.308s] -- Installing: /home/arpan/unitree2/unitree_sdk2/utlidar_slam/install/lidar_bridge/share/lidar_bridge/environment/path.dsv
[8.309s] -- Installing: /home/arpan/unitree2/unitree_sdk2/utlidar_slam/install/lidar_bridge/share/lidar_bridge/local_setup.bash
[8.309s] -- Installing: /home/arpan/unitree2/unitree_sdk2/utlidar_slam/install/lidar_bridge/share/lidar_bridge/local_setup.sh
[8.309s] -- Installing: /home/arpan/unitree2/unitree_sdk2/utlidar_slam/install/lidar_bridge/share/lidar_bridge/local_setup.zsh
[8.309s] -- Installing: /home/arpan/unitree2/unitree_sdk2/utlidar_slam/install/lidar_bridge/share/lidar_bridge/local_setup.dsv
[8.309s] -- Installing: /home/arpan/unitree2/unitree_sdk2/utlidar_slam/install/lidar_bridge/share/lidar_bridge/package.dsv
[8.309s] -- Installing: /home/arpan/unitree2/unitree_sdk2/utlidar_slam/install/lidar_bridge/share/ament_index/resource_index/packages/lidar_bridge
[8.309s] -- Installing: /home/arpan/unitree2/unitree_sdk2/utlidar_slam/install/lidar_bridge/share/lidar_bridge/cmake/lidar_bridgeConfig.cmake
[8.309s] -- Installing: /home/arpan/unitree2/unitree_sdk2/utlidar_slam/install/lidar_bridge/share/lidar_bridge/cmake/lidar_bridgeConfig-version.cmake
[8.310s] -- Installing: /home/arpan/unitree2/unitree_sdk2/utlidar_slam/install/lidar_bridge/share/lidar_bridge/package.xml
[8.312s] Invoked command in '/home/arpan/unitree2/unitree_sdk2/utlidar_slam/build/lidar_bridge' returned '0': CMAKE_PREFIX_PATH=${CMAKE_PREFIX_PATH}:/home/arpan/unitree2/unitree_sdk2/utlidar_slam/install/qos_relay:/home/arpan/unitree2/mid360_slam_ws/install/scan_qos_relay:/home/arpan/unitree2/mid360_slam_ws/install/mid360_slam:/home/arpan/unitree2/fast-lio-ws/install/go2_nav_helper:/home/arpan/turtlebot3_ws/install/turtlebot3_teleop:/home/arpan/turtlebot3_ws/install/turtlebot3_example:/opt/ros/humble /usr/bin/cmake --install /home/arpan/unitree2/unitree_sdk2/utlidar_slam/build/lidar_bridge
