[0.938s] Invoking command in '/home/arpan/unitree2/unitree_sdk2/utlidar_slam/src/qos_relay': PYTHONPATH=/home/arpan/unitree2/unitree_sdk2/utlidar_slam/build/qos_relay/prefix_override:/usr/lib/python3/dist-packages/colcon_core/task/python/colcon_distutils_commands:/home/arpan/unitree2/unitree_sdk2/utlidar_slam/install/qos_relay/lib/python3.10/site-packages:${PYTHONPATH} /usr/bin/python3 -W ignore:setup.py install is deprecated -W ignore:easy_install command is deprecated setup.py egg_info --egg-base ../../build/qos_relay build --build-base /home/arpan/unitree2/unitree_sdk2/utlidar_slam/build/qos_relay/build install --record /home/arpan/unitree2/unitree_sdk2/utlidar_slam/build/qos_relay/install.log --single-version-externally-managed install_data
[1.223s] running egg_info
[1.224s] creating ../../build/qos_relay/qos_relay.egg-info
[1.225s] writing ../../build/qos_relay/qos_relay.egg-info/PKG-INFO
[1.225s] writing dependency_links to ../../build/qos_relay/qos_relay.egg-info/dependency_links.txt
[1.225s] writing entry points to ../../build/qos_relay/qos_relay.egg-info/entry_points.txt
[1.225s] writing requirements to ../../build/qos_relay/qos_relay.egg-info/requires.txt
[1.225s] writing top-level names to ../../build/qos_relay/qos_relay.egg-info/top_level.txt
[1.226s] writing manifest file '../../build/qos_relay/qos_relay.egg-info/SOURCES.txt'
[1.228s] reading manifest file '../../build/qos_relay/qos_relay.egg-info/SOURCES.txt'
[1.229s] writing manifest file '../../build/qos_relay/qos_relay.egg-info/SOURCES.txt'
[1.229s] running build
[1.229s] running build_py
[1.230s] creating /home/arpan/unitree2/unitree_sdk2/utlidar_slam/build/qos_relay/build
[1.230s] creating /home/arpan/unitree2/unitree_sdk2/utlidar_slam/build/qos_relay/build/lib
[1.230s] creating /home/arpan/unitree2/unitree_sdk2/utlidar_slam/build/qos_relay/build/lib/qos_relay
[1.230s] copying qos_relay/__init__.py -> /home/arpan/unitree2/unitree_sdk2/utlidar_slam/build/qos_relay/build/lib/qos_relay
[1.230s] copying qos_relay/scan_relay_node.py -> /home/arpan/unitree2/unitree_sdk2/utlidar_slam/build/qos_relay/build/lib/qos_relay
[1.230s] running install
[1.231s] running install_lib
[1.232s] creating /home/arpan/unitree2/unitree_sdk2/utlidar_slam/install/qos_relay/lib/python3.10/site-packages/qos_relay
[1.233s] copying /home/arpan/unitree2/unitree_sdk2/utlidar_slam/build/qos_relay/build/lib/qos_relay/__init__.py -> /home/arpan/unitree2/unitree_sdk2/utlidar_slam/install/qos_relay/lib/python3.10/site-packages/qos_relay
[1.233s] copying /home/arpan/unitree2/unitree_sdk2/utlidar_slam/build/qos_relay/build/lib/qos_relay/scan_relay_node.py -> /home/arpan/unitree2/unitree_sdk2/utlidar_slam/install/qos_relay/lib/python3.10/site-packages/qos_relay
[1.234s] byte-compiling /home/arpan/unitree2/unitree_sdk2/utlidar_slam/install/qos_relay/lib/python3.10/site-packages/qos_relay/__init__.py to __init__.cpython-310.pyc
[1.234s] byte-compiling /home/arpan/unitree2/unitree_sdk2/utlidar_slam/install/qos_relay/lib/python3.10/site-packages/qos_relay/scan_relay_node.py to scan_relay_node.cpython-310.pyc
[1.235s] running install_data
[1.235s] creating /home/arpan/unitree2/unitree_sdk2/utlidar_slam/install/qos_relay/share/ament_index
[1.235s] creating /home/arpan/unitree2/unitree_sdk2/utlidar_slam/install/qos_relay/share/ament_index/resource_index
[1.235s] creating /home/arpan/unitree2/unitree_sdk2/utlidar_slam/install/qos_relay/share/ament_index/resource_index/packages
[1.235s] copying resource/qos_relay -> /home/arpan/unitree2/unitree_sdk2/utlidar_slam/install/qos_relay/share/ament_index/resource_index/packages
[1.235s] copying package.xml -> /home/arpan/unitree2/unitree_sdk2/utlidar_slam/install/qos_relay/share/qos_relay
[1.235s] running install_egg_info
[1.239s] Copying ../../build/qos_relay/qos_relay.egg-info to /home/arpan/unitree2/unitree_sdk2/utlidar_slam/install/qos_relay/lib/python3.10/site-packages/qos_relay-0.0.0-py3.10.egg-info
[1.240s] running install_scripts
[1.266s] Installing scan_relay_node script to /home/arpan/unitree2/unitree_sdk2/utlidar_slam/install/qos_relay/lib/qos_relay
[1.267s] writing list of installed files to '/home/arpan/unitree2/unitree_sdk2/utlidar_slam/build/qos_relay/install.log'
[1.289s] Invoked command in '/home/arpan/unitree2/unitree_sdk2/utlidar_slam/src/qos_relay' returned '0': PYTHONPATH=/home/arpan/unitree2/unitree_sdk2/utlidar_slam/build/qos_relay/prefix_override:/usr/lib/python3/dist-packages/colcon_core/task/python/colcon_distutils_commands:/home/arpan/unitree2/unitree_sdk2/utlidar_slam/install/qos_relay/lib/python3.10/site-packages:${PYTHONPATH} /usr/bin/python3 -W ignore:setup.py install is deprecated -W ignore:easy_install command is deprecated setup.py egg_info --egg-base ../../build/qos_relay build --build-base /home/arpan/unitree2/unitree_sdk2/utlidar_slam/build/qos_relay/build install --record /home/arpan/unitree2/unitree_sdk2/utlidar_slam/build/qos_relay/install.log --single-version-externally-managed install_data
