[0.045s] Invoking command in '/home/arpan/unitree2/unitree_sdk2/utlidar_slam/build/lidar_bridge': CMAKE_PREFIX_PATH=${CMAKE_PREFIX_PATH}:/home/arpan/unitree2/mid360_slam_ws/install/scan_qos_relay:/home/arpan/unitree2/mid360_slam_ws/install/mid360_slam:/home/arpan/unitree2/fast-lio-ws/install/go2_nav_helper:/home/arpan/turtlebot3_ws/install/turtlebot3_teleop:/home/arpan/turtlebot3_ws/install/turtlebot3_example:/opt/ros/humble /usr/bin/cmake /home/arpan/unitree2/unitree_sdk2/utlidar_slam/src/lidar_bridge -DAMENT_CMAKE_SYMLINK_INSTALL=1 -DCMAKE_INSTALL_PREFIX=/home/arpan/unitree2/unitree_sdk2/utlidar_slam/install/lidar_bridge
[0.332s] -- The C compiler identification is GNU 11.4.0
[0.332s] -- The CXX compiler identification is GNU 11.4.0
[0.332s] -- Detecting C compiler ABI info
[0.332s] -- Detecting C compiler ABI info - done
[0.333s] -- Check for working C compiler: /usr/bin/cc - skipped
[0.333s] -- Detecting C compile features
[0.333s] -- Detecting C compile features - done
[0.333s] -- Detecting CXX compiler ABI info
[0.410s] -- Detecting CXX compiler ABI info - done
[0.418s] -- Check for working CXX compiler: /usr/bin/c++ - skipped
[0.418s] -- Detecting CXX compile features
[0.418s] -- Detecting CXX compile features - done
[0.426s] -- Found ament_cmake: 1.3.11 (/opt/ros/humble/share/ament_cmake/cmake)
[0.570s] -- Found Python3: /usr/bin/python3 (found version "3.10.12") found components: Interpreter 
[0.646s] -- Override CMake install command with custom implementation using symlinks instead of copying resources
[0.698s] -- Found rclcpp: 16.0.12 (/opt/ros/humble/share/rclcpp/cmake)
[0.769s] -- Found rosidl_generator_c: 3.1.6 (/opt/ros/humble/share/rosidl_generator_c/cmake)
[0.778s] -- Found rosidl_adapter: 3.1.6 (/opt/ros/humble/share/rosidl_adapter/cmake)
[0.792s] -- Found rosidl_generator_cpp: 3.1.6 (/opt/ros/humble/share/rosidl_generator_cpp/cmake)
[0.811s] -- Using all available rosidl_typesupport_c: rosidl_typesupport_fastrtps_c;rosidl_typesupport_introspection_c
[0.835s] -- Using all available rosidl_typesupport_cpp: rosidl_typesupport_fastrtps_cpp;rosidl_typesupport_introspection_cpp
[0.905s] -- Found rmw_implementation_cmake: 6.1.2 (/opt/ros/humble/share/rmw_implementation_cmake/cmake)
[0.910s] -- Found rmw_fastrtps_cpp: 6.2.7 (/opt/ros/humble/share/rmw_fastrtps_cpp/cmake)
[1.019s] -- Found OpenSSL: /usr/lib/x86_64-linux-gnu/libcrypto.so (found version "3.0.2")  
[1.048s] -- Found FastRTPS: /opt/ros/humble/include  
[1.096s] -- Using RMW implementation 'rmw_fastrtps_cpp' as default
[1.109s] -- Looking for pthread.h
[1.189s] -- Looking for pthread.h - found
[1.190s] -- Performing Test CMAKE_HAVE_LIBC_PTHREAD
[1.264s] -- Performing Test CMAKE_HAVE_LIBC_PTHREAD - Success
[1.266s] -- Found Threads: TRUE  
[1.334s] -- Found sensor_msgs: 4.8.0 (/opt/ros/humble/share/sensor_msgs/cmake)
[1.436s] -- Configuring done
[1.445s] -- Generating done
[1.448s] -- Build files have been written to: /home/arpan/unitree2/unitree_sdk2/utlidar_slam/build/lidar_bridge
[1.458s] Invoked command in '/home/arpan/unitree2/unitree_sdk2/utlidar_slam/build/lidar_bridge' returned '0': CMAKE_PREFIX_PATH=${CMAKE_PREFIX_PATH}:/home/arpan/unitree2/mid360_slam_ws/install/scan_qos_relay:/home/arpan/unitree2/mid360_slam_ws/install/mid360_slam:/home/arpan/unitree2/fast-lio-ws/install/go2_nav_helper:/home/arpan/turtlebot3_ws/install/turtlebot3_teleop:/home/arpan/turtlebot3_ws/install/turtlebot3_example:/opt/ros/humble /usr/bin/cmake /home/arpan/unitree2/unitree_sdk2/utlidar_slam/src/lidar_bridge -DAMENT_CMAKE_SYMLINK_INSTALL=1 -DCMAKE_INSTALL_PREFIX=/home/arpan/unitree2/unitree_sdk2/utlidar_slam/install/lidar_bridge
[1.459s] Invoking command in '/home/arpan/unitree2/unitree_sdk2/utlidar_slam/build/lidar_bridge': CMAKE_PREFIX_PATH=${CMAKE_PREFIX_PATH}:/home/arpan/unitree2/mid360_slam_ws/install/scan_qos_relay:/home/arpan/unitree2/mid360_slam_ws/install/mid360_slam:/home/arpan/unitree2/fast-lio-ws/install/go2_nav_helper:/home/arpan/turtlebot3_ws/install/turtlebot3_teleop:/home/arpan/turtlebot3_ws/install/turtlebot3_example:/opt/ros/humble /usr/bin/cmake --build /home/arpan/unitree2/unitree_sdk2/utlidar_slam/build/lidar_bridge -- -j12 -l12
[1.508s] [ 50%] [32mBuilding CXX object CMakeFiles/lidar_bridge_node.dir/src/lidar_bridge_node.cpp.o[0m
[7.295s] [100%] [32m[1mLinking CXX executable lidar_bridge_node[0m
[7.760s] [100%] Built target lidar_bridge_node
[7.772s] Invoked command in '/home/arpan/unitree2/unitree_sdk2/utlidar_slam/build/lidar_bridge' returned '0': CMAKE_PREFIX_PATH=${CMAKE_PREFIX_PATH}:/home/arpan/unitree2/mid360_slam_ws/install/scan_qos_relay:/home/arpan/unitree2/mid360_slam_ws/install/mid360_slam:/home/arpan/unitree2/fast-lio-ws/install/go2_nav_helper:/home/arpan/turtlebot3_ws/install/turtlebot3_teleop:/home/arpan/turtlebot3_ws/install/turtlebot3_example:/opt/ros/humble /usr/bin/cmake --build /home/arpan/unitree2/unitree_sdk2/utlidar_slam/build/lidar_bridge -- -j12 -l12
[7.773s] Invoking command in '/home/arpan/unitree2/unitree_sdk2/utlidar_slam/build/lidar_bridge': CMAKE_PREFIX_PATH=${CMAKE_PREFIX_PATH}:/home/arpan/unitree2/mid360_slam_ws/install/scan_qos_relay:/home/arpan/unitree2/mid360_slam_ws/install/mid360_slam:/home/arpan/unitree2/fast-lio-ws/install/go2_nav_helper:/home/arpan/turtlebot3_ws/install/turtlebot3_teleop:/home/arpan/turtlebot3_ws/install/turtlebot3_example:/opt/ros/humble /usr/bin/cmake --install /home/arpan/unitree2/unitree_sdk2/utlidar_slam/build/lidar_bridge
[7.781s] -- Install configuration: ""
[7.781s] -- Execute custom install script
[7.782s] -- Symlinking: /home/arpan/unitree2/unitree_sdk2/utlidar_slam/install/lidar_bridge/lib/lidar_bridge/lidar_bridge_node
[7.791s] -- Symlinking: /home/arpan/unitree2/unitree_sdk2/utlidar_slam/install/lidar_bridge/share/ament_index/resource_index/package_run_dependencies/lidar_bridge
[7.799s] -- Symlinking: /home/arpan/unitree2/unitree_sdk2/utlidar_slam/install/lidar_bridge/share/ament_index/resource_index/parent_prefix_path/lidar_bridge
[7.808s] -- Symlinking: /home/arpan/unitree2/unitree_sdk2/utlidar_slam/install/lidar_bridge/share/lidar_bridge/environment/ament_prefix_path.sh
[7.816s] -- Symlinking: /home/arpan/unitree2/unitree_sdk2/utlidar_slam/install/lidar_bridge/share/lidar_bridge/environment/ament_prefix_path.dsv
[7.826s] -- Symlinking: /home/arpan/unitree2/unitree_sdk2/utlidar_slam/install/lidar_bridge/share/lidar_bridge/environment/path.sh
[7.835s] -- Symlinking: /home/arpan/unitree2/unitree_sdk2/utlidar_slam/install/lidar_bridge/share/lidar_bridge/environment/path.dsv
[7.844s] -- Symlinking: /home/arpan/unitree2/unitree_sdk2/utlidar_slam/install/lidar_bridge/share/lidar_bridge/local_setup.bash
[7.853s] -- Symlinking: /home/arpan/unitree2/unitree_sdk2/utlidar_slam/install/lidar_bridge/share/lidar_bridge/local_setup.sh
[7.862s] -- Symlinking: /home/arpan/unitree2/unitree_sdk2/utlidar_slam/install/lidar_bridge/share/lidar_bridge/local_setup.zsh
[7.870s] -- Symlinking: /home/arpan/unitree2/unitree_sdk2/utlidar_slam/install/lidar_bridge/share/lidar_bridge/local_setup.dsv
[7.879s] -- Symlinking: /home/arpan/unitree2/unitree_sdk2/utlidar_slam/install/lidar_bridge/share/lidar_bridge/package.dsv
[7.888s] -- Symlinking: /home/arpan/unitree2/unitree_sdk2/utlidar_slam/install/lidar_bridge/share/ament_index/resource_index/packages/lidar_bridge
[7.898s] -- Symlinking: /home/arpan/unitree2/unitree_sdk2/utlidar_slam/install/lidar_bridge/share/lidar_bridge/cmake/lidar_bridgeConfig.cmake
[7.907s] -- Symlinking: /home/arpan/unitree2/unitree_sdk2/utlidar_slam/install/lidar_bridge/share/lidar_bridge/cmake/lidar_bridgeConfig-version.cmake
[7.917s] -- Symlinking: /home/arpan/unitree2/unitree_sdk2/utlidar_slam/install/lidar_bridge/share/lidar_bridge/package.xml
[7.928s] Invoked command in '/home/arpan/unitree2/unitree_sdk2/utlidar_slam/build/lidar_bridge' returned '0': CMAKE_PREFIX_PATH=${CMAKE_PREFIX_PATH}:/home/arpan/unitree2/mid360_slam_ws/install/scan_qos_relay:/home/arpan/unitree2/mid360_slam_ws/install/mid360_slam:/home/arpan/unitree2/fast-lio-ws/install/go2_nav_helper:/home/arpan/turtlebot3_ws/install/turtlebot3_teleop:/home/arpan/turtlebot3_ws/install/turtlebot3_example:/opt/ros/humble /usr/bin/cmake --install /home/arpan/unitree2/unitree_sdk2/utlidar_slam/build/lidar_bridge
