In file included from [01m[K/home/arpan/unitree2/unitree_sdk2/utlidar_slam/src/odom_bridge/../../../include/unitree/common/any.hpp:4[m[K,
                 from [01m[K/home/arpan/unitree2/unitree_sdk2/utlidar_slam/src/odom_bridge/../../../include/unitree/common/json/json.hpp:4[m[K,
                 from [01m[K/home/arpan/unitree2/unitree_sdk2/utlidar_slam/src/odom_bridge/../../../include/unitree/common/dds/dds_qos_policy_parameter.hpp:4[m[K,
                 from [01m[K/home/arpan/unitree2/unitree_sdk2/utlidar_slam/src/odom_bridge/../../../include/unitree/common/dds/dds_qos_parameter.hpp:4[m[K,
                 from [01m[K/home/arpan/unitree2/unitree_sdk2/utlidar_slam/src/odom_bridge/../../../include/unitree/common/dds/dds_parameter.hpp:5[m[K,
                 from [01m[K/home/arpan/unitree2/unitree_sdk2/utlidar_slam/src/odom_bridge/../../../include/unitree/common/dds/dds_factory_model.hpp:4[m[K,
                 from [01m[K/home/arpan/unitree2/unitree_sdk2/utlidar_slam/src/odom_bridge/../../../include/unitree/robot/channel/channel_factory.hpp:4[m[K,
                 from [01m[K/home/arpan/unitree2/unitree_sdk2/utlidar_slam/src/odom_bridge/../../../include/unitree/robot/channel/channel_subscriber.hpp:4[m[K,
                 from [01m[K/home/arpan/unitree2/unitree_sdk2/utlidar_slam/src/odom_bridge/src/odom_bridge_node.cpp:6[m[K:
[01m[K/home/arpan/unitree2/unitree_sdk2/utlidar_slam/src/odom_bridge/../../../include/unitree/common/exception.hpp:123:37:[m[K [01;35m[Kwarning: [m[KISO C++ does not permit named variadic macros [[01;35m[K]8;;https://gcc.gnu.org/onlinedocs/gcc/Warning-Options.html#index-Wvariadic-macros-Wvariadic-macros]8;;[m[K]
  123 | #define UT_THROW(ExceptionType, args[01;35m[K...[m[K)    \
      |                                     [01;35m[K^~~[m[K
[01m[K/home/arpan/unitree2/unitree_sdk2/utlidar_slam/src/odom_bridge/../../../include/unitree/common/exception.hpp:131:51:[m[K [01;35m[Kwarning: [m[KISO C++ does not permit named variadic macros [[01;35m[K]8;;https://gcc.gnu.org/onlinedocs/gcc/Warning-Options.html#index-Wvariadic-macros-Wvariadic-macros]8;;[m[K]
  131 | #define UT_THROW_IF(condition, ExceptionType, args[01;35m[K...[m[K)  \
      |                                                   [01;35m[K^~~[m[K
In file included from [01m[K/home/arpan/unitree2/unitree_sdk2/utlidar_slam/src/odom_bridge/../../../include/unitree/common/dds/dds_topic_channel.hpp:4[m[K,
                 from [01m[K/home/arpan/unitree2/unitree_sdk2/utlidar_slam/src/odom_bridge/../../../include/unitree/common/dds/dds_factory_model.hpp:5[m[K,
                 from [01m[K/home/arpan/unitree2/unitree_sdk2/utlidar_slam/src/odom_bridge/../../../include/unitree/robot/channel/channel_factory.hpp:4[m[K,
                 from [01m[K/home/arpan/unitree2/unitree_sdk2/utlidar_slam/src/odom_bridge/../../../include/unitree/robot/channel/channel_subscriber.hpp:4[m[K,
                 from [01m[K/home/arpan/unitree2/unitree_sdk2/utlidar_slam/src/odom_bridge/src/odom_bridge_node.cpp:6[m[K:
[01m[K/home/arpan/unitree2/unitree_sdk2/utlidar_slam/src/odom_bridge/../../../include/unitree/common/dds/dds_entity.hpp:4:10:[m[K [01;31m[Kfatal error: [m[Kdds/dds.hpp: No such file or directory
    4 | #include [01;31m[K<dds/dds.hpp>[m[K
      |          [01;31m[K^~~~~~~~~~~~~[m[K
compilation terminated.
gmake[2]: *** [CMakeFiles/odom_bridge_node.dir/build.make:76: CMakeFiles/odom_bridge_node.dir/src/odom_bridge_node.cpp.o] Error 1
gmake[1]: *** [CMakeFiles/Makefile2:137: CMakeFiles/odom_bridge_node.dir/all] Error 2
gmake: *** [Makefile:146: all] Error 2
