running develop
running egg_info
creating qos_relay.egg-info
writing qos_relay.egg-info/PKG-INFO
writing dependency_links to qos_relay.egg-info/dependency_links.txt
writing entry points to qos_relay.egg-info/entry_points.txt
writing requirements to qos_relay.egg-info/requires.txt
writing top-level names to qos_relay.egg-info/top_level.txt
writing manifest file 'qos_relay.egg-info/SOURCES.txt'
reading manifest file 'qos_relay.egg-info/SOURCES.txt'
writing manifest file 'qos_relay.egg-info/SOURCES.txt'
running build_ext
Creating /home/arpan/unitree2/unitree_sdk2/utlidar_slam/install/qos_relay/lib/python3.10/site-packages/qos-relay.egg-link (link to .)
Installing scan_relay_node script to /home/arpan/unitree2/unitree_sdk2/utlidar_slam/install/qos_relay/lib/qos_relay

Installed /home/arpan/unitree2/unitree_sdk2/utlidar_slam/build/qos_relay
running symlink_data
creating /home/arpan/unitree2/unitree_sdk2/utlidar_slam/install/qos_relay/share/ament_index
creating /home/arpan/unitree2/unitree_sdk2/utlidar_slam/install/qos_relay/share/ament_index/resource_index
creating /home/arpan/unitree2/unitree_sdk2/utlidar_slam/install/qos_relay/share/ament_index/resource_index/packages
symbolically linking /home/arpan/unitree2/unitree_sdk2/utlidar_slam/build/qos_relay/resource/qos_relay -> /home/arpan/unitree2/unitree_sdk2/utlidar_slam/install/qos_relay/share/ament_index/resource_index/packages
symbolically linking /home/arpan/unitree2/unitree_sdk2/utlidar_slam/build/qos_relay/package.xml -> /home/arpan/unitree2/unitree_sdk2/utlidar_slam/install/qos_relay/share/qos_relay
