[0.707s] Invoking command in '/home/arpan/unitree2/unitree_sdk2/utlidar_slam/build/qos_relay': PYTHONPATH=/home/arpan/unitree2/unitree_sdk2/utlidar_slam/build/qos_relay/prefix_override:/usr/lib/python3/dist-packages/colcon_core/task/python/colcon_distutils_commands:/home/arpan/unitree2/unitree_sdk2/utlidar_slam/install/qos_relay/lib/python3.10/site-packages:${PYTHONPATH} /usr/bin/python3 -W ignore:setup.py install is deprecated -W ignore:easy_install command is deprecated setup.py develop --editable --build-directory /home/arpan/unitree2/unitree_sdk2/utlidar_slam/build/qos_relay/build --no-deps symlink_data
[0.972s] running develop
[1.174s] running egg_info
[1.174s] creating qos_relay.egg-info
[1.174s] writing qos_relay.egg-info/PKG-INFO
[1.174s] writing dependency_links to qos_relay.egg-info/dependency_links.txt
[1.174s] writing entry points to qos_relay.egg-info/entry_points.txt
[1.174s] writing requirements to qos_relay.egg-info/requires.txt
[1.175s] writing top-level names to qos_relay.egg-info/top_level.txt
[1.175s] writing manifest file 'qos_relay.egg-info/SOURCES.txt'
[1.176s] reading manifest file 'qos_relay.egg-info/SOURCES.txt'
[1.177s] writing manifest file 'qos_relay.egg-info/SOURCES.txt'
[1.178s] running build_ext
[1.178s] Creating /home/arpan/unitree2/unitree_sdk2/utlidar_slam/install/qos_relay/lib/python3.10/site-packages/qos-relay.egg-link (link to .)
[1.179s] Installing scan_relay_node script to /home/arpan/unitree2/unitree_sdk2/utlidar_slam/install/qos_relay/lib/qos_relay
[1.179s] 
[1.179s] Installed /home/arpan/unitree2/unitree_sdk2/utlidar_slam/build/qos_relay
[1.179s] running symlink_data
[1.180s] creating /home/arpan/unitree2/unitree_sdk2/utlidar_slam/install/qos_relay/share/ament_index
[1.180s] creating /home/arpan/unitree2/unitree_sdk2/utlidar_slam/install/qos_relay/share/ament_index/resource_index
[1.180s] creating /home/arpan/unitree2/unitree_sdk2/utlidar_slam/install/qos_relay/share/ament_index/resource_index/packages
[1.180s] symbolically linking /home/arpan/unitree2/unitree_sdk2/utlidar_slam/build/qos_relay/resource/qos_relay -> /home/arpan/unitree2/unitree_sdk2/utlidar_slam/install/qos_relay/share/ament_index/resource_index/packages
[1.180s] symbolically linking /home/arpan/unitree2/unitree_sdk2/utlidar_slam/build/qos_relay/package.xml -> /home/arpan/unitree2/unitree_sdk2/utlidar_slam/install/qos_relay/share/qos_relay
[1.212s] Invoked command in '/home/arpan/unitree2/unitree_sdk2/utlidar_slam/build/qos_relay' returned '0': PYTHONPATH=/home/arpan/unitree2/unitree_sdk2/utlidar_slam/build/qos_relay/prefix_override:/usr/lib/python3/dist-packages/colcon_core/task/python/colcon_distutils_commands:/home/arpan/unitree2/unitree_sdk2/utlidar_slam/install/qos_relay/lib/python3.10/site-packages:${PYTHONPATH} /usr/bin/python3 -W ignore:setup.py install is deprecated -W ignore:easy_install command is deprecated setup.py develop --editable --build-directory /home/arpan/unitree2/unitree_sdk2/utlidar_slam/build/qos_relay/build --no-deps symlink_data
