[0.042s] Invoking command in '/home/arpan/unitree2/unitree_sdk2/utlidar_slam/build/odom_bridge': CMAKE_PREFIX_PATH=${CMAKE_PREFIX_PATH}:/home/arpan/unitree2/unitree_sdk2/utlidar_slam/install/qos_relay:/home/arpan/unitree2/mid360_slam_ws/install/scan_qos_relay:/home/arpan/unitree2/mid360_slam_ws/install/mid360_slam:/home/arpan/unitree2/fast-lio-ws/install/go2_nav_helper:/home/arpan/turtlebot3_ws/install/turtlebot3_teleop:/home/arpan/turtlebot3_ws/install/turtlebot3_example:/opt/ros/humble /usr/bin/cmake /home/arpan/unitree2/unitree_sdk2/utlidar_slam/src/odom_bridge -DCMAKE_INSTALL_PREFIX=/home/arpan/unitree2/unitree_sdk2/utlidar_slam/install/odom_bridge
[0.513s] -- The C compiler identification is GNU 11.4.0
[0.513s] -- The CXX compiler identification is GNU 11.4.0
[0.514s] -- Detecting C compiler ABI info
[0.514s] -- Detecting C compiler ABI info - done
[0.515s] -- Check for working C compiler: /usr/bin/cc - skipped
[0.515s] -- Detecting C compile features
[0.515s] -- Detecting C compile features - done
[0.516s] -- Detecting CXX compiler ABI info
[0.516s] -- Detecting CXX compiler ABI info - done
[0.516s] -- Check for working CXX compiler: /usr/bin/c++ - skipped
[0.516s] -- Detecting CXX compile features
[0.516s] -- Detecting CXX compile features - done
[0.517s] -- Found ament_cmake: 1.3.11 (/opt/ros/humble/share/ament_cmake/cmake)
[0.732s] -- Found Python3: /usr/bin/python3 (found version "3.10.12") found components: Interpreter 
[0.912s] -- Found rclcpp: 16.0.12 (/opt/ros/humble/share/rclcpp/cmake)
[1.019s] -- Found rosidl_generator_c: 3.1.6 (/opt/ros/humble/share/rosidl_generator_c/cmake)
[1.036s] -- Found rosidl_adapter: 3.1.6 (/opt/ros/humble/share/rosidl_adapter/cmake)
[1.062s] -- Found rosidl_generator_cpp: 3.1.6 (/opt/ros/humble/share/rosidl_generator_cpp/cmake)
[1.093s] -- Using all available rosidl_typesupport_c: rosidl_typesupport_fastrtps_c;rosidl_typesupport_introspection_c
[1.128s] -- Using all available rosidl_typesupport_cpp: rosidl_typesupport_fastrtps_cpp;rosidl_typesupport_introspection_cpp
[1.224s] -- Found rmw_implementation_cmake: 6.1.2 (/opt/ros/humble/share/rmw_implementation_cmake/cmake)
[1.231s] -- Found rmw_fastrtps_cpp: 6.2.7 (/opt/ros/humble/share/rmw_fastrtps_cpp/cmake)
[1.391s] -- Found OpenSSL: /usr/lib/x86_64-linux-gnu/libcrypto.so (found version "3.0.2")  
[1.447s] -- Found FastRTPS: /opt/ros/humble/include  
[1.519s] -- Using RMW implementation 'rmw_fastrtps_cpp' as default
[1.541s] -- Looking for pthread.h
[1.672s] -- Looking for pthread.h - found
[1.673s] -- Performing Test CMAKE_HAVE_LIBC_PTHREAD
[1.840s] -- Performing Test CMAKE_HAVE_LIBC_PTHREAD - Success
[1.841s] -- Found Threads: TRUE  
[1.972s] -- Found nav_msgs: 4.8.0 (/opt/ros/humble/share/nav_msgs/cmake)
[2.026s] -- Found tf2_ros: 0.25.12 (/opt/ros/humble/share/tf2_ros/cmake)
[2.275s] -- Found tf2_geometry_msgs: 0.25.12 (/opt/ros/humble/share/tf2_geometry_msgs/cmake)
[2.314s] -- Found eigen3_cmake_module: 0.1.1 (/opt/ros/humble/share/eigen3_cmake_module/cmake)
[2.316s] -- Found Eigen3: TRUE (found version "3.4.0") 
[2.316s] -- Ensuring Eigen3 include directory is part of orocos-kdl CMake target
[2.325s] -- Found sensor_msgs: 4.8.0 (/opt/ros/humble/share/sensor_msgs/cmake)
[2.354s] -- Found kdl_parser: 2.6.4 (/opt/ros/humble/share/kdl_parser/cmake)
[2.367s] -- Found urdf: 2.6.1 (/opt/ros/humble/share/urdf/cmake)
[2.546s] -- Configuring done
[2.567s] -- Generating done
[2.573s] -- Build files have been written to: /home/arpan/unitree2/unitree_sdk2/utlidar_slam/build/odom_bridge
[2.587s] Invoked command in '/home/arpan/unitree2/unitree_sdk2/utlidar_slam/build/odom_bridge' returned '0': CMAKE_PREFIX_PATH=${CMAKE_PREFIX_PATH}:/home/arpan/unitree2/unitree_sdk2/utlidar_slam/install/qos_relay:/home/arpan/unitree2/mid360_slam_ws/install/scan_qos_relay:/home/arpan/unitree2/mid360_slam_ws/install/mid360_slam:/home/arpan/unitree2/fast-lio-ws/install/go2_nav_helper:/home/arpan/turtlebot3_ws/install/turtlebot3_teleop:/home/arpan/turtlebot3_ws/install/turtlebot3_example:/opt/ros/humble /usr/bin/cmake /home/arpan/unitree2/unitree_sdk2/utlidar_slam/src/odom_bridge -DCMAKE_INSTALL_PREFIX=/home/arpan/unitree2/unitree_sdk2/utlidar_slam/install/odom_bridge
[2.589s] Invoking command in '/home/arpan/unitree2/unitree_sdk2/utlidar_slam/build/odom_bridge': CMAKE_PREFIX_PATH=${CMAKE_PREFIX_PATH}:/home/arpan/unitree2/unitree_sdk2/utlidar_slam/install/qos_relay:/home/arpan/unitree2/mid360_slam_ws/install/scan_qos_relay:/home/arpan/unitree2/mid360_slam_ws/install/mid360_slam:/home/arpan/unitree2/fast-lio-ws/install/go2_nav_helper:/home/arpan/turtlebot3_ws/install/turtlebot3_teleop:/home/arpan/turtlebot3_ws/install/turtlebot3_example:/opt/ros/humble /usr/bin/cmake --build /home/arpan/unitree2/unitree_sdk2/utlidar_slam/build/odom_bridge -- -j12 -l12
[2.670s] [ 50%] [32mBuilding CXX object CMakeFiles/odom_bridge_node.dir/src/odom_bridge_node.cpp.o[0m
[19.219s] [100%] [32m[1mLinking CXX executable odom_bridge_node[0m
[20.241s] [100%] Built target odom_bridge_node
[20.258s] Invoked command in '/home/arpan/unitree2/unitree_sdk2/utlidar_slam/build/odom_bridge' returned '0': CMAKE_PREFIX_PATH=${CMAKE_PREFIX_PATH}:/home/arpan/unitree2/unitree_sdk2/utlidar_slam/install/qos_relay:/home/arpan/unitree2/mid360_slam_ws/install/scan_qos_relay:/home/arpan/unitree2/mid360_slam_ws/install/mid360_slam:/home/arpan/unitree2/fast-lio-ws/install/go2_nav_helper:/home/arpan/turtlebot3_ws/install/turtlebot3_teleop:/home/arpan/turtlebot3_ws/install/turtlebot3_example:/opt/ros/humble /usr/bin/cmake --build /home/arpan/unitree2/unitree_sdk2/utlidar_slam/build/odom_bridge -- -j12 -l12
[20.260s] Invoking command in '/home/arpan/unitree2/unitree_sdk2/utlidar_slam/build/odom_bridge': CMAKE_PREFIX_PATH=${CMAKE_PREFIX_PATH}:/home/arpan/unitree2/unitree_sdk2/utlidar_slam/install/qos_relay:/home/arpan/unitree2/mid360_slam_ws/install/scan_qos_relay:/home/arpan/unitree2/mid360_slam_ws/install/mid360_slam:/home/arpan/unitree2/fast-lio-ws/install/go2_nav_helper:/home/arpan/turtlebot3_ws/install/turtlebot3_teleop:/home/arpan/turtlebot3_ws/install/turtlebot3_example:/opt/ros/humble /usr/bin/cmake --install /home/arpan/unitree2/unitree_sdk2/utlidar_slam/build/odom_bridge
[20.271s] -- Install configuration: ""
[20.271s] -- Installing: /home/arpan/unitree2/unitree_sdk2/utlidar_slam/install/odom_bridge/lib/odom_bridge/odom_bridge_node
[20.278s] -- Set runtime path of "/home/arpan/unitree2/unitree_sdk2/utlidar_slam/install/odom_bridge/lib/odom_bridge/odom_bridge_node" to ""
[20.279s] -- Installing: /home/arpan/unitree2/unitree_sdk2/utlidar_slam/install/odom_bridge/share/ament_index/resource_index/package_run_dependencies/odom_bridge
[20.279s] -- Installing: /home/arpan/unitree2/unitree_sdk2/utlidar_slam/install/odom_bridge/share/ament_index/resource_index/parent_prefix_path/odom_bridge
[20.279s] -- Installing: /home/arpan/unitree2/unitree_sdk2/utlidar_slam/install/odom_bridge/share/odom_bridge/environment/ament_prefix_path.sh
[20.280s] -- Installing: /home/arpan/unitree2/unitree_sdk2/utlidar_slam/install/odom_bridge/share/odom_bridge/environment/ament_prefix_path.dsv
[20.280s] -- Installing: /home/arpan/unitree2/unitree_sdk2/utlidar_slam/install/odom_bridge/share/odom_bridge/environment/path.sh
[20.280s] -- Installing: /home/arpan/unitree2/unitree_sdk2/utlidar_slam/install/odom_bridge/share/odom_bridge/environment/path.dsv
[20.280s] -- Installing: /home/arpan/unitree2/unitree_sdk2/utlidar_slam/install/odom_bridge/share/odom_bridge/local_setup.bash
[20.281s] -- Installing: /home/arpan/unitree2/unitree_sdk2/utlidar_slam/install/odom_bridge/share/odom_bridge/local_setup.sh
[20.281s] -- Installing: /home/arpan/unitree2/unitree_sdk2/utlidar_slam/install/odom_bridge/share/odom_bridge/local_setup.zsh
[20.281s] -- Installing: /home/arpan/unitree2/unitree_sdk2/utlidar_slam/install/odom_bridge/share/odom_bridge/local_setup.dsv
[20.281s] -- Installing: /home/arpan/unitree2/unitree_sdk2/utlidar_slam/install/odom_bridge/share/odom_bridge/package.dsv
[20.281s] -- Installing: /home/arpan/unitree2/unitree_sdk2/utlidar_slam/install/odom_bridge/share/ament_index/resource_index/packages/odom_bridge
[20.282s] -- Installing: /home/arpan/unitree2/unitree_sdk2/utlidar_slam/install/odom_bridge/share/odom_bridge/cmake/odom_bridgeConfig.cmake
[20.282s] -- Installing: /home/arpan/unitree2/unitree_sdk2/utlidar_slam/install/odom_bridge/share/odom_bridge/cmake/odom_bridgeConfig-version.cmake
[20.282s] -- Installing: /home/arpan/unitree2/unitree_sdk2/utlidar_slam/install/odom_bridge/share/odom_bridge/package.xml
[20.285s] Invoked command in '/home/arpan/unitree2/unitree_sdk2/utlidar_slam/build/odom_bridge' returned '0': CMAKE_PREFIX_PATH=${CMAKE_PREFIX_PATH}:/home/arpan/unitree2/unitree_sdk2/utlidar_slam/install/qos_relay:/home/arpan/unitree2/mid360_slam_ws/install/scan_qos_relay:/home/arpan/unitree2/mid360_slam_ws/install/mid360_slam:/home/arpan/unitree2/fast-lio-ws/install/go2_nav_helper:/home/arpan/turtlebot3_ws/install/turtlebot3_teleop:/home/arpan/turtlebot3_ws/install/turtlebot3_example:/opt/ros/humble /usr/bin/cmake --install /home/arpan/unitree2/unitree_sdk2/utlidar_slam/build/odom_bridge
