[0.155s] [34mcolcon[0m [1;30mDEBUG[0m [32mCommand line arguments: ['/usr/bin/colcon', 'build'][0m
[0.155s] [34mcolcon[0m [1;30mDEBUG[0m [32mParsed command line arguments: Namespace(log_base=None, log_level=None, verb_name='build', build_base='build', install_base='install', merge_install=False, symlink_install=False, test_result_base=None, continue_on_error=False, executor='parallel', parallel_workers=12, event_handlers=None, ignore_user_meta=False, metas=['./colcon.meta'], base_paths=['.'], packages_ignore=None, packages_ignore_regex=None, paths=None, packages_up_to=None, packages_up_to_regex=None, packages_above=None, packages_above_and_dependencies=None, packages_above_depth=None, packages_select_by_dep=None, packages_skip_by_dep=None, packages_skip_up_to=None, packages_select_build_failed=False, packages_skip_build_finished=False, packages_select_test_failures=False, packages_skip_test_passed=False, packages_select=None, packages_skip=None, packages_select_regex=None, packages_skip_regex=None, packages_start=None, packages_end=None, allow_overriding=[], cmake_args=None, cmake_target=None, cmake_target_skip_unavailable=False, cmake_clean_cache=False, cmake_clean_first=False, cmake_force_configure=False, ament_cmake_args=None, catkin_cmake_args=None, catkin_skip_building_tests=False, mixin_files=None, mixin=None, verb_parser=<colcon_mixin.mixin.mixin_argument.MixinArgumentDecorator object at 0x765bdd05ef20>, verb_extension=<colcon_core.verb.build.BuildVerb object at 0x765bdd05fcd0>, main=<bound method BuildVerb.main of <colcon_core.verb.build.BuildVerb object at 0x765bdd05fcd0>>, mixin_verb=('build',))[0m
[0.331s] [34mcolcon.colcon_core.package_discovery[0m [1;30mLevel 1[0m discover_packages(colcon_meta) check parameters
[0.331s] [34mcolcon.colcon_core.package_discovery[0m [1;30mLevel 1[0m discover_packages(recursive) check parameters
[0.331s] [34mcolcon.colcon_core.package_discovery[0m [1;30mLevel 1[0m discover_packages(ignore) check parameters
[0.331s] [34mcolcon.colcon_core.package_discovery[0m [1;30mLevel 1[0m discover_packages(path) check parameters
[0.331s] [34mcolcon.colcon_core.package_discovery[0m [1;30mLevel 1[0m discover_packages(colcon_meta) discover
[0.331s] [34mcolcon.colcon_core.package_discovery[0m [1;30mLevel 1[0m discover_packages(recursive) discover
[0.331s] [34mcolcon.colcon_core.package_discovery[0m [1;30mINFO[0m Crawling recursively for packages in '/home/arpan/unitree2/unitree_sdk2/utlidar_slam'
[0.331s] [34mcolcon.colcon_core.package_identification[0m [1;30mLevel 1[0m _identify(.) by extensions ['ignore', 'ignore_ament_install']
[0.332s] [34mcolcon.colcon_core.package_identification[0m [1;30mLevel 1[0m _identify(.) by extension 'ignore'
[0.332s] [34mcolcon.colcon_core.package_identification[0m [1;30mLevel 1[0m _identify(.) by extension 'ignore_ament_install'
[0.332s] [34mcolcon.colcon_core.package_identification[0m [1;30mLevel 1[0m _identify(.) by extensions ['colcon_pkg']
[0.332s] [34mcolcon.colcon_core.package_identification[0m [1;30mLevel 1[0m _identify(.) by extension 'colcon_pkg'
[0.332s] [34mcolcon.colcon_core.package_identification[0m [1;30mLevel 1[0m _identify(.) by extensions ['colcon_meta']
[0.332s] [34mcolcon.colcon_core.package_identification[0m [1;30mLevel 1[0m _identify(.) by extension 'colcon_meta'
[0.332s] [34mcolcon.colcon_core.package_identification[0m [1;30mLevel 1[0m _identify(.) by extensions ['ros']
[0.332s] [34mcolcon.colcon_core.package_identification[0m [1;30mLevel 1[0m _identify(.) by extension 'ros'
[0.348s] [34mcolcon.colcon_core.package_identification[0m [1;30mLevel 1[0m _identify(.) by extensions ['cmake', 'python']
[0.348s] [34mcolcon.colcon_core.package_identification[0m [1;30mLevel 1[0m _identify(.) by extension 'cmake'
[0.348s] [34mcolcon.colcon_core.package_identification[0m [1;30mLevel 1[0m _identify(.) by extension 'python'
[0.348s] [34mcolcon.colcon_core.package_identification[0m [1;30mLevel 1[0m _identify(.) by extensions ['python_setup_py']
[0.348s] [34mcolcon.colcon_core.package_identification[0m [1;30mLevel 1[0m _identify(.) by extension 'python_setup_py'
[0.348s] [34mcolcon.colcon_core.package_identification[0m [1;30mLevel 1[0m _identify(build) by extensions ['ignore', 'ignore_ament_install']
[0.348s] [34mcolcon.colcon_core.package_identification[0m [1;30mLevel 1[0m _identify(build) by extension 'ignore'
[0.349s] [34mcolcon.colcon_core.package_identification[0m [1;30mLevel 1[0m _identify(build) ignored
[0.349s] [34mcolcon.colcon_core.package_identification[0m [1;30mLevel 1[0m _identify(install) by extensions ['ignore', 'ignore_ament_install']
[0.349s] [34mcolcon.colcon_core.package_identification[0m [1;30mLevel 1[0m _identify(install) by extension 'ignore'
[0.349s] [34mcolcon.colcon_core.package_identification[0m [1;30mLevel 1[0m _identify(install) ignored
[0.349s] [34mcolcon.colcon_core.package_identification[0m [1;30mLevel 1[0m _identify(log) by extensions ['ignore', 'ignore_ament_install']
[0.349s] [34mcolcon.colcon_core.package_identification[0m [1;30mLevel 1[0m _identify(log) by extension 'ignore'
[0.349s] [34mcolcon.colcon_core.package_identification[0m [1;30mLevel 1[0m _identify(log) ignored
[0.349s] [34mcolcon.colcon_core.package_identification[0m [1;30mLevel 1[0m _identify(src) by extensions ['ignore', 'ignore_ament_install']
[0.349s] [34mcolcon.colcon_core.package_identification[0m [1;30mLevel 1[0m _identify(src) by extension 'ignore'
[0.349s] [34mcolcon.colcon_core.package_identification[0m [1;30mLevel 1[0m _identify(src) by extension 'ignore_ament_install'
[0.349s] [34mcolcon.colcon_core.package_identification[0m [1;30mLevel 1[0m _identify(src) by extensions ['colcon_pkg']
[0.349s] [34mcolcon.colcon_core.package_identification[0m [1;30mLevel 1[0m _identify(src) by extension 'colcon_pkg'
[0.349s] [34mcolcon.colcon_core.package_identification[0m [1;30mLevel 1[0m _identify(src) by extensions ['colcon_meta']
[0.349s] [34mcolcon.colcon_core.package_identification[0m [1;30mLevel 1[0m _identify(src) by extension 'colcon_meta'
[0.349s] [34mcolcon.colcon_core.package_identification[0m [1;30mLevel 1[0m _identify(src) by extensions ['ros']
[0.349s] [34mcolcon.colcon_core.package_identification[0m [1;30mLevel 1[0m _identify(src) by extension 'ros'
[0.349s] [34mcolcon.colcon_core.package_identification[0m [1;30mLevel 1[0m _identify(src) by extensions ['cmake', 'python']
[0.349s] [34mcolcon.colcon_core.package_identification[0m [1;30mLevel 1[0m _identify(src) by extension 'cmake'
[0.349s] [34mcolcon.colcon_core.package_identification[0m [1;30mLevel 1[0m _identify(src) by extension 'python'
[0.350s] [34mcolcon.colcon_core.package_identification[0m [1;30mLevel 1[0m _identify(src) by extensions ['python_setup_py']
[0.350s] [34mcolcon.colcon_core.package_identification[0m [1;30mLevel 1[0m _identify(src) by extension 'python_setup_py'
[0.350s] [34mcolcon.colcon_core.package_identification[0m [1;30mLevel 1[0m _identify(src/build) by extensions ['ignore', 'ignore_ament_install']
[0.350s] [34mcolcon.colcon_core.package_identification[0m [1;30mLevel 1[0m _identify(src/build) by extension 'ignore'
[0.350s] [34mcolcon.colcon_core.package_identification[0m [1;30mLevel 1[0m _identify(src/build) ignored
[0.350s] [34mcolcon.colcon_core.package_identification[0m [1;30mLevel 1[0m _identify(src/install) by extensions ['ignore', 'ignore_ament_install']
[0.350s] [34mcolcon.colcon_core.package_identification[0m [1;30mLevel 1[0m _identify(src/install) by extension 'ignore'
[0.350s] [34mcolcon.colcon_core.package_identification[0m [1;30mLevel 1[0m _identify(src/install) ignored
[0.350s] [34mcolcon.colcon_core.package_identification[0m [1;30mLevel 1[0m _identify(src/lidar_bridge) by extensions ['ignore', 'ignore_ament_install']
[0.350s] [34mcolcon.colcon_core.package_identification[0m [1;30mLevel 1[0m _identify(src/lidar_bridge) by extension 'ignore'
[0.350s] [34mcolcon.colcon_core.package_identification[0m [1;30mLevel 1[0m _identify(src/lidar_bridge) by extension 'ignore_ament_install'
[0.350s] [34mcolcon.colcon_core.package_identification[0m [1;30mLevel 1[0m _identify(src/lidar_bridge) by extensions ['colcon_pkg']
[0.350s] [34mcolcon.colcon_core.package_identification[0m [1;30mLevel 1[0m _identify(src/lidar_bridge) by extension 'colcon_pkg'
[0.350s] [34mcolcon.colcon_core.package_identification[0m [1;30mLevel 1[0m _identify(src/lidar_bridge) by extensions ['colcon_meta']
[0.350s] [34mcolcon.colcon_core.package_identification[0m [1;30mLevel 1[0m _identify(src/lidar_bridge) by extension 'colcon_meta'
[0.350s] [34mcolcon.colcon_core.package_identification[0m [1;30mLevel 1[0m _identify(src/lidar_bridge) by extensions ['ros']
[0.350s] [34mcolcon.colcon_core.package_identification[0m [1;30mLevel 1[0m _identify(src/lidar_bridge) by extension 'ros'
[0.353s] [34mcolcon.colcon_core.package_identification[0m [1;30mDEBUG[0m [32mPackage 'src/lidar_bridge' with type 'ros.ament_cmake' and name 'lidar_bridge'[0m
[0.353s] [34mcolcon.colcon_core.package_identification[0m [1;30mLevel 1[0m _identify(src/log) by extensions ['ignore', 'ignore_ament_install']
[0.353s] [34mcolcon.colcon_core.package_identification[0m [1;30mLevel 1[0m _identify(src/log) by extension 'ignore'
[0.353s] [34mcolcon.colcon_core.package_identification[0m [1;30mLevel 1[0m _identify(src/log) ignored
[0.353s] [34mcolcon.colcon_core.package_identification[0m [1;30mLevel 1[0m _identify(src/odom_bridge) by extensions ['ignore', 'ignore_ament_install']
[0.353s] [34mcolcon.colcon_core.package_identification[0m [1;30mLevel 1[0m _identify(src/odom_bridge) by extension 'ignore'
[0.353s] [34mcolcon.colcon_core.package_identification[0m [1;30mLevel 1[0m _identify(src/odom_bridge) by extension 'ignore_ament_install'
[0.354s] [34mcolcon.colcon_core.package_identification[0m [1;30mLevel 1[0m _identify(src/odom_bridge) by extensions ['colcon_pkg']
[0.354s] [34mcolcon.colcon_core.package_identification[0m [1;30mLevel 1[0m _identify(src/odom_bridge) by extension 'colcon_pkg'
[0.354s] [34mcolcon.colcon_core.package_identification[0m [1;30mLevel 1[0m _identify(src/odom_bridge) by extensions ['colcon_meta']
[0.354s] [34mcolcon.colcon_core.package_identification[0m [1;30mLevel 1[0m _identify(src/odom_bridge) by extension 'colcon_meta'
[0.354s] [34mcolcon.colcon_core.package_identification[0m [1;30mLevel 1[0m _identify(src/odom_bridge) by extensions ['ros']
[0.354s] [34mcolcon.colcon_core.package_identification[0m [1;30mLevel 1[0m _identify(src/odom_bridge) by extension 'ros'
[0.355s] [34mcolcon.colcon_core.package_identification[0m [1;30mDEBUG[0m [32mPackage 'src/odom_bridge' with type 'ros.ament_cmake' and name 'odom_bridge'[0m
[0.355s] [34mcolcon.colcon_core.package_identification[0m [1;30mLevel 1[0m _identify(src/odom_tester) by extensions ['ignore', 'ignore_ament_install']
[0.355s] [34mcolcon.colcon_core.package_identification[0m [1;30mLevel 1[0m _identify(src/odom_tester) by extension 'ignore'
[0.355s] [34mcolcon.colcon_core.package_identification[0m [1;30mLevel 1[0m _identify(src/odom_tester) by extension 'ignore_ament_install'
[0.355s] [34mcolcon.colcon_core.package_identification[0m [1;30mLevel 1[0m _identify(src/odom_tester) by extensions ['colcon_pkg']
[0.355s] [34mcolcon.colcon_core.package_identification[0m [1;30mLevel 1[0m _identify(src/odom_tester) by extension 'colcon_pkg'
[0.355s] [34mcolcon.colcon_core.package_identification[0m [1;30mLevel 1[0m _identify(src/odom_tester) by extensions ['colcon_meta']
[0.355s] [34mcolcon.colcon_core.package_identification[0m [1;30mLevel 1[0m _identify(src/odom_tester) by extension 'colcon_meta'
[0.355s] [34mcolcon.colcon_core.package_identification[0m [1;30mLevel 1[0m _identify(src/odom_tester) by extensions ['ros']
[0.355s] [34mcolcon.colcon_core.package_identification[0m [1;30mLevel 1[0m _identify(src/odom_tester) by extension 'ros'
[0.356s] [34mcolcon.colcon_core.package_identification[0m [1;30mDEBUG[0m [32mPackage 'src/odom_tester' with type 'ros.ament_cmake' and name 'odom_tester'[0m
[0.356s] [34mcolcon.colcon_core.package_identification[0m [1;30mLevel 1[0m _identify(src/qos_relay) by extensions ['ignore', 'ignore_ament_install']
[0.356s] [34mcolcon.colcon_core.package_identification[0m [1;30mLevel 1[0m _identify(src/qos_relay) by extension 'ignore'
[0.356s] [34mcolcon.colcon_core.package_identification[0m [1;30mLevel 1[0m _identify(src/qos_relay) by extension 'ignore_ament_install'
[0.356s] [34mcolcon.colcon_core.package_identification[0m [1;30mLevel 1[0m _identify(src/qos_relay) by extensions ['colcon_pkg']
[0.356s] [34mcolcon.colcon_core.package_identification[0m [1;30mLevel 1[0m _identify(src/qos_relay) by extension 'colcon_pkg'
[0.356s] [34mcolcon.colcon_core.package_identification[0m [1;30mLevel 1[0m _identify(src/qos_relay) by extensions ['colcon_meta']
[0.356s] [34mcolcon.colcon_core.package_identification[0m [1;30mLevel 1[0m _identify(src/qos_relay) by extension 'colcon_meta'
[0.356s] [34mcolcon.colcon_core.package_identification[0m [1;30mLevel 1[0m _identify(src/qos_relay) by extensions ['ros']
[0.356s] [34mcolcon.colcon_core.package_identification[0m [1;30mLevel 1[0m _identify(src/qos_relay) by extension 'ros'
[0.357s] [34mcolcon.colcon_core.package_identification[0m [1;30mDEBUG[0m [32mPackage 'src/qos_relay' with type 'ros.ament_python' and name 'qos_relay'[0m
[0.357s] [34mcolcon.colcon_core.package_identification[0m [1;30mLevel 1[0m _identify(src/utlidar_launcher) by extensions ['ignore', 'ignore_ament_install']
[0.357s] [34mcolcon.colcon_core.package_identification[0m [1;30mLevel 1[0m _identify(src/utlidar_launcher) by extension 'ignore'
[0.357s] [34mcolcon.colcon_core.package_identification[0m [1;30mLevel 1[0m _identify(src/utlidar_launcher) by extension 'ignore_ament_install'
[0.357s] [34mcolcon.colcon_core.package_identification[0m [1;30mLevel 1[0m _identify(src/utlidar_launcher) by extensions ['colcon_pkg']
[0.357s] [34mcolcon.colcon_core.package_identification[0m [1;30mLevel 1[0m _identify(src/utlidar_launcher) by extension 'colcon_pkg'
[0.357s] [34mcolcon.colcon_core.package_identification[0m [1;30mLevel 1[0m _identify(src/utlidar_launcher) by extensions ['colcon_meta']
[0.357s] [34mcolcon.colcon_core.package_identification[0m [1;30mLevel 1[0m _identify(src/utlidar_launcher) by extension 'colcon_meta'
[0.357s] [34mcolcon.colcon_core.package_identification[0m [1;30mLevel 1[0m _identify(src/utlidar_launcher) by extensions ['ros']
[0.357s] [34mcolcon.colcon_core.package_identification[0m [1;30mLevel 1[0m _identify(src/utlidar_launcher) by extension 'ros'
[0.358s] [34mcolcon.colcon_core.package_identification[0m [1;30mDEBUG[0m [32mPackage 'src/utlidar_launcher' with type 'ros.ament_cmake' and name 'utlidar_launcher'[0m
[0.358s] [34mcolcon.colcon_core.package_discovery[0m [1;30mLevel 1[0m discover_packages(recursive) using defaults
[0.358s] [34mcolcon.colcon_core.package_discovery[0m [1;30mLevel 1[0m discover_packages(ignore) discover
[0.358s] [34mcolcon.colcon_core.package_discovery[0m [1;30mLevel 1[0m discover_packages(ignore) using defaults
[0.358s] [34mcolcon.colcon_core.package_discovery[0m [1;30mLevel 1[0m discover_packages(path) discover
[0.358s] [34mcolcon.colcon_core.package_discovery[0m [1;30mLevel 1[0m discover_packages(path) using defaults
[0.375s] [34mcolcon.colcon_core.package_discovery[0m [1;30mLevel 1[0m discover_packages(prefix_path) check parameters
[0.375s] [34mcolcon.colcon_core.package_discovery[0m [1;30mLevel 1[0m discover_packages(prefix_path) discover
[0.376s] [34mcolcon.colcon_ros.prefix_path.ament[0m [1;30mWARNING[0m [33mThe path '/home/arpan/unitree2/unitree_sdk2/utlidar_slam/install/utlidar_launcher' in the environment variable AMENT_PREFIX_PATH doesn't exist[0m
[0.376s] [34mcolcon.colcon_ros.prefix_path.ament[0m [1;30mWARNING[0m [33mThe path '/home/arpan/unitree2/unitree_sdk2/utlidar_slam/install/qos_relay' in the environment variable AMENT_PREFIX_PATH doesn't exist[0m
[0.376s] [34mcolcon.colcon_ros.prefix_path.ament[0m [1;30mWARNING[0m [33mThe path '/home/arpan/unitree2/unitree_sdk2/utlidar_slam/install/odom_tester' in the environment variable AMENT_PREFIX_PATH doesn't exist[0m
[0.377s] [34mcolcon.colcon_ros.prefix_path.ament[0m [1;30mWARNING[0m [33mThe path '/home/arpan/unitree2/unitree_sdk2/utlidar_slam/install/odom_bridge' in the environment variable AMENT_PREFIX_PATH doesn't exist[0m
[0.377s] [34mcolcon.colcon_ros.prefix_path.ament[0m [1;30mWARNING[0m [33mThe path '/home/arpan/unitree2/unitree_sdk2/utlidar_slam/install/lidar_bridge' in the environment variable AMENT_PREFIX_PATH doesn't exist[0m
[0.377s] [34mcolcon.colcon_ros.prefix_path.catkin[0m [1;30mWARNING[0m [33mThe path '/home/arpan/unitree2/unitree_sdk2/utlidar_slam/install/utlidar_launcher' in the environment variable CMAKE_PREFIX_PATH doesn't exist[0m
[0.377s] [34mcolcon.colcon_ros.prefix_path.catkin[0m [1;30mWARNING[0m [33mThe path '/home/arpan/unitree2/unitree_sdk2/utlidar_slam/install/odom_tester' in the environment variable CMAKE_PREFIX_PATH doesn't exist[0m
[0.377s] [34mcolcon.colcon_ros.prefix_path.catkin[0m [1;30mWARNING[0m [33mThe path '/home/arpan/unitree2/unitree_sdk2/utlidar_slam/install/odom_bridge' in the environment variable CMAKE_PREFIX_PATH doesn't exist[0m
[0.377s] [34mcolcon.colcon_ros.prefix_path.catkin[0m [1;30mWARNING[0m [33mThe path '/home/arpan/unitree2/unitree_sdk2/utlidar_slam/install/lidar_bridge' in the environment variable CMAKE_PREFIX_PATH doesn't exist[0m
[0.378s] [34mcolcon.colcon_installed_package_information.package_discovery[0m [1;30mDEBUG[0m [32mFound 2 installed packages in /home/arpan/unitree2/mid360_slam_ws/install[0m
[0.379s] [34mcolcon.colcon_installed_package_information.package_discovery[0m [1;30mDEBUG[0m [32mFound 2 installed packages in /home/arpan/unitree2/fast-lio-ws/install[0m
[0.379s] [34mcolcon.colcon_installed_package_information.package_discovery[0m [1;30mDEBUG[0m [32mFound 12 installed packages in /home/arpan/turtlebot3_ws/install[0m
[0.380s] [34mcolcon.colcon_installed_package_information.package_discovery[0m [1;30mDEBUG[0m [32mFound 1 installed packages in /home/arpan/unitree2/ws_livox/install[0m
[0.380s] [34mcolcon.colcon_installed_package_information.package_discovery[0m [1;30mDEBUG[0m [32mFound 0 installed packages in /home/arpan/unitree2/unitree_sdk2/utlidar_slam/install[0m
[0.382s] [34mcolcon.colcon_installed_package_information.package_discovery[0m [1;30mDEBUG[0m [32mFound 368 installed packages in /opt/ros/humble[0m
[0.383s] [34mcolcon.colcon_core.package_discovery[0m [1;30mLevel 1[0m discover_packages(prefix_path) using defaults
[0.430s] [34mcolcon.colcon_core.verb[0m [1;30mLevel 5[0m set package 'lidar_bridge' build argument 'cmake_args' from command line to 'None'
[0.430s] [34mcolcon.colcon_core.verb[0m [1;30mLevel 5[0m set package 'lidar_bridge' build argument 'cmake_target' from command line to 'None'
[0.430s] [34mcolcon.colcon_core.verb[0m [1;30mLevel 5[0m set package 'lidar_bridge' build argument 'cmake_target_skip_unavailable' from command line to 'False'
[0.430s] [34mcolcon.colcon_core.verb[0m [1;30mLevel 5[0m set package 'lidar_bridge' build argument 'cmake_clean_cache' from command line to 'False'
[0.430s] [34mcolcon.colcon_core.verb[0m [1;30mLevel 5[0m set package 'lidar_bridge' build argument 'cmake_clean_first' from command line to 'False'
[0.430s] [34mcolcon.colcon_core.verb[0m [1;30mLevel 5[0m set package 'lidar_bridge' build argument 'cmake_force_configure' from command line to 'False'
[0.430s] [34mcolcon.colcon_core.verb[0m [1;30mLevel 5[0m set package 'lidar_bridge' build argument 'ament_cmake_args' from command line to 'None'
[0.430s] [34mcolcon.colcon_core.verb[0m [1;30mLevel 5[0m set package 'lidar_bridge' build argument 'catkin_cmake_args' from command line to 'None'
[0.430s] [34mcolcon.colcon_core.verb[0m [1;30mLevel 5[0m set package 'lidar_bridge' build argument 'catkin_skip_building_tests' from command line to 'False'
[0.431s] [34mcolcon.colcon_core.verb[0m [1;30mDEBUG[0m [32mBuilding package 'lidar_bridge' with the following arguments: {'ament_cmake_args': None, 'build_base': '/home/arpan/unitree2/unitree_sdk2/utlidar_slam/build/lidar_bridge', 'catkin_cmake_args': None, 'catkin_skip_building_tests': False, 'cmake_args': None, 'cmake_clean_cache': False, 'cmake_clean_first': False, 'cmake_force_configure': False, 'cmake_target': None, 'cmake_target_skip_unavailable': False, 'install_base': '/home/arpan/unitree2/unitree_sdk2/utlidar_slam/install/lidar_bridge', 'merge_install': False, 'path': '/home/arpan/unitree2/unitree_sdk2/utlidar_slam/src/lidar_bridge', 'symlink_install': False, 'test_result_base': None}[0m
[0.431s] [34mcolcon.colcon_core.verb[0m [1;30mLevel 5[0m set package 'odom_bridge' build argument 'cmake_args' from command line to 'None'
[0.431s] [34mcolcon.colcon_core.verb[0m [1;30mLevel 5[0m set package 'odom_bridge' build argument 'cmake_target' from command line to 'None'
[0.431s] [34mcolcon.colcon_core.verb[0m [1;30mLevel 5[0m set package 'odom_bridge' build argument 'cmake_target_skip_unavailable' from command line to 'False'
[0.431s] [34mcolcon.colcon_core.verb[0m [1;30mLevel 5[0m set package 'odom_bridge' build argument 'cmake_clean_cache' from command line to 'False'
[0.431s] [34mcolcon.colcon_core.verb[0m [1;30mLevel 5[0m set package 'odom_bridge' build argument 'cmake_clean_first' from command line to 'False'
[0.431s] [34mcolcon.colcon_core.verb[0m [1;30mLevel 5[0m set package 'odom_bridge' build argument 'cmake_force_configure' from command line to 'False'
[0.431s] [34mcolcon.colcon_core.verb[0m [1;30mLevel 5[0m set package 'odom_bridge' build argument 'ament_cmake_args' from command line to 'None'
[0.431s] [34mcolcon.colcon_core.verb[0m [1;30mLevel 5[0m set package 'odom_bridge' build argument 'catkin_cmake_args' from command line to 'None'
[0.431s] [34mcolcon.colcon_core.verb[0m [1;30mLevel 5[0m set package 'odom_bridge' build argument 'catkin_skip_building_tests' from command line to 'False'
[0.431s] [34mcolcon.colcon_core.verb[0m [1;30mDEBUG[0m [32mBuilding package 'odom_bridge' with the following arguments: {'ament_cmake_args': None, 'build_base': '/home/arpan/unitree2/unitree_sdk2/utlidar_slam/build/odom_bridge', 'catkin_cmake_args': None, 'catkin_skip_building_tests': False, 'cmake_args': None, 'cmake_clean_cache': False, 'cmake_clean_first': False, 'cmake_force_configure': False, 'cmake_target': None, 'cmake_target_skip_unavailable': False, 'install_base': '/home/arpan/unitree2/unitree_sdk2/utlidar_slam/install/odom_bridge', 'merge_install': False, 'path': '/home/arpan/unitree2/unitree_sdk2/utlidar_slam/src/odom_bridge', 'symlink_install': False, 'test_result_base': None}[0m
[0.431s] [34mcolcon.colcon_core.verb[0m [1;30mLevel 5[0m set package 'odom_tester' build argument 'cmake_args' from command line to 'None'
[0.431s] [34mcolcon.colcon_core.verb[0m [1;30mLevel 5[0m set package 'odom_tester' build argument 'cmake_target' from command line to 'None'
[0.431s] [34mcolcon.colcon_core.verb[0m [1;30mLevel 5[0m set package 'odom_tester' build argument 'cmake_target_skip_unavailable' from command line to 'False'
[0.431s] [34mcolcon.colcon_core.verb[0m [1;30mLevel 5[0m set package 'odom_tester' build argument 'cmake_clean_cache' from command line to 'False'
[0.431s] [34mcolcon.colcon_core.verb[0m [1;30mLevel 5[0m set package 'odom_tester' build argument 'cmake_clean_first' from command line to 'False'
[0.432s] [34mcolcon.colcon_core.verb[0m [1;30mLevel 5[0m set package 'odom_tester' build argument 'cmake_force_configure' from command line to 'False'
[0.432s] [34mcolcon.colcon_core.verb[0m [1;30mLevel 5[0m set package 'odom_tester' build argument 'ament_cmake_args' from command line to 'None'
[0.432s] [34mcolcon.colcon_core.verb[0m [1;30mLevel 5[0m set package 'odom_tester' build argument 'catkin_cmake_args' from command line to 'None'
[0.432s] [34mcolcon.colcon_core.verb[0m [1;30mLevel 5[0m set package 'odom_tester' build argument 'catkin_skip_building_tests' from command line to 'False'
[0.432s] [34mcolcon.colcon_core.verb[0m [1;30mDEBUG[0m [32mBuilding package 'odom_tester' with the following arguments: {'ament_cmake_args': None, 'build_base': '/home/arpan/unitree2/unitree_sdk2/utlidar_slam/build/odom_tester', 'catkin_cmake_args': None, 'catkin_skip_building_tests': False, 'cmake_args': None, 'cmake_clean_cache': False, 'cmake_clean_first': False, 'cmake_force_configure': False, 'cmake_target': None, 'cmake_target_skip_unavailable': False, 'install_base': '/home/arpan/unitree2/unitree_sdk2/utlidar_slam/install/odom_tester', 'merge_install': False, 'path': '/home/arpan/unitree2/unitree_sdk2/utlidar_slam/src/odom_tester', 'symlink_install': False, 'test_result_base': None}[0m
[0.432s] [34mcolcon.colcon_core.verb[0m [1;30mLevel 5[0m set package 'qos_relay' build argument 'cmake_args' from command line to 'None'
[0.432s] [34mcolcon.colcon_core.verb[0m [1;30mLevel 5[0m set package 'qos_relay' build argument 'cmake_target' from command line to 'None'
[0.432s] [34mcolcon.colcon_core.verb[0m [1;30mLevel 5[0m set package 'qos_relay' build argument 'cmake_target_skip_unavailable' from command line to 'False'
[0.432s] [34mcolcon.colcon_core.verb[0m [1;30mLevel 5[0m set package 'qos_relay' build argument 'cmake_clean_cache' from command line to 'False'
[0.432s] [34mcolcon.colcon_core.verb[0m [1;30mLevel 5[0m set package 'qos_relay' build argument 'cmake_clean_first' from command line to 'False'
[0.432s] [34mcolcon.colcon_core.verb[0m [1;30mLevel 5[0m set package 'qos_relay' build argument 'cmake_force_configure' from command line to 'False'
[0.432s] [34mcolcon.colcon_core.verb[0m [1;30mLevel 5[0m set package 'qos_relay' build argument 'ament_cmake_args' from command line to 'None'
[0.432s] [34mcolcon.colcon_core.verb[0m [1;30mLevel 5[0m set package 'qos_relay' build argument 'catkin_cmake_args' from command line to 'None'
[0.432s] [34mcolcon.colcon_core.verb[0m [1;30mLevel 5[0m set package 'qos_relay' build argument 'catkin_skip_building_tests' from command line to 'False'
[0.432s] [34mcolcon.colcon_core.verb[0m [1;30mDEBUG[0m [32mBuilding package 'qos_relay' with the following arguments: {'ament_cmake_args': None, 'build_base': '/home/arpan/unitree2/unitree_sdk2/utlidar_slam/build/qos_relay', 'catkin_cmake_args': None, 'catkin_skip_building_tests': False, 'cmake_args': None, 'cmake_clean_cache': False, 'cmake_clean_first': False, 'cmake_force_configure': False, 'cmake_target': None, 'cmake_target_skip_unavailable': False, 'install_base': '/home/arpan/unitree2/unitree_sdk2/utlidar_slam/install/qos_relay', 'merge_install': False, 'path': '/home/arpan/unitree2/unitree_sdk2/utlidar_slam/src/qos_relay', 'symlink_install': False, 'test_result_base': None}[0m
[0.432s] [34mcolcon.colcon_core.verb[0m [1;30mLevel 5[0m set package 'utlidar_launcher' build argument 'cmake_args' from command line to 'None'
[0.432s] [34mcolcon.colcon_core.verb[0m [1;30mLevel 5[0m set package 'utlidar_launcher' build argument 'cmake_target' from command line to 'None'
[0.432s] [34mcolcon.colcon_core.verb[0m [1;30mLevel 5[0m set package 'utlidar_launcher' build argument 'cmake_target_skip_unavailable' from command line to 'False'
[0.432s] [34mcolcon.colcon_core.verb[0m [1;30mLevel 5[0m set package 'utlidar_launcher' build argument 'cmake_clean_cache' from command line to 'False'
[0.433s] [34mcolcon.colcon_core.verb[0m [1;30mLevel 5[0m set package 'utlidar_launcher' build argument 'cmake_clean_first' from command line to 'False'
[0.433s] [34mcolcon.colcon_core.verb[0m [1;30mLevel 5[0m set package 'utlidar_launcher' build argument 'cmake_force_configure' from command line to 'False'
[0.433s] [34mcolcon.colcon_core.verb[0m [1;30mLevel 5[0m set package 'utlidar_launcher' build argument 'ament_cmake_args' from command line to 'None'
[0.433s] [34mcolcon.colcon_core.verb[0m [1;30mLevel 5[0m set package 'utlidar_launcher' build argument 'catkin_cmake_args' from command line to 'None'
[0.433s] [34mcolcon.colcon_core.verb[0m [1;30mLevel 5[0m set package 'utlidar_launcher' build argument 'catkin_skip_building_tests' from command line to 'False'
[0.433s] [34mcolcon.colcon_core.verb[0m [1;30mDEBUG[0m [32mBuilding package 'utlidar_launcher' with the following arguments: {'ament_cmake_args': None, 'build_base': '/home/arpan/unitree2/unitree_sdk2/utlidar_slam/build/utlidar_launcher', 'catkin_cmake_args': None, 'catkin_skip_building_tests': False, 'cmake_args': None, 'cmake_clean_cache': False, 'cmake_clean_first': False, 'cmake_force_configure': False, 'cmake_target': None, 'cmake_target_skip_unavailable': False, 'install_base': '/home/arpan/unitree2/unitree_sdk2/utlidar_slam/install/utlidar_launcher', 'merge_install': False, 'path': '/home/arpan/unitree2/unitree_sdk2/utlidar_slam/src/utlidar_launcher', 'symlink_install': False, 'test_result_base': None}[0m
[0.433s] [34mcolcon.colcon_core.executor[0m [1;30mINFO[0m Executing jobs using 'parallel' executor
[0.434s] [34mcolcon.colcon_parallel_executor.executor.parallel[0m [1;30mDEBUG[0m [32mrun_until_complete[0m
[0.434s] [34mcolcon.colcon_ros.task.ament_cmake.build[0m [1;30mINFO[0m Building ROS package in '/home/arpan/unitree2/unitree_sdk2/utlidar_slam/src/lidar_bridge' with build type 'ament_cmake'
[0.434s] [34mcolcon.colcon_cmake.task.cmake.build[0m [1;30mINFO[0m Building CMake package in '/home/arpan/unitree2/unitree_sdk2/utlidar_slam/src/lidar_bridge'
[0.438s] [34mcolcon.colcon_core.plugin_system[0m [1;30mINFO[0m Skipping extension 'colcon_core.shell.bat': Not used on non-Windows systems
[0.438s] [34mcolcon.colcon_core.shell[0m [1;30mINFO[0m Skip shell extension 'powershell' for command environment: Not usable outside of PowerShell
[0.438s] [34mcolcon.colcon_core.shell[0m [1;30mDEBUG[0m [32mSkip shell extension 'dsv' for command environment[0m
[0.444s] [34mcolcon.colcon_ros.task.ament_cmake.build[0m [1;30mINFO[0m Building ROS package in '/home/arpan/unitree2/unitree_sdk2/utlidar_slam/src/odom_bridge' with build type 'ament_cmake'
[0.444s] [34mcolcon.colcon_cmake.task.cmake.build[0m [1;30mINFO[0m Building CMake package in '/home/arpan/unitree2/unitree_sdk2/utlidar_slam/src/odom_bridge'
[0.444s] [34mcolcon.colcon_core.shell[0m [1;30mINFO[0m Skip shell extension 'powershell' for command environment: Not usable outside of PowerShell
[0.444s] [34mcolcon.colcon_core.shell[0m [1;30mDEBUG[0m [32mSkip shell extension 'dsv' for command environment[0m
[0.452s] [34mcolcon.colcon_ros.task.ament_cmake.build[0m [1;30mINFO[0m Building ROS package in '/home/arpan/unitree2/unitree_sdk2/utlidar_slam/src/odom_tester' with build type 'ament_cmake'
[0.452s] [34mcolcon.colcon_cmake.task.cmake.build[0m [1;30mINFO[0m Building CMake package in '/home/arpan/unitree2/unitree_sdk2/utlidar_slam/src/odom_tester'
[0.453s] [34mcolcon.colcon_core.shell[0m [1;30mINFO[0m Skip shell extension 'powershell' for command environment: Not usable outside of PowerShell
[0.453s] [34mcolcon.colcon_core.shell[0m [1;30mDEBUG[0m [32mSkip shell extension 'dsv' for command environment[0m
[0.460s] [34mcolcon.colcon_ros.task.ament_python.build[0m [1;30mINFO[0m Building ROS package in '/home/arpan/unitree2/unitree_sdk2/utlidar_slam/src/qos_relay' with build type 'ament_python'
[0.460s] [34mcolcon.colcon_core.shell[0m [1;30mLevel 1[0m create_environment_hook('qos_relay', 'ament_prefix_path')
[0.460s] [34mcolcon.colcon_core.shell[0m [1;30mINFO[0m Creating environment hook '/home/arpan/unitree2/unitree_sdk2/utlidar_slam/install/qos_relay/share/qos_relay/hook/ament_prefix_path.ps1'
[0.461s] [34mcolcon.colcon_core.shell[0m [1;30mINFO[0m Creating environment descriptor '/home/arpan/unitree2/unitree_sdk2/utlidar_slam/install/qos_relay/share/qos_relay/hook/ament_prefix_path.dsv'
[0.462s] [34mcolcon.colcon_core.shell[0m [1;30mINFO[0m Creating environment hook '/home/arpan/unitree2/unitree_sdk2/utlidar_slam/install/qos_relay/share/qos_relay/hook/ament_prefix_path.sh'
[0.463s] [34mcolcon.colcon_core.shell[0m [1;30mINFO[0m Skip shell extension 'powershell' for command environment: Not usable outside of PowerShell
[0.463s] [34mcolcon.colcon_core.shell[0m [1;30mDEBUG[0m [32mSkip shell extension 'dsv' for command environment[0m
[0.470s] [34mcolcon.colcon_ros.task.ament_cmake.build[0m [1;30mINFO[0m Building ROS package in '/home/arpan/unitree2/unitree_sdk2/utlidar_slam/src/utlidar_launcher' with build type 'ament_cmake'
[0.470s] [34mcolcon.colcon_cmake.task.cmake.build[0m [1;30mINFO[0m Building CMake package in '/home/arpan/unitree2/unitree_sdk2/utlidar_slam/src/utlidar_launcher'
[0.470s] [34mcolcon.colcon_core.shell[0m [1;30mINFO[0m Skip shell extension 'powershell' for command environment: Not usable outside of PowerShell
[0.470s] [34mcolcon.colcon_core.shell[0m [1;30mDEBUG[0m [32mSkip shell extension 'dsv' for command environment[0m
[0.483s] [34mcolcon.colcon_core.event_handler.log_command[0m [1;30mDEBUG[0m [32mInvoking command in '/home/arpan/unitree2/unitree_sdk2/utlidar_slam/build/lidar_bridge': CMAKE_PREFIX_PATH=${CMAKE_PREFIX_PATH}:/home/arpan/unitree2/unitree_sdk2/utlidar_slam/install/qos_relay:/home/arpan/unitree2/mid360_slam_ws/install/scan_qos_relay:/home/arpan/unitree2/mid360_slam_ws/install/mid360_slam:/home/arpan/unitree2/fast-lio-ws/install/go2_nav_helper:/home/arpan/turtlebot3_ws/install/turtlebot3_teleop:/home/arpan/turtlebot3_ws/install/turtlebot3_example:/opt/ros/humble /usr/bin/cmake /home/arpan/unitree2/unitree_sdk2/utlidar_slam/src/lidar_bridge -DCMAKE_INSTALL_PREFIX=/home/arpan/unitree2/unitree_sdk2/utlidar_slam/install/lidar_bridge[0m
[0.486s] [34mcolcon.colcon_core.event_handler.log_command[0m [1;30mDEBUG[0m [32mInvoking command in '/home/arpan/unitree2/unitree_sdk2/utlidar_slam/build/odom_bridge': CMAKE_PREFIX_PATH=${CMAKE_PREFIX_PATH}:/home/arpan/unitree2/unitree_sdk2/utlidar_slam/install/qos_relay:/home/arpan/unitree2/mid360_slam_ws/install/scan_qos_relay:/home/arpan/unitree2/mid360_slam_ws/install/mid360_slam:/home/arpan/unitree2/fast-lio-ws/install/go2_nav_helper:/home/arpan/turtlebot3_ws/install/turtlebot3_teleop:/home/arpan/turtlebot3_ws/install/turtlebot3_example:/opt/ros/humble /usr/bin/cmake /home/arpan/unitree2/unitree_sdk2/utlidar_slam/src/odom_bridge -DCMAKE_INSTALL_PREFIX=/home/arpan/unitree2/unitree_sdk2/utlidar_slam/install/odom_bridge[0m
[0.487s] [34mcolcon.colcon_core.event_handler.log_command[0m [1;30mDEBUG[0m [32mInvoking command in '/home/arpan/unitree2/unitree_sdk2/utlidar_slam/build/odom_tester': CMAKE_PREFIX_PATH=${CMAKE_PREFIX_PATH}:/home/arpan/unitree2/unitree_sdk2/utlidar_slam/install/qos_relay:/home/arpan/unitree2/mid360_slam_ws/install/scan_qos_relay:/home/arpan/unitree2/mid360_slam_ws/install/mid360_slam:/home/arpan/unitree2/fast-lio-ws/install/go2_nav_helper:/home/arpan/turtlebot3_ws/install/turtlebot3_teleop:/home/arpan/turtlebot3_ws/install/turtlebot3_example:/opt/ros/humble /usr/bin/cmake /home/arpan/unitree2/unitree_sdk2/utlidar_slam/src/odom_tester -DCMAKE_INSTALL_PREFIX=/home/arpan/unitree2/unitree_sdk2/utlidar_slam/install/odom_tester[0m
[0.806s] [34mcolcon.colcon_core.task.python.build[0m [1;30mINFO[0m Building Python package in '/home/arpan/unitree2/unitree_sdk2/utlidar_slam/src/qos_relay'
[0.806s] [34mcolcon.colcon_core.shell[0m [1;30mINFO[0m Skip shell extension 'powershell' for command environment: Not usable outside of PowerShell
[0.806s] [34mcolcon.colcon_core.shell[0m [1;30mDEBUG[0m [32mSkip shell extension 'dsv' for command environment[0m
[0.823s] [34mcolcon.colcon_core.event_handler.log_command[0m [1;30mDEBUG[0m [32mInvoking command in '/home/arpan/unitree2/unitree_sdk2/utlidar_slam/build/utlidar_launcher': CMAKE_PREFIX_PATH=${CMAKE_PREFIX_PATH}:/home/arpan/unitree2/unitree_sdk2/utlidar_slam/install/qos_relay:/home/arpan/unitree2/mid360_slam_ws/install/scan_qos_relay:/home/arpan/unitree2/mid360_slam_ws/install/mid360_slam:/home/arpan/unitree2/fast-lio-ws/install/go2_nav_helper:/home/arpan/turtlebot3_ws/install/turtlebot3_teleop:/home/arpan/turtlebot3_ws/install/turtlebot3_example:/opt/ros/humble /usr/bin/cmake /home/arpan/unitree2/unitree_sdk2/utlidar_slam/src/utlidar_launcher -DCMAKE_INSTALL_PREFIX=/home/arpan/unitree2/unitree_sdk2/utlidar_slam/install/utlidar_launcher[0m
[1.256s] [34mcolcon.colcon_core.event_handler.log_command[0m [1;30mDEBUG[0m [32mInvoking command in '/home/arpan/unitree2/unitree_sdk2/utlidar_slam/src/qos_relay': PYTHONPATH=/home/arpan/unitree2/unitree_sdk2/utlidar_slam/build/qos_relay/prefix_override:/usr/lib/python3/dist-packages/colcon_core/task/python/colcon_distutils_commands:/home/arpan/unitree2/unitree_sdk2/utlidar_slam/install/qos_relay/lib/python3.10/site-packages:${PYTHONPATH} /usr/bin/python3 -W ignore:setup.py install is deprecated -W ignore:easy_install command is deprecated setup.py egg_info --egg-base ../../build/qos_relay build --build-base /home/arpan/unitree2/unitree_sdk2/utlidar_slam/build/qos_relay/build install --record /home/arpan/unitree2/unitree_sdk2/utlidar_slam/build/qos_relay/install.log --single-version-externally-managed install_data[0m
[1.580s] [34mcolcon.colcon_core.event_handler.log_command[0m [1;30mDEBUG[0m [32mInvoked command in '/home/arpan/unitree2/unitree_sdk2/utlidar_slam/build/utlidar_launcher' returned '0': CMAKE_PREFIX_PATH=${CMAKE_PREFIX_PATH}:/home/arpan/unitree2/unitree_sdk2/utlidar_slam/install/qos_relay:/home/arpan/unitree2/mid360_slam_ws/install/scan_qos_relay:/home/arpan/unitree2/mid360_slam_ws/install/mid360_slam:/home/arpan/unitree2/fast-lio-ws/install/go2_nav_helper:/home/arpan/turtlebot3_ws/install/turtlebot3_teleop:/home/arpan/turtlebot3_ws/install/turtlebot3_example:/opt/ros/humble /usr/bin/cmake /home/arpan/unitree2/unitree_sdk2/utlidar_slam/src/utlidar_launcher -DCMAKE_INSTALL_PREFIX=/home/arpan/unitree2/unitree_sdk2/utlidar_slam/install/utlidar_launcher[0m
[1.584s] [34mcolcon.colcon_core.event_handler.log_command[0m [1;30mDEBUG[0m [32mInvoking command in '/home/arpan/unitree2/unitree_sdk2/utlidar_slam/build/utlidar_launcher': CMAKE_PREFIX_PATH=${CMAKE_PREFIX_PATH}:/home/arpan/unitree2/unitree_sdk2/utlidar_slam/install/qos_relay:/home/arpan/unitree2/mid360_slam_ws/install/scan_qos_relay:/home/arpan/unitree2/mid360_slam_ws/install/mid360_slam:/home/arpan/unitree2/fast-lio-ws/install/go2_nav_helper:/home/arpan/turtlebot3_ws/install/turtlebot3_teleop:/home/arpan/turtlebot3_ws/install/turtlebot3_example:/opt/ros/humble /usr/bin/cmake --build /home/arpan/unitree2/unitree_sdk2/utlidar_slam/build/utlidar_launcher -- -j12 -l12[0m
[1.611s] [34mcolcon.colcon_core.event_handler.log_command[0m [1;30mDEBUG[0m [32mInvoked command in '/home/arpan/unitree2/unitree_sdk2/utlidar_slam/src/qos_relay' returned '0': PYTHONPATH=/home/arpan/unitree2/unitree_sdk2/utlidar_slam/build/qos_relay/prefix_override:/usr/lib/python3/dist-packages/colcon_core/task/python/colcon_distutils_commands:/home/arpan/unitree2/unitree_sdk2/utlidar_slam/install/qos_relay/lib/python3.10/site-packages:${PYTHONPATH} /usr/bin/python3 -W ignore:setup.py install is deprecated -W ignore:easy_install command is deprecated setup.py egg_info --egg-base ../../build/qos_relay build --build-base /home/arpan/unitree2/unitree_sdk2/utlidar_slam/build/qos_relay/build install --record /home/arpan/unitree2/unitree_sdk2/utlidar_slam/build/qos_relay/install.log --single-version-externally-managed install_data[0m
[1.617s] [34mcolcon.colcon_core.environment[0m [1;30mLevel 1[0m checking '/home/arpan/unitree2/unitree_sdk2/utlidar_slam/install/qos_relay' for CMake module files
[1.617s] [34mcolcon.colcon_core.environment[0m [1;30mLevel 1[0m checking '/home/arpan/unitree2/unitree_sdk2/utlidar_slam/install/qos_relay' for CMake config files
[1.618s] [34mcolcon.colcon_core.environment[0m [1;30mLevel 1[0m checking '/home/arpan/unitree2/unitree_sdk2/utlidar_slam/install/qos_relay/lib'
[1.618s] [34mcolcon.colcon_core.environment[0m [1;30mLevel 1[0m checking '/home/arpan/unitree2/unitree_sdk2/utlidar_slam/install/qos_relay/bin'
[1.618s] [34mcolcon.colcon_core.environment[0m [1;30mLevel 1[0m checking '/home/arpan/unitree2/unitree_sdk2/utlidar_slam/install/qos_relay/lib/pkgconfig/qos_relay.pc'
[1.618s] [34mcolcon.colcon_core.environment[0m [1;30mLevel 1[0m checking '/home/arpan/unitree2/unitree_sdk2/utlidar_slam/install/qos_relay/lib/python3.10/site-packages'
[1.618s] [34mcolcon.colcon_core.shell[0m [1;30mLevel 1[0m create_environment_hook('qos_relay', 'pythonpath')
[1.618s] [34mcolcon.colcon_core.shell[0m [1;30mINFO[0m Creating environment hook '/home/arpan/unitree2/unitree_sdk2/utlidar_slam/install/qos_relay/share/qos_relay/hook/pythonpath.ps1'
[1.619s] [34mcolcon.colcon_core.shell[0m [1;30mINFO[0m Creating environment descriptor '/home/arpan/unitree2/unitree_sdk2/utlidar_slam/install/qos_relay/share/qos_relay/hook/pythonpath.dsv'
[1.619s] [34mcolcon.colcon_core.shell[0m [1;30mINFO[0m Creating environment hook '/home/arpan/unitree2/unitree_sdk2/utlidar_slam/install/qos_relay/share/qos_relay/hook/pythonpath.sh'
[1.619s] [34mcolcon.colcon_core.environment[0m [1;30mLevel 1[0m checking '/home/arpan/unitree2/unitree_sdk2/utlidar_slam/install/qos_relay/bin'
[1.619s] [34mcolcon.colcon_core.environment[0m [1;30mLevel 1[0m create_environment_scripts_only(qos_relay)
[1.620s] [34mcolcon.colcon_core.shell[0m [1;30mINFO[0m Creating package script '/home/arpan/unitree2/unitree_sdk2/utlidar_slam/install/qos_relay/share/qos_relay/package.ps1'
[1.620s] [34mcolcon.colcon_core.shell[0m [1;30mINFO[0m Creating package descriptor '/home/arpan/unitree2/unitree_sdk2/utlidar_slam/install/qos_relay/share/qos_relay/package.dsv'
[1.621s] [34mcolcon.colcon_core.shell[0m [1;30mINFO[0m Creating package script '/home/arpan/unitree2/unitree_sdk2/utlidar_slam/install/qos_relay/share/qos_relay/package.sh'
[1.621s] [34mcolcon.colcon_core.shell[0m [1;30mINFO[0m Creating package script '/home/arpan/unitree2/unitree_sdk2/utlidar_slam/install/qos_relay/share/qos_relay/package.bash'
[1.622s] [34mcolcon.colcon_core.shell[0m [1;30mINFO[0m Creating package script '/home/arpan/unitree2/unitree_sdk2/utlidar_slam/install/qos_relay/share/qos_relay/package.zsh'
[1.623s] [34mcolcon.colcon_core.environment[0m [1;30mLevel 1[0m create_file_with_runtime_dependencies(/home/arpan/unitree2/unitree_sdk2/utlidar_slam/install/qos_relay/share/colcon-core/packages/qos_relay)
[1.628s] [34mcolcon.colcon_core.event_handler.log_command[0m [1;30mDEBUG[0m [32mInvoked command in '/home/arpan/unitree2/unitree_sdk2/utlidar_slam/build/utlidar_launcher' returned '0': CMAKE_PREFIX_PATH=${CMAKE_PREFIX_PATH}:/home/arpan/unitree2/unitree_sdk2/utlidar_slam/install/qos_relay:/home/arpan/unitree2/mid360_slam_ws/install/scan_qos_relay:/home/arpan/unitree2/mid360_slam_ws/install/mid360_slam:/home/arpan/unitree2/fast-lio-ws/install/go2_nav_helper:/home/arpan/turtlebot3_ws/install/turtlebot3_teleop:/home/arpan/turtlebot3_ws/install/turtlebot3_example:/opt/ros/humble /usr/bin/cmake --build /home/arpan/unitree2/unitree_sdk2/utlidar_slam/build/utlidar_launcher -- -j12 -l12[0m
[1.639s] [34mcolcon.colcon_core.event_handler.log_command[0m [1;30mDEBUG[0m [32mInvoking command in '/home/arpan/unitree2/unitree_sdk2/utlidar_slam/build/utlidar_launcher': CMAKE_PREFIX_PATH=${CMAKE_PREFIX_PATH}:/home/arpan/unitree2/unitree_sdk2/utlidar_slam/install/qos_relay:/home/arpan/unitree2/mid360_slam_ws/install/scan_qos_relay:/home/arpan/unitree2/mid360_slam_ws/install/mid360_slam:/home/arpan/unitree2/fast-lio-ws/install/go2_nav_helper:/home/arpan/turtlebot3_ws/install/turtlebot3_teleop:/home/arpan/turtlebot3_ws/install/turtlebot3_example:/opt/ros/humble /usr/bin/cmake --install /home/arpan/unitree2/unitree_sdk2/utlidar_slam/build/utlidar_launcher[0m
[1.653s] [34mcolcon.colcon_core.environment[0m [1;30mLevel 1[0m create_environment_scripts_only(utlidar_launcher)
[1.653s] [34mcolcon.colcon_core.environment[0m [1;30mLevel 1[0m checking '/home/arpan/unitree2/unitree_sdk2/utlidar_slam/install/utlidar_launcher' for CMake module files
[1.654s] [34mcolcon.colcon_core.event_handler.log_command[0m [1;30mDEBUG[0m [32mInvoked command in '/home/arpan/unitree2/unitree_sdk2/utlidar_slam/build/utlidar_launcher' returned '0': CMAKE_PREFIX_PATH=${CMAKE_PREFIX_PATH}:/home/arpan/unitree2/unitree_sdk2/utlidar_slam/install/qos_relay:/home/arpan/unitree2/mid360_slam_ws/install/scan_qos_relay:/home/arpan/unitree2/mid360_slam_ws/install/mid360_slam:/home/arpan/unitree2/fast-lio-ws/install/go2_nav_helper:/home/arpan/turtlebot3_ws/install/turtlebot3_teleop:/home/arpan/turtlebot3_ws/install/turtlebot3_example:/opt/ros/humble /usr/bin/cmake --install /home/arpan/unitree2/unitree_sdk2/utlidar_slam/build/utlidar_launcher[0m
[1.654s] [34mcolcon.colcon_core.environment[0m [1;30mLevel 1[0m checking '/home/arpan/unitree2/unitree_sdk2/utlidar_slam/install/utlidar_launcher' for CMake config files
[1.654s] [34mcolcon.colcon_core.shell[0m [1;30mLevel 1[0m create_environment_hook('utlidar_launcher', 'cmake_prefix_path')
[1.655s] [34mcolcon.colcon_core.shell[0m [1;30mINFO[0m Creating environment hook '/home/arpan/unitree2/unitree_sdk2/utlidar_slam/install/utlidar_launcher/share/utlidar_launcher/hook/cmake_prefix_path.ps1'
[1.655s] [34mcolcon.colcon_core.shell[0m [1;30mINFO[0m Creating environment descriptor '/home/arpan/unitree2/unitree_sdk2/utlidar_slam/install/utlidar_launcher/share/utlidar_launcher/hook/cmake_prefix_path.dsv'
[1.655s] [34mcolcon.colcon_core.shell[0m [1;30mINFO[0m Creating environment hook '/home/arpan/unitree2/unitree_sdk2/utlidar_slam/install/utlidar_launcher/share/utlidar_launcher/hook/cmake_prefix_path.sh'
[1.656s] [34mcolcon.colcon_core.environment[0m [1;30mLevel 1[0m checking '/home/arpan/unitree2/unitree_sdk2/utlidar_slam/install/utlidar_launcher/bin'
[1.656s] [34mcolcon.colcon_core.environment[0m [1;30mLevel 1[0m checking '/home/arpan/unitree2/unitree_sdk2/utlidar_slam/install/utlidar_launcher/lib/pkgconfig/utlidar_launcher.pc'
[1.656s] [34mcolcon.colcon_core.environment[0m [1;30mLevel 1[0m checking '/home/arpan/unitree2/unitree_sdk2/utlidar_slam/install/utlidar_launcher/lib/python3.10/site-packages'
[1.656s] [34mcolcon.colcon_core.environment[0m [1;30mLevel 1[0m checking '/home/arpan/unitree2/unitree_sdk2/utlidar_slam/install/utlidar_launcher/bin'
[1.657s] [34mcolcon.colcon_core.shell[0m [1;30mINFO[0m Creating package script '/home/arpan/unitree2/unitree_sdk2/utlidar_slam/install/utlidar_launcher/share/utlidar_launcher/package.ps1'
[1.658s] [34mcolcon.colcon_core.shell[0m [1;30mINFO[0m Creating package descriptor '/home/arpan/unitree2/unitree_sdk2/utlidar_slam/install/utlidar_launcher/share/utlidar_launcher/package.dsv'
[1.658s] [34mcolcon.colcon_core.shell[0m [1;30mINFO[0m Creating package script '/home/arpan/unitree2/unitree_sdk2/utlidar_slam/install/utlidar_launcher/share/utlidar_launcher/package.sh'
[1.659s] [34mcolcon.colcon_core.shell[0m [1;30mINFO[0m Creating package script '/home/arpan/unitree2/unitree_sdk2/utlidar_slam/install/utlidar_launcher/share/utlidar_launcher/package.bash'
[1.659s] [34mcolcon.colcon_core.shell[0m [1;30mINFO[0m Creating package script '/home/arpan/unitree2/unitree_sdk2/utlidar_slam/install/utlidar_launcher/share/utlidar_launcher/package.zsh'
[1.660s] [34mcolcon.colcon_core.environment[0m [1;30mLevel 1[0m create_file_with_runtime_dependencies(/home/arpan/unitree2/unitree_sdk2/utlidar_slam/install/utlidar_launcher/share/colcon-core/packages/utlidar_launcher)
[1.661s] [34mcolcon.colcon_core.environment[0m [1;30mLevel 1[0m create_environment_scripts_only(utlidar_launcher)
[1.662s] [34mcolcon.colcon_core.environment[0m [1;30mLevel 1[0m checking '/home/arpan/unitree2/unitree_sdk2/utlidar_slam/install/utlidar_launcher' for CMake module files
[1.662s] [34mcolcon.colcon_core.environment[0m [1;30mLevel 1[0m checking '/home/arpan/unitree2/unitree_sdk2/utlidar_slam/install/utlidar_launcher' for CMake config files
[1.663s] [34mcolcon.colcon_core.shell[0m [1;30mLevel 1[0m create_environment_hook('utlidar_launcher', 'cmake_prefix_path')
[1.663s] [34mcolcon.colcon_core.shell[0m [1;30mINFO[0m Creating environment hook '/home/arpan/unitree2/unitree_sdk2/utlidar_slam/install/utlidar_launcher/share/utlidar_launcher/hook/cmake_prefix_path.ps1'
[1.664s] [34mcolcon.colcon_core.shell[0m [1;30mINFO[0m Creating environment descriptor '/home/arpan/unitree2/unitree_sdk2/utlidar_slam/install/utlidar_launcher/share/utlidar_launcher/hook/cmake_prefix_path.dsv'
[1.664s] [34mcolcon.colcon_core.shell[0m [1;30mINFO[0m Creating environment hook '/home/arpan/unitree2/unitree_sdk2/utlidar_slam/install/utlidar_launcher/share/utlidar_launcher/hook/cmake_prefix_path.sh'
[1.664s] [34mcolcon.colcon_core.environment[0m [1;30mLevel 1[0m checking '/home/arpan/unitree2/unitree_sdk2/utlidar_slam/install/utlidar_launcher/bin'
[1.665s] [34mcolcon.colcon_core.environment[0m [1;30mLevel 1[0m checking '/home/arpan/unitree2/unitree_sdk2/utlidar_slam/install/utlidar_launcher/lib/pkgconfig/utlidar_launcher.pc'
[1.665s] [34mcolcon.colcon_core.environment[0m [1;30mLevel 1[0m checking '/home/arpan/unitree2/unitree_sdk2/utlidar_slam/install/utlidar_launcher/lib/python3.10/site-packages'
[1.665s] [34mcolcon.colcon_core.environment[0m [1;30mLevel 1[0m checking '/home/arpan/unitree2/unitree_sdk2/utlidar_slam/install/utlidar_launcher/bin'
[1.665s] [34mcolcon.colcon_core.shell[0m [1;30mINFO[0m Creating package script '/home/arpan/unitree2/unitree_sdk2/utlidar_slam/install/utlidar_launcher/share/utlidar_launcher/package.ps1'
[1.666s] [34mcolcon.colcon_core.shell[0m [1;30mINFO[0m Creating package descriptor '/home/arpan/unitree2/unitree_sdk2/utlidar_slam/install/utlidar_launcher/share/utlidar_launcher/package.dsv'
[1.666s] [34mcolcon.colcon_core.shell[0m [1;30mINFO[0m Creating package script '/home/arpan/unitree2/unitree_sdk2/utlidar_slam/install/utlidar_launcher/share/utlidar_launcher/package.sh'
[1.666s] [34mcolcon.colcon_core.shell[0m [1;30mINFO[0m Creating package script '/home/arpan/unitree2/unitree_sdk2/utlidar_slam/install/utlidar_launcher/share/utlidar_launcher/package.bash'
[1.667s] [34mcolcon.colcon_core.shell[0m [1;30mINFO[0m Creating package script '/home/arpan/unitree2/unitree_sdk2/utlidar_slam/install/utlidar_launcher/share/utlidar_launcher/package.zsh'
[1.667s] [34mcolcon.colcon_core.environment[0m [1;30mLevel 1[0m create_file_with_runtime_dependencies(/home/arpan/unitree2/unitree_sdk2/utlidar_slam/install/utlidar_launcher/share/colcon-core/packages/utlidar_launcher)
[1.861s] [34mcolcon.colcon_core.event_handler.log_command[0m [1;30mDEBUG[0m [32mInvoked command in '/home/arpan/unitree2/unitree_sdk2/utlidar_slam/build/lidar_bridge' returned '0': CMAKE_PREFIX_PATH=${CMAKE_PREFIX_PATH}:/home/arpan/unitree2/unitree_sdk2/utlidar_slam/install/qos_relay:/home/arpan/unitree2/mid360_slam_ws/install/scan_qos_relay:/home/arpan/unitree2/mid360_slam_ws/install/mid360_slam:/home/arpan/unitree2/fast-lio-ws/install/go2_nav_helper:/home/arpan/turtlebot3_ws/install/turtlebot3_teleop:/home/arpan/turtlebot3_ws/install/turtlebot3_example:/opt/ros/humble /usr/bin/cmake /home/arpan/unitree2/unitree_sdk2/utlidar_slam/src/lidar_bridge -DCMAKE_INSTALL_PREFIX=/home/arpan/unitree2/unitree_sdk2/utlidar_slam/install/lidar_bridge[0m
[1.861s] [34mcolcon.colcon_core.event_handler.log_command[0m [1;30mDEBUG[0m [32mInvoking command in '/home/arpan/unitree2/unitree_sdk2/utlidar_slam/build/lidar_bridge': CMAKE_PREFIX_PATH=${CMAKE_PREFIX_PATH}:/home/arpan/unitree2/unitree_sdk2/utlidar_slam/install/qos_relay:/home/arpan/unitree2/mid360_slam_ws/install/scan_qos_relay:/home/arpan/unitree2/mid360_slam_ws/install/mid360_slam:/home/arpan/unitree2/fast-lio-ws/install/go2_nav_helper:/home/arpan/turtlebot3_ws/install/turtlebot3_teleop:/home/arpan/turtlebot3_ws/install/turtlebot3_example:/opt/ros/humble /usr/bin/cmake --build /home/arpan/unitree2/unitree_sdk2/utlidar_slam/build/lidar_bridge -- -j12 -l12[0m
[1.872s] [34mcolcon.colcon_core.event_handler.log_command[0m [1;30mDEBUG[0m [32mInvoked command in '/home/arpan/unitree2/unitree_sdk2/utlidar_slam/build/odom_tester' returned '0': CMAKE_PREFIX_PATH=${CMAKE_PREFIX_PATH}:/home/arpan/unitree2/unitree_sdk2/utlidar_slam/install/qos_relay:/home/arpan/unitree2/mid360_slam_ws/install/scan_qos_relay:/home/arpan/unitree2/mid360_slam_ws/install/mid360_slam:/home/arpan/unitree2/fast-lio-ws/install/go2_nav_helper:/home/arpan/turtlebot3_ws/install/turtlebot3_teleop:/home/arpan/turtlebot3_ws/install/turtlebot3_example:/opt/ros/humble /usr/bin/cmake /home/arpan/unitree2/unitree_sdk2/utlidar_slam/src/odom_tester -DCMAKE_INSTALL_PREFIX=/home/arpan/unitree2/unitree_sdk2/utlidar_slam/install/odom_tester[0m
[1.873s] [34mcolcon.colcon_core.event_handler.log_command[0m [1;30mDEBUG[0m [32mInvoking command in '/home/arpan/unitree2/unitree_sdk2/utlidar_slam/build/odom_tester': CMAKE_PREFIX_PATH=${CMAKE_PREFIX_PATH}:/home/arpan/unitree2/unitree_sdk2/utlidar_slam/install/qos_relay:/home/arpan/unitree2/mid360_slam_ws/install/scan_qos_relay:/home/arpan/unitree2/mid360_slam_ws/install/mid360_slam:/home/arpan/unitree2/fast-lio-ws/install/go2_nav_helper:/home/arpan/turtlebot3_ws/install/turtlebot3_teleop:/home/arpan/turtlebot3_ws/install/turtlebot3_example:/opt/ros/humble /usr/bin/cmake --build /home/arpan/unitree2/unitree_sdk2/utlidar_slam/build/odom_tester -- -j12 -l12[0m
[2.095s] [34mcolcon.colcon_core.event_handler.log_command[0m [1;30mDEBUG[0m [32mInvoked command in '/home/arpan/unitree2/unitree_sdk2/utlidar_slam/build/odom_bridge' returned '0': CMAKE_PREFIX_PATH=${CMAKE_PREFIX_PATH}:/home/arpan/unitree2/unitree_sdk2/utlidar_slam/install/qos_relay:/home/arpan/unitree2/mid360_slam_ws/install/scan_qos_relay:/home/arpan/unitree2/mid360_slam_ws/install/mid360_slam:/home/arpan/unitree2/fast-lio-ws/install/go2_nav_helper:/home/arpan/turtlebot3_ws/install/turtlebot3_teleop:/home/arpan/turtlebot3_ws/install/turtlebot3_example:/opt/ros/humble /usr/bin/cmake /home/arpan/unitree2/unitree_sdk2/utlidar_slam/src/odom_bridge -DCMAKE_INSTALL_PREFIX=/home/arpan/unitree2/unitree_sdk2/utlidar_slam/install/odom_bridge[0m
[2.096s] [34mcolcon.colcon_core.event_handler.log_command[0m [1;30mDEBUG[0m [32mInvoking command in '/home/arpan/unitree2/unitree_sdk2/utlidar_slam/build/odom_bridge': CMAKE_PREFIX_PATH=${CMAKE_PREFIX_PATH}:/home/arpan/unitree2/unitree_sdk2/utlidar_slam/install/qos_relay:/home/arpan/unitree2/mid360_slam_ws/install/scan_qos_relay:/home/arpan/unitree2/mid360_slam_ws/install/mid360_slam:/home/arpan/unitree2/fast-lio-ws/install/go2_nav_helper:/home/arpan/turtlebot3_ws/install/turtlebot3_teleop:/home/arpan/turtlebot3_ws/install/turtlebot3_example:/opt/ros/humble /usr/bin/cmake --build /home/arpan/unitree2/unitree_sdk2/utlidar_slam/build/odom_bridge -- -j12 -l12[0m
[7.116s] [34mcolcon.colcon_core.event_handler.log_command[0m [1;30mDEBUG[0m [32mInvoked command in '/home/arpan/unitree2/unitree_sdk2/utlidar_slam/build/odom_tester' returned '0': CMAKE_PREFIX_PATH=${CMAKE_PREFIX_PATH}:/home/arpan/unitree2/unitree_sdk2/utlidar_slam/install/qos_relay:/home/arpan/unitree2/mid360_slam_ws/install/scan_qos_relay:/home/arpan/unitree2/mid360_slam_ws/install/mid360_slam:/home/arpan/unitree2/fast-lio-ws/install/go2_nav_helper:/home/arpan/turtlebot3_ws/install/turtlebot3_teleop:/home/arpan/turtlebot3_ws/install/turtlebot3_example:/opt/ros/humble /usr/bin/cmake --build /home/arpan/unitree2/unitree_sdk2/utlidar_slam/build/odom_tester -- -j12 -l12[0m
[7.117s] [34mcolcon.colcon_core.event_handler.log_command[0m [1;30mDEBUG[0m [32mInvoking command in '/home/arpan/unitree2/unitree_sdk2/utlidar_slam/build/odom_tester': CMAKE_PREFIX_PATH=${CMAKE_PREFIX_PATH}:/home/arpan/unitree2/unitree_sdk2/utlidar_slam/install/qos_relay:/home/arpan/unitree2/mid360_slam_ws/install/scan_qos_relay:/home/arpan/unitree2/mid360_slam_ws/install/mid360_slam:/home/arpan/unitree2/fast-lio-ws/install/go2_nav_helper:/home/arpan/turtlebot3_ws/install/turtlebot3_teleop:/home/arpan/turtlebot3_ws/install/turtlebot3_example:/opt/ros/humble /usr/bin/cmake --install /home/arpan/unitree2/unitree_sdk2/utlidar_slam/build/odom_tester[0m
[7.133s] [34mcolcon.colcon_core.environment[0m [1;30mLevel 1[0m create_environment_scripts_only(odom_tester)
[7.133s] [34mcolcon.colcon_core.environment[0m [1;30mLevel 1[0m checking '/home/arpan/unitree2/unitree_sdk2/utlidar_slam/install/odom_tester' for CMake module files
[7.133s] [34mcolcon.colcon_core.event_handler.log_command[0m [1;30mDEBUG[0m [32mInvoked command in '/home/arpan/unitree2/unitree_sdk2/utlidar_slam/build/odom_tester' returned '0': CMAKE_PREFIX_PATH=${CMAKE_PREFIX_PATH}:/home/arpan/unitree2/unitree_sdk2/utlidar_slam/install/qos_relay:/home/arpan/unitree2/mid360_slam_ws/install/scan_qos_relay:/home/arpan/unitree2/mid360_slam_ws/install/mid360_slam:/home/arpan/unitree2/fast-lio-ws/install/go2_nav_helper:/home/arpan/turtlebot3_ws/install/turtlebot3_teleop:/home/arpan/turtlebot3_ws/install/turtlebot3_example:/opt/ros/humble /usr/bin/cmake --install /home/arpan/unitree2/unitree_sdk2/utlidar_slam/build/odom_tester[0m
[7.134s] [34mcolcon.colcon_core.environment[0m [1;30mLevel 1[0m checking '/home/arpan/unitree2/unitree_sdk2/utlidar_slam/install/odom_tester' for CMake config files
[7.134s] [34mcolcon.colcon_core.shell[0m [1;30mLevel 1[0m create_environment_hook('odom_tester', 'cmake_prefix_path')
[7.134s] [34mcolcon.colcon_core.shell[0m [1;30mINFO[0m Creating environment hook '/home/arpan/unitree2/unitree_sdk2/utlidar_slam/install/odom_tester/share/odom_tester/hook/cmake_prefix_path.ps1'
[7.135s] [34mcolcon.colcon_core.shell[0m [1;30mINFO[0m Creating environment descriptor '/home/arpan/unitree2/unitree_sdk2/utlidar_slam/install/odom_tester/share/odom_tester/hook/cmake_prefix_path.dsv'
[7.135s] [34mcolcon.colcon_core.shell[0m [1;30mINFO[0m Creating environment hook '/home/arpan/unitree2/unitree_sdk2/utlidar_slam/install/odom_tester/share/odom_tester/hook/cmake_prefix_path.sh'
[7.136s] [34mcolcon.colcon_core.environment[0m [1;30mLevel 1[0m checking '/home/arpan/unitree2/unitree_sdk2/utlidar_slam/install/odom_tester/lib'
[7.136s] [34mcolcon.colcon_core.environment[0m [1;30mLevel 1[0m checking '/home/arpan/unitree2/unitree_sdk2/utlidar_slam/install/odom_tester/bin'
[7.136s] [34mcolcon.colcon_core.environment[0m [1;30mLevel 1[0m checking '/home/arpan/unitree2/unitree_sdk2/utlidar_slam/install/odom_tester/lib/pkgconfig/odom_tester.pc'
[7.136s] [34mcolcon.colcon_core.environment[0m [1;30mLevel 1[0m checking '/home/arpan/unitree2/unitree_sdk2/utlidar_slam/install/odom_tester/lib/python3.10/site-packages'
[7.136s] [34mcolcon.colcon_core.environment[0m [1;30mLevel 1[0m checking '/home/arpan/unitree2/unitree_sdk2/utlidar_slam/install/odom_tester/bin'
[7.137s] [34mcolcon.colcon_core.shell[0m [1;30mINFO[0m Creating package script '/home/arpan/unitree2/unitree_sdk2/utlidar_slam/install/odom_tester/share/odom_tester/package.ps1'
[7.137s] [34mcolcon.colcon_core.shell[0m [1;30mINFO[0m Creating package descriptor '/home/arpan/unitree2/unitree_sdk2/utlidar_slam/install/odom_tester/share/odom_tester/package.dsv'
[7.137s] [34mcolcon.colcon_core.shell[0m [1;30mINFO[0m Creating package script '/home/arpan/unitree2/unitree_sdk2/utlidar_slam/install/odom_tester/share/odom_tester/package.sh'
[7.138s] [34mcolcon.colcon_core.shell[0m [1;30mINFO[0m Creating package script '/home/arpan/unitree2/unitree_sdk2/utlidar_slam/install/odom_tester/share/odom_tester/package.bash'
[7.138s] [34mcolcon.colcon_core.shell[0m [1;30mINFO[0m Creating package script '/home/arpan/unitree2/unitree_sdk2/utlidar_slam/install/odom_tester/share/odom_tester/package.zsh'
[7.139s] [34mcolcon.colcon_core.environment[0m [1;30mLevel 1[0m create_file_with_runtime_dependencies(/home/arpan/unitree2/unitree_sdk2/utlidar_slam/install/odom_tester/share/colcon-core/packages/odom_tester)
[7.139s] [34mcolcon.colcon_core.environment[0m [1;30mLevel 1[0m create_environment_scripts_only(odom_tester)
[7.140s] [34mcolcon.colcon_core.environment[0m [1;30mLevel 1[0m checking '/home/arpan/unitree2/unitree_sdk2/utlidar_slam/install/odom_tester' for CMake module files
[7.140s] [34mcolcon.colcon_core.environment[0m [1;30mLevel 1[0m checking '/home/arpan/unitree2/unitree_sdk2/utlidar_slam/install/odom_tester' for CMake config files
[7.140s] [34mcolcon.colcon_core.shell[0m [1;30mLevel 1[0m create_environment_hook('odom_tester', 'cmake_prefix_path')
[7.141s] [34mcolcon.colcon_core.shell[0m [1;30mINFO[0m Creating environment hook '/home/arpan/unitree2/unitree_sdk2/utlidar_slam/install/odom_tester/share/odom_tester/hook/cmake_prefix_path.ps1'
[7.141s] [34mcolcon.colcon_core.shell[0m [1;30mINFO[0m Creating environment descriptor '/home/arpan/unitree2/unitree_sdk2/utlidar_slam/install/odom_tester/share/odom_tester/hook/cmake_prefix_path.dsv'
[7.141s] [34mcolcon.colcon_core.shell[0m [1;30mINFO[0m Creating environment hook '/home/arpan/unitree2/unitree_sdk2/utlidar_slam/install/odom_tester/share/odom_tester/hook/cmake_prefix_path.sh'
[7.142s] [34mcolcon.colcon_core.environment[0m [1;30mLevel 1[0m checking '/home/arpan/unitree2/unitree_sdk2/utlidar_slam/install/odom_tester/lib'
[7.142s] [34mcolcon.colcon_core.environment[0m [1;30mLevel 1[0m checking '/home/arpan/unitree2/unitree_sdk2/utlidar_slam/install/odom_tester/bin'
[7.142s] [34mcolcon.colcon_core.environment[0m [1;30mLevel 1[0m checking '/home/arpan/unitree2/unitree_sdk2/utlidar_slam/install/odom_tester/lib/pkgconfig/odom_tester.pc'
[7.142s] [34mcolcon.colcon_core.environment[0m [1;30mLevel 1[0m checking '/home/arpan/unitree2/unitree_sdk2/utlidar_slam/install/odom_tester/lib/python3.10/site-packages'
[7.142s] [34mcolcon.colcon_core.environment[0m [1;30mLevel 1[0m checking '/home/arpan/unitree2/unitree_sdk2/utlidar_slam/install/odom_tester/bin'
[7.143s] [34mcolcon.colcon_core.shell[0m [1;30mINFO[0m Creating package script '/home/arpan/unitree2/unitree_sdk2/utlidar_slam/install/odom_tester/share/odom_tester/package.ps1'
[7.143s] [34mcolcon.colcon_core.shell[0m [1;30mINFO[0m Creating package descriptor '/home/arpan/unitree2/unitree_sdk2/utlidar_slam/install/odom_tester/share/odom_tester/package.dsv'
[7.144s] [34mcolcon.colcon_core.shell[0m [1;30mINFO[0m Creating package script '/home/arpan/unitree2/unitree_sdk2/utlidar_slam/install/odom_tester/share/odom_tester/package.sh'
[7.144s] [34mcolcon.colcon_core.shell[0m [1;30mINFO[0m Creating package script '/home/arpan/unitree2/unitree_sdk2/utlidar_slam/install/odom_tester/share/odom_tester/package.bash'
[7.145s] [34mcolcon.colcon_core.shell[0m [1;30mINFO[0m Creating package script '/home/arpan/unitree2/unitree_sdk2/utlidar_slam/install/odom_tester/share/odom_tester/package.zsh'
[7.145s] [34mcolcon.colcon_core.environment[0m [1;30mLevel 1[0m create_file_with_runtime_dependencies(/home/arpan/unitree2/unitree_sdk2/utlidar_slam/install/odom_tester/share/colcon-core/packages/odom_tester)
[8.491s] [34mcolcon.colcon_core.event_handler.log_command[0m [1;30mDEBUG[0m [32mInvoked command in '/home/arpan/unitree2/unitree_sdk2/utlidar_slam/build/lidar_bridge' returned '0': CMAKE_PREFIX_PATH=${CMAKE_PREFIX_PATH}:/home/arpan/unitree2/unitree_sdk2/utlidar_slam/install/qos_relay:/home/arpan/unitree2/mid360_slam_ws/install/scan_qos_relay:/home/arpan/unitree2/mid360_slam_ws/install/mid360_slam:/home/arpan/unitree2/fast-lio-ws/install/go2_nav_helper:/home/arpan/turtlebot3_ws/install/turtlebot3_teleop:/home/arpan/turtlebot3_ws/install/turtlebot3_example:/opt/ros/humble /usr/bin/cmake --build /home/arpan/unitree2/unitree_sdk2/utlidar_slam/build/lidar_bridge -- -j12 -l12[0m
[8.492s] [34mcolcon.colcon_core.event_handler.log_command[0m [1;30mDEBUG[0m [32mInvoking command in '/home/arpan/unitree2/unitree_sdk2/utlidar_slam/build/lidar_bridge': CMAKE_PREFIX_PATH=${CMAKE_PREFIX_PATH}:/home/arpan/unitree2/unitree_sdk2/utlidar_slam/install/qos_relay:/home/arpan/unitree2/mid360_slam_ws/install/scan_qos_relay:/home/arpan/unitree2/mid360_slam_ws/install/mid360_slam:/home/arpan/unitree2/fast-lio-ws/install/go2_nav_helper:/home/arpan/turtlebot3_ws/install/turtlebot3_teleop:/home/arpan/turtlebot3_ws/install/turtlebot3_example:/opt/ros/humble /usr/bin/cmake --install /home/arpan/unitree2/unitree_sdk2/utlidar_slam/build/lidar_bridge[0m
[8.509s] [34mcolcon.colcon_core.environment[0m [1;30mLevel 1[0m create_environment_scripts_only(lidar_bridge)
[8.509s] [34mcolcon.colcon_core.environment[0m [1;30mLevel 1[0m checking '/home/arpan/unitree2/unitree_sdk2/utlidar_slam/install/lidar_bridge' for CMake module files
[8.510s] [34mcolcon.colcon_core.event_handler.log_command[0m [1;30mDEBUG[0m [32mInvoked command in '/home/arpan/unitree2/unitree_sdk2/utlidar_slam/build/lidar_bridge' returned '0': CMAKE_PREFIX_PATH=${CMAKE_PREFIX_PATH}:/home/arpan/unitree2/unitree_sdk2/utlidar_slam/install/qos_relay:/home/arpan/unitree2/mid360_slam_ws/install/scan_qos_relay:/home/arpan/unitree2/mid360_slam_ws/install/mid360_slam:/home/arpan/unitree2/fast-lio-ws/install/go2_nav_helper:/home/arpan/turtlebot3_ws/install/turtlebot3_teleop:/home/arpan/turtlebot3_ws/install/turtlebot3_example:/opt/ros/humble /usr/bin/cmake --install /home/arpan/unitree2/unitree_sdk2/utlidar_slam/build/lidar_bridge[0m
[8.510s] [34mcolcon.colcon_core.environment[0m [1;30mLevel 1[0m checking '/home/arpan/unitree2/unitree_sdk2/utlidar_slam/install/lidar_bridge' for CMake config files
[8.511s] [34mcolcon.colcon_core.shell[0m [1;30mLevel 1[0m create_environment_hook('lidar_bridge', 'cmake_prefix_path')
[8.511s] [34mcolcon.colcon_core.shell[0m [1;30mINFO[0m Creating environment hook '/home/arpan/unitree2/unitree_sdk2/utlidar_slam/install/lidar_bridge/share/lidar_bridge/hook/cmake_prefix_path.ps1'
[8.511s] [34mcolcon.colcon_core.shell[0m [1;30mINFO[0m Creating environment descriptor '/home/arpan/unitree2/unitree_sdk2/utlidar_slam/install/lidar_bridge/share/lidar_bridge/hook/cmake_prefix_path.dsv'
[8.512s] [34mcolcon.colcon_core.shell[0m [1;30mINFO[0m Creating environment hook '/home/arpan/unitree2/unitree_sdk2/utlidar_slam/install/lidar_bridge/share/lidar_bridge/hook/cmake_prefix_path.sh'
[8.512s] [34mcolcon.colcon_core.environment[0m [1;30mLevel 1[0m checking '/home/arpan/unitree2/unitree_sdk2/utlidar_slam/install/lidar_bridge/lib'
[8.512s] [34mcolcon.colcon_core.environment[0m [1;30mLevel 1[0m checking '/home/arpan/unitree2/unitree_sdk2/utlidar_slam/install/lidar_bridge/bin'
[8.512s] [34mcolcon.colcon_core.environment[0m [1;30mLevel 1[0m checking '/home/arpan/unitree2/unitree_sdk2/utlidar_slam/install/lidar_bridge/lib/pkgconfig/lidar_bridge.pc'
[8.512s] [34mcolcon.colcon_core.environment[0m [1;30mLevel 1[0m checking '/home/arpan/unitree2/unitree_sdk2/utlidar_slam/install/lidar_bridge/lib/python3.10/site-packages'
[8.513s] [34mcolcon.colcon_core.environment[0m [1;30mLevel 1[0m checking '/home/arpan/unitree2/unitree_sdk2/utlidar_slam/install/lidar_bridge/bin'
[8.513s] [34mcolcon.colcon_core.shell[0m [1;30mINFO[0m Creating package script '/home/arpan/unitree2/unitree_sdk2/utlidar_slam/install/lidar_bridge/share/lidar_bridge/package.ps1'
[8.513s] [34mcolcon.colcon_core.shell[0m [1;30mINFO[0m Creating package descriptor '/home/arpan/unitree2/unitree_sdk2/utlidar_slam/install/lidar_bridge/share/lidar_bridge/package.dsv'
[8.514s] [34mcolcon.colcon_core.shell[0m [1;30mINFO[0m Creating package script '/home/arpan/unitree2/unitree_sdk2/utlidar_slam/install/lidar_bridge/share/lidar_bridge/package.sh'
[8.514s] [34mcolcon.colcon_core.shell[0m [1;30mINFO[0m Creating package script '/home/arpan/unitree2/unitree_sdk2/utlidar_slam/install/lidar_bridge/share/lidar_bridge/package.bash'
[8.515s] [34mcolcon.colcon_core.shell[0m [1;30mINFO[0m Creating package script '/home/arpan/unitree2/unitree_sdk2/utlidar_slam/install/lidar_bridge/share/lidar_bridge/package.zsh'
[8.515s] [34mcolcon.colcon_core.environment[0m [1;30mLevel 1[0m create_file_with_runtime_dependencies(/home/arpan/unitree2/unitree_sdk2/utlidar_slam/install/lidar_bridge/share/colcon-core/packages/lidar_bridge)
[8.515s] [34mcolcon.colcon_core.environment[0m [1;30mLevel 1[0m create_environment_scripts_only(lidar_bridge)
[8.516s] [34mcolcon.colcon_core.environment[0m [1;30mLevel 1[0m checking '/home/arpan/unitree2/unitree_sdk2/utlidar_slam/install/lidar_bridge' for CMake module files
[8.516s] [34mcolcon.colcon_core.environment[0m [1;30mLevel 1[0m checking '/home/arpan/unitree2/unitree_sdk2/utlidar_slam/install/lidar_bridge' for CMake config files
[8.516s] [34mcolcon.colcon_core.shell[0m [1;30mLevel 1[0m create_environment_hook('lidar_bridge', 'cmake_prefix_path')
[8.517s] [34mcolcon.colcon_core.shell[0m [1;30mINFO[0m Creating environment hook '/home/arpan/unitree2/unitree_sdk2/utlidar_slam/install/lidar_bridge/share/lidar_bridge/hook/cmake_prefix_path.ps1'
[8.517s] [34mcolcon.colcon_core.shell[0m [1;30mINFO[0m Creating environment descriptor '/home/arpan/unitree2/unitree_sdk2/utlidar_slam/install/lidar_bridge/share/lidar_bridge/hook/cmake_prefix_path.dsv'
[8.518s] [34mcolcon.colcon_core.shell[0m [1;30mINFO[0m Creating environment hook '/home/arpan/unitree2/unitree_sdk2/utlidar_slam/install/lidar_bridge/share/lidar_bridge/hook/cmake_prefix_path.sh'
[8.518s] [34mcolcon.colcon_core.environment[0m [1;30mLevel 1[0m checking '/home/arpan/unitree2/unitree_sdk2/utlidar_slam/install/lidar_bridge/lib'
[8.518s] [34mcolcon.colcon_core.environment[0m [1;30mLevel 1[0m checking '/home/arpan/unitree2/unitree_sdk2/utlidar_slam/install/lidar_bridge/bin'
[8.518s] [34mcolcon.colcon_core.environment[0m [1;30mLevel 1[0m checking '/home/arpan/unitree2/unitree_sdk2/utlidar_slam/install/lidar_bridge/lib/pkgconfig/lidar_bridge.pc'
[8.519s] [34mcolcon.colcon_core.environment[0m [1;30mLevel 1[0m checking '/home/arpan/unitree2/unitree_sdk2/utlidar_slam/install/lidar_bridge/lib/python3.10/site-packages'
[8.519s] [34mcolcon.colcon_core.environment[0m [1;30mLevel 1[0m checking '/home/arpan/unitree2/unitree_sdk2/utlidar_slam/install/lidar_bridge/bin'
[8.519s] [34mcolcon.colcon_core.shell[0m [1;30mINFO[0m Creating package script '/home/arpan/unitree2/unitree_sdk2/utlidar_slam/install/lidar_bridge/share/lidar_bridge/package.ps1'
[8.519s] [34mcolcon.colcon_core.shell[0m [1;30mINFO[0m Creating package descriptor '/home/arpan/unitree2/unitree_sdk2/utlidar_slam/install/lidar_bridge/share/lidar_bridge/package.dsv'
[8.520s] [34mcolcon.colcon_core.shell[0m [1;30mINFO[0m Creating package script '/home/arpan/unitree2/unitree_sdk2/utlidar_slam/install/lidar_bridge/share/lidar_bridge/package.sh'
[8.520s] [34mcolcon.colcon_core.shell[0m [1;30mINFO[0m Creating package script '/home/arpan/unitree2/unitree_sdk2/utlidar_slam/install/lidar_bridge/share/lidar_bridge/package.bash'
[8.521s] [34mcolcon.colcon_core.shell[0m [1;30mINFO[0m Creating package script '/home/arpan/unitree2/unitree_sdk2/utlidar_slam/install/lidar_bridge/share/lidar_bridge/package.zsh'
[8.521s] [34mcolcon.colcon_core.environment[0m [1;30mLevel 1[0m create_file_with_runtime_dependencies(/home/arpan/unitree2/unitree_sdk2/utlidar_slam/install/lidar_bridge/share/colcon-core/packages/lidar_bridge)
[13.759s] [34mcolcon.colcon_core.event_handler.log_command[0m [1;30mDEBUG[0m [32mInvoked command in '/home/arpan/unitree2/unitree_sdk2/utlidar_slam/build/odom_bridge' returned '0': CMAKE_PREFIX_PATH=${CMAKE_PREFIX_PATH}:/home/arpan/unitree2/unitree_sdk2/utlidar_slam/install/qos_relay:/home/arpan/unitree2/mid360_slam_ws/install/scan_qos_relay:/home/arpan/unitree2/mid360_slam_ws/install/mid360_slam:/home/arpan/unitree2/fast-lio-ws/install/go2_nav_helper:/home/arpan/turtlebot3_ws/install/turtlebot3_teleop:/home/arpan/turtlebot3_ws/install/turtlebot3_example:/opt/ros/humble /usr/bin/cmake --build /home/arpan/unitree2/unitree_sdk2/utlidar_slam/build/odom_bridge -- -j12 -l12[0m
[13.761s] [34mcolcon.colcon_core.event_handler.log_command[0m [1;30mDEBUG[0m [32mInvoking command in '/home/arpan/unitree2/unitree_sdk2/utlidar_slam/build/odom_bridge': CMAKE_PREFIX_PATH=${CMAKE_PREFIX_PATH}:/home/arpan/unitree2/unitree_sdk2/utlidar_slam/install/qos_relay:/home/arpan/unitree2/mid360_slam_ws/install/scan_qos_relay:/home/arpan/unitree2/mid360_slam_ws/install/mid360_slam:/home/arpan/unitree2/fast-lio-ws/install/go2_nav_helper:/home/arpan/turtlebot3_ws/install/turtlebot3_teleop:/home/arpan/turtlebot3_ws/install/turtlebot3_example:/opt/ros/humble /usr/bin/cmake --install /home/arpan/unitree2/unitree_sdk2/utlidar_slam/build/odom_bridge[0m
[13.778s] [34mcolcon.colcon_core.environment[0m [1;30mLevel 1[0m create_environment_scripts_only(odom_bridge)
[13.778s] [34mcolcon.colcon_core.environment[0m [1;30mLevel 1[0m checking '/home/arpan/unitree2/unitree_sdk2/utlidar_slam/install/odom_bridge' for CMake module files
[13.778s] [34mcolcon.colcon_core.event_handler.log_command[0m [1;30mDEBUG[0m [32mInvoked command in '/home/arpan/unitree2/unitree_sdk2/utlidar_slam/build/odom_bridge' returned '0': CMAKE_PREFIX_PATH=${CMAKE_PREFIX_PATH}:/home/arpan/unitree2/unitree_sdk2/utlidar_slam/install/qos_relay:/home/arpan/unitree2/mid360_slam_ws/install/scan_qos_relay:/home/arpan/unitree2/mid360_slam_ws/install/mid360_slam:/home/arpan/unitree2/fast-lio-ws/install/go2_nav_helper:/home/arpan/turtlebot3_ws/install/turtlebot3_teleop:/home/arpan/turtlebot3_ws/install/turtlebot3_example:/opt/ros/humble /usr/bin/cmake --install /home/arpan/unitree2/unitree_sdk2/utlidar_slam/build/odom_bridge[0m
[13.779s] [34mcolcon.colcon_core.environment[0m [1;30mLevel 1[0m checking '/home/arpan/unitree2/unitree_sdk2/utlidar_slam/install/odom_bridge' for CMake config files
[13.779s] [34mcolcon.colcon_core.shell[0m [1;30mLevel 1[0m create_environment_hook('odom_bridge', 'cmake_prefix_path')
[13.779s] [34mcolcon.colcon_core.shell[0m [1;30mINFO[0m Creating environment hook '/home/arpan/unitree2/unitree_sdk2/utlidar_slam/install/odom_bridge/share/odom_bridge/hook/cmake_prefix_path.ps1'
[13.780s] [34mcolcon.colcon_core.shell[0m [1;30mINFO[0m Creating environment descriptor '/home/arpan/unitree2/unitree_sdk2/utlidar_slam/install/odom_bridge/share/odom_bridge/hook/cmake_prefix_path.dsv'
[13.780s] [34mcolcon.colcon_core.shell[0m [1;30mINFO[0m Creating environment hook '/home/arpan/unitree2/unitree_sdk2/utlidar_slam/install/odom_bridge/share/odom_bridge/hook/cmake_prefix_path.sh'
[13.780s] [34mcolcon.colcon_core.environment[0m [1;30mLevel 1[0m checking '/home/arpan/unitree2/unitree_sdk2/utlidar_slam/install/odom_bridge/lib'
[13.780s] [34mcolcon.colcon_core.environment[0m [1;30mLevel 1[0m checking '/home/arpan/unitree2/unitree_sdk2/utlidar_slam/install/odom_bridge/bin'
[13.780s] [34mcolcon.colcon_core.environment[0m [1;30mLevel 1[0m checking '/home/arpan/unitree2/unitree_sdk2/utlidar_slam/install/odom_bridge/lib/pkgconfig/odom_bridge.pc'
[13.781s] [34mcolcon.colcon_core.environment[0m [1;30mLevel 1[0m checking '/home/arpan/unitree2/unitree_sdk2/utlidar_slam/install/odom_bridge/lib/python3.10/site-packages'
[13.781s] [34mcolcon.colcon_core.environment[0m [1;30mLevel 1[0m checking '/home/arpan/unitree2/unitree_sdk2/utlidar_slam/install/odom_bridge/bin'
[13.781s] [34mcolcon.colcon_core.shell[0m [1;30mINFO[0m Creating package script '/home/arpan/unitree2/unitree_sdk2/utlidar_slam/install/odom_bridge/share/odom_bridge/package.ps1'
[13.781s] [34mcolcon.colcon_core.shell[0m [1;30mINFO[0m Creating package descriptor '/home/arpan/unitree2/unitree_sdk2/utlidar_slam/install/odom_bridge/share/odom_bridge/package.dsv'
[13.782s] [34mcolcon.colcon_core.shell[0m [1;30mINFO[0m Creating package script '/home/arpan/unitree2/unitree_sdk2/utlidar_slam/install/odom_bridge/share/odom_bridge/package.sh'
[13.782s] [34mcolcon.colcon_core.shell[0m [1;30mINFO[0m Creating package script '/home/arpan/unitree2/unitree_sdk2/utlidar_slam/install/odom_bridge/share/odom_bridge/package.bash'
[13.783s] [34mcolcon.colcon_core.shell[0m [1;30mINFO[0m Creating package script '/home/arpan/unitree2/unitree_sdk2/utlidar_slam/install/odom_bridge/share/odom_bridge/package.zsh'
[13.783s] [34mcolcon.colcon_core.environment[0m [1;30mLevel 1[0m create_file_with_runtime_dependencies(/home/arpan/unitree2/unitree_sdk2/utlidar_slam/install/odom_bridge/share/colcon-core/packages/odom_bridge)
[13.783s] [34mcolcon.colcon_core.environment[0m [1;30mLevel 1[0m create_environment_scripts_only(odom_bridge)
[13.783s] [34mcolcon.colcon_core.environment[0m [1;30mLevel 1[0m checking '/home/arpan/unitree2/unitree_sdk2/utlidar_slam/install/odom_bridge' for CMake module files
[13.784s] [34mcolcon.colcon_core.environment[0m [1;30mLevel 1[0m checking '/home/arpan/unitree2/unitree_sdk2/utlidar_slam/install/odom_bridge' for CMake config files
[13.784s] [34mcolcon.colcon_core.shell[0m [1;30mLevel 1[0m create_environment_hook('odom_bridge', 'cmake_prefix_path')
[13.784s] [34mcolcon.colcon_core.shell[0m [1;30mINFO[0m Creating environment hook '/home/arpan/unitree2/unitree_sdk2/utlidar_slam/install/odom_bridge/share/odom_bridge/hook/cmake_prefix_path.ps1'
[13.784s] [34mcolcon.colcon_core.shell[0m [1;30mINFO[0m Creating environment descriptor '/home/arpan/unitree2/unitree_sdk2/utlidar_slam/install/odom_bridge/share/odom_bridge/hook/cmake_prefix_path.dsv'
[13.785s] [34mcolcon.colcon_core.shell[0m [1;30mINFO[0m Creating environment hook '/home/arpan/unitree2/unitree_sdk2/utlidar_slam/install/odom_bridge/share/odom_bridge/hook/cmake_prefix_path.sh'
[13.785s] [34mcolcon.colcon_core.environment[0m [1;30mLevel 1[0m checking '/home/arpan/unitree2/unitree_sdk2/utlidar_slam/install/odom_bridge/lib'
[13.785s] [34mcolcon.colcon_core.environment[0m [1;30mLevel 1[0m checking '/home/arpan/unitree2/unitree_sdk2/utlidar_slam/install/odom_bridge/bin'
[13.785s] [34mcolcon.colcon_core.environment[0m [1;30mLevel 1[0m checking '/home/arpan/unitree2/unitree_sdk2/utlidar_slam/install/odom_bridge/lib/pkgconfig/odom_bridge.pc'
[13.786s] [34mcolcon.colcon_core.environment[0m [1;30mLevel 1[0m checking '/home/arpan/unitree2/unitree_sdk2/utlidar_slam/install/odom_bridge/lib/python3.10/site-packages'
[13.786s] [34mcolcon.colcon_core.environment[0m [1;30mLevel 1[0m checking '/home/arpan/unitree2/unitree_sdk2/utlidar_slam/install/odom_bridge/bin'
[13.786s] [34mcolcon.colcon_core.shell[0m [1;30mINFO[0m Creating package script '/home/arpan/unitree2/unitree_sdk2/utlidar_slam/install/odom_bridge/share/odom_bridge/package.ps1'
[13.786s] [34mcolcon.colcon_core.shell[0m [1;30mINFO[0m Creating package descriptor '/home/arpan/unitree2/unitree_sdk2/utlidar_slam/install/odom_bridge/share/odom_bridge/package.dsv'
[13.787s] [34mcolcon.colcon_core.shell[0m [1;30mINFO[0m Creating package script '/home/arpan/unitree2/unitree_sdk2/utlidar_slam/install/odom_bridge/share/odom_bridge/package.sh'
[13.787s] [34mcolcon.colcon_core.shell[0m [1;30mINFO[0m Creating package script '/home/arpan/unitree2/unitree_sdk2/utlidar_slam/install/odom_bridge/share/odom_bridge/package.bash'
[13.787s] [34mcolcon.colcon_core.shell[0m [1;30mINFO[0m Creating package script '/home/arpan/unitree2/unitree_sdk2/utlidar_slam/install/odom_bridge/share/odom_bridge/package.zsh'
[13.788s] [34mcolcon.colcon_core.environment[0m [1;30mLevel 1[0m create_file_with_runtime_dependencies(/home/arpan/unitree2/unitree_sdk2/utlidar_slam/install/odom_bridge/share/colcon-core/packages/odom_bridge)
[13.788s] [34mcolcon.colcon_parallel_executor.executor.parallel[0m [1;30mDEBUG[0m [32mclosing loop[0m
[13.788s] [34mcolcon.colcon_parallel_executor.executor.parallel[0m [1;30mDEBUG[0m [32mloop closed[0m
[13.788s] [34mcolcon.colcon_parallel_executor.executor.parallel[0m [1;30mDEBUG[0m [32mrun_until_complete finished with '0'[0m
[13.788s] [34mcolcon.colcon_core.event_reactor[0m [1;30mDEBUG[0m [32mjoining thread[0m
[13.796s] [34mcolcon.colcon_core.plugin_system[0m [1;30mINFO[0m Skipping extension 'colcon_notification.desktop_notification.terminal_notifier': Not used on non-Darwin systems
[13.796s] [34mcolcon.colcon_core.plugin_system[0m [1;30mINFO[0m Skipping extension 'colcon_notification.desktop_notification.win32': Not used on non-Windows systems
[13.796s] [34mcolcon.colcon_notification.desktop_notification[0m [1;30mINFO[0m Sending desktop notification using 'notify2'
[13.813s] [34mcolcon.colcon_core.event_reactor[0m [1;30mDEBUG[0m [32mjoined thread[0m
[13.814s] [34mcolcon.colcon_core.shell[0m [1;30mINFO[0m Creating prefix script '/home/arpan/unitree2/unitree_sdk2/utlidar_slam/install/local_setup.ps1'
[13.815s] [34mcolcon.colcon_core.shell[0m [1;30mINFO[0m Creating prefix util module '/home/arpan/unitree2/unitree_sdk2/utlidar_slam/install/_local_setup_util_ps1.py'
[13.816s] [34mcolcon.colcon_core.shell[0m [1;30mINFO[0m Creating prefix chain script '/home/arpan/unitree2/unitree_sdk2/utlidar_slam/install/setup.ps1'
[13.817s] [34mcolcon.colcon_core.shell[0m [1;30mINFO[0m Creating prefix script '/home/arpan/unitree2/unitree_sdk2/utlidar_slam/install/local_setup.sh'
[13.818s] [34mcolcon.colcon_core.shell[0m [1;30mINFO[0m Creating prefix util module '/home/arpan/unitree2/unitree_sdk2/utlidar_slam/install/_local_setup_util_sh.py'
[13.818s] [34mcolcon.colcon_core.shell[0m [1;30mINFO[0m Creating prefix chain script '/home/arpan/unitree2/unitree_sdk2/utlidar_slam/install/setup.sh'
[13.820s] [34mcolcon.colcon_core.shell[0m [1;30mINFO[0m Creating prefix script '/home/arpan/unitree2/unitree_sdk2/utlidar_slam/install/local_setup.bash'
[13.820s] [34mcolcon.colcon_core.shell[0m [1;30mINFO[0m Creating prefix chain script '/home/arpan/unitree2/unitree_sdk2/utlidar_slam/install/setup.bash'
[13.822s] [34mcolcon.colcon_core.shell[0m [1;30mINFO[0m Creating prefix script '/home/arpan/unitree2/unitree_sdk2/utlidar_slam/install/local_setup.zsh'
[13.823s] [34mcolcon.colcon_core.shell[0m [1;30mINFO[0m Creating prefix chain script '/home/arpan/unitree2/unitree_sdk2/utlidar_slam/install/setup.zsh'
