[0.057s] Invoking command in '/home/arpan/unitree2/unitree_sdk2/utlidar_slam/build/lidar_bridge': CMAKE_PREFIX_PATH=${CMAKE_PREFIX_PATH}:/home/arpan/unitree2/unitree_sdk2/utlidar_slam/install/qos_relay:/home/arpan/unitree2/mid360_slam_ws/install/scan_qos_relay:/home/arpan/unitree2/mid360_slam_ws/install/mid360_slam:/home/arpan/unitree2/fast-lio-ws/install/go2_nav_helper:/home/arpan/turtlebot3_ws/install/turtlebot3_teleop:/home/arpan/turtlebot3_ws/install/turtlebot3_example:/opt/ros/humble /usr/bin/cmake /home/arpan/unitree2/unitree_sdk2/utlidar_slam/src/lidar_bridge -DCMAKE_INSTALL_PREFIX=/home/arpan/unitree2/unitree_sdk2/utlidar_slam/install/lidar_bridge
[0.537s] -- The C compiler identification is GNU 11.4.0
[0.537s] -- The CXX compiler identification is GNU 11.4.0
[0.537s] -- Detecting C compiler ABI info
[0.537s] -- Detecting C compiler ABI info - done
[0.537s] -- Check for working C compiler: /usr/bin/cc - skipped
[0.538s] -- Detecting C compile features
[0.538s] -- Detecting C compile features - done
[0.538s] -- Detecting CXX compiler ABI info
[0.538s] -- Detecting CXX compiler ABI info - done
[0.541s] -- Check for working CXX compiler: /usr/bin/c++ - skipped
[0.541s] -- Detecting CXX compile features
[0.543s] -- Detecting CXX compile features - done
[0.556s] -- Found ament_cmake: 1.3.11 (/opt/ros/humble/share/ament_cmake/cmake)
[0.799s] -- Found Python3: /usr/bin/python3 (found version "3.10.12") found components: Interpreter 
[0.993s] -- Found rclcpp: 16.0.12 (/opt/ros/humble/share/rclcpp/cmake)
[1.089s] -- Found rosidl_generator_c: 3.1.6 (/opt/ros/humble/share/rosidl_generator_c/cmake)
[1.111s] -- Found rosidl_adapter: 3.1.6 (/opt/ros/humble/share/rosidl_adapter/cmake)
[1.140s] -- Found rosidl_generator_cpp: 3.1.6 (/opt/ros/humble/share/rosidl_generator_cpp/cmake)
[1.181s] -- Using all available rosidl_typesupport_c: rosidl_typesupport_fastrtps_c;rosidl_typesupport_introspection_c
[1.221s] -- Using all available rosidl_typesupport_cpp: rosidl_typesupport_fastrtps_cpp;rosidl_typesupport_introspection_cpp
[1.312s] -- Found rmw_implementation_cmake: 6.1.2 (/opt/ros/humble/share/rmw_implementation_cmake/cmake)
[1.319s] -- Found rmw_fastrtps_cpp: 6.2.7 (/opt/ros/humble/share/rmw_fastrtps_cpp/cmake)
[1.475s] -- Found OpenSSL: /usr/lib/x86_64-linux-gnu/libcrypto.so (found version "3.0.2")  
[1.541s] -- Found FastRTPS: /opt/ros/humble/include  
[1.614s] -- Using RMW implementation 'rmw_fastrtps_cpp' as default
[1.637s] -- Looking for pthread.h
[1.745s] -- Looking for pthread.h - found
[1.745s] -- Performing Test CMAKE_HAVE_LIBC_PTHREAD
[1.850s] -- Performing Test CMAKE_HAVE_LIBC_PTHREAD - Success
[1.852s] -- Found Threads: TRUE  
[1.967s] -- Found sensor_msgs: 4.8.0 (/opt/ros/humble/share/sensor_msgs/cmake)
[2.138s] -- Configuring done
[2.162s] -- Generating done
[2.167s] -- Build files have been written to: /home/arpan/unitree2/unitree_sdk2/utlidar_slam/build/lidar_bridge
[2.180s] Invoked command in '/home/arpan/unitree2/unitree_sdk2/utlidar_slam/build/lidar_bridge' returned '0': CMAKE_PREFIX_PATH=${CMAKE_PREFIX_PATH}:/home/arpan/unitree2/unitree_sdk2/utlidar_slam/install/qos_relay:/home/arpan/unitree2/mid360_slam_ws/install/scan_qos_relay:/home/arpan/unitree2/mid360_slam_ws/install/mid360_slam:/home/arpan/unitree2/fast-lio-ws/install/go2_nav_helper:/home/arpan/turtlebot3_ws/install/turtlebot3_teleop:/home/arpan/turtlebot3_ws/install/turtlebot3_example:/opt/ros/humble /usr/bin/cmake /home/arpan/unitree2/unitree_sdk2/utlidar_slam/src/lidar_bridge -DCMAKE_INSTALL_PREFIX=/home/arpan/unitree2/unitree_sdk2/utlidar_slam/install/lidar_bridge
[2.183s] Invoking command in '/home/arpan/unitree2/unitree_sdk2/utlidar_slam/build/lidar_bridge': CMAKE_PREFIX_PATH=${CMAKE_PREFIX_PATH}:/home/arpan/unitree2/unitree_sdk2/utlidar_slam/install/qos_relay:/home/arpan/unitree2/mid360_slam_ws/install/scan_qos_relay:/home/arpan/unitree2/mid360_slam_ws/install/mid360_slam:/home/arpan/unitree2/fast-lio-ws/install/go2_nav_helper:/home/arpan/turtlebot3_ws/install/turtlebot3_teleop:/home/arpan/turtlebot3_ws/install/turtlebot3_example:/opt/ros/humble /usr/bin/cmake --build /home/arpan/unitree2/unitree_sdk2/utlidar_slam/build/lidar_bridge -- -j12 -l12
[2.261s] [ 50%] [32mBuilding CXX object CMakeFiles/lidar_bridge_node.dir/src/lidar_bridge_node.cpp.o[0m
[5.694s] gmake[2]: *** [CMakeFiles/lidar_bridge_node.dir/build.make:76: CMakeFiles/lidar_bridge_node.dir/src/lidar_bridge_node.cpp.o] Interrupt
[5.695s] gmake[1]: *** [CMakeFiles/Makefile2:137: CMakeFiles/lidar_bridge_node.dir/all] Interrupt
[5.695s] gmake: *** [Makefile:146: all] Interrupt
