[0.464s] Invoking command in '/home/arpan/unitree2/unitree_sdk2/utlidar_slam/build/utlidar_launcher': CMAKE_PREFIX_PATH=${CMAKE_PREFIX_PATH}:/home/arpan/unitree2/unitree_sdk2/utlidar_slam/install/qos_relay:/home/arpan/unitree2/mid360_slam_ws/install/scan_qos_relay:/home/arpan/unitree2/mid360_slam_ws/install/mid360_slam:/home/arpan/unitree2/fast-lio-ws/install/go2_nav_helper:/home/arpan/turtlebot3_ws/install/turtlebot3_teleop:/home/arpan/turtlebot3_ws/install/turtlebot3_example:/opt/ros/humble /usr/bin/cmake --build /home/arpan/unitree2/unitree_sdk2/utlidar_slam/build/utlidar_launcher -- -j12 -l12
[0.537s] Invoked command in '/home/arpan/unitree2/unitree_sdk2/utlidar_slam/build/utlidar_launcher' returned '0': CMAKE_PREFIX_PATH=${CMAKE_PREFIX_PATH}:/home/arpan/unitree2/unitree_sdk2/utlidar_slam/install/qos_relay:/home/arpan/unitree2/mid360_slam_ws/install/scan_qos_relay:/home/arpan/unitree2/mid360_slam_ws/install/mid360_slam:/home/arpan/unitree2/fast-lio-ws/install/go2_nav_helper:/home/arpan/turtlebot3_ws/install/turtlebot3_teleop:/home/arpan/turtlebot3_ws/install/turtlebot3_example:/opt/ros/humble /usr/bin/cmake --build /home/arpan/unitree2/unitree_sdk2/utlidar_slam/build/utlidar_launcher -- -j12 -l12
[0.540s] Invoking command in '/home/arpan/unitree2/unitree_sdk2/utlidar_slam/build/utlidar_launcher': CMAKE_PREFIX_PATH=${CMAKE_PREFIX_PATH}:/home/arpan/unitree2/unitree_sdk2/utlidar_slam/install/qos_relay:/home/arpan/unitree2/mid360_slam_ws/install/scan_qos_relay:/home/arpan/unitree2/mid360_slam_ws/install/mid360_slam:/home/arpan/unitree2/fast-lio-ws/install/go2_nav_helper:/home/arpan/turtlebot3_ws/install/turtlebot3_teleop:/home/arpan/turtlebot3_ws/install/turtlebot3_example:/opt/ros/humble /usr/bin/cmake --install /home/arpan/unitree2/unitree_sdk2/utlidar_slam/build/utlidar_launcher
[0.551s] -- Install configuration: ""
[0.551s] -- Up-to-date: /home/arpan/unitree2/unitree_sdk2/utlidar_slam/install/utlidar_launcher/share/utlidar_launcher/launch
[0.551s] -- Up-to-date: /home/arpan/unitree2/unitree_sdk2/utlidar_slam/install/utlidar_launcher/share/utlidar_launcher/launch/slam.launch.py
[0.552s] -- Up-to-date: /home/arpan/unitree2/unitree_sdk2/utlidar_slam/install/utlidar_launcher/share/utlidar_launcher/config
[0.552s] -- Up-to-date: /home/arpan/unitree2/unitree_sdk2/utlidar_slam/install/utlidar_launcher/share/utlidar_launcher/config/slam_mapper_params.yaml
[0.552s] -- Installing: /home/arpan/unitree2/unitree_sdk2/utlidar_slam/install/utlidar_launcher/share/utlidar_launcher/config/pointcloud_to_laserscan_params.yaml
[0.552s] -- Up-to-date: /home/arpan/unitree2/unitree_sdk2/utlidar_slam/install/utlidar_launcher/share/utlidar_launcher/rviz
[0.552s] -- Up-to-date: /home/arpan/unitree2/unitree_sdk2/utlidar_slam/install/utlidar_launcher/share/utlidar_launcher/rviz/slam_config.rviz
[0.552s] -- Up-to-date: /home/arpan/unitree2/unitree_sdk2/utlidar_slam/install/utlidar_launcher/share/ament_index/resource_index/package_run_dependencies/utlidar_launcher
[0.552s] -- Up-to-date: /home/arpan/unitree2/unitree_sdk2/utlidar_slam/install/utlidar_launcher/share/ament_index/resource_index/parent_prefix_path/utlidar_launcher
[0.552s] -- Up-to-date: /home/arpan/unitree2/unitree_sdk2/utlidar_slam/install/utlidar_launcher/share/utlidar_launcher/environment/ament_prefix_path.sh
[0.553s] -- Up-to-date: /home/arpan/unitree2/unitree_sdk2/utlidar_slam/install/utlidar_launcher/share/utlidar_launcher/environment/ament_prefix_path.dsv
[0.553s] -- Up-to-date: /home/arpan/unitree2/unitree_sdk2/utlidar_slam/install/utlidar_launcher/share/utlidar_launcher/environment/path.sh
[0.553s] -- Up-to-date: /home/arpan/unitree2/unitree_sdk2/utlidar_slam/install/utlidar_launcher/share/utlidar_launcher/environment/path.dsv
[0.553s] -- Up-to-date: /home/arpan/unitree2/unitree_sdk2/utlidar_slam/install/utlidar_launcher/share/utlidar_launcher/local_setup.bash
[0.553s] -- Up-to-date: /home/arpan/unitree2/unitree_sdk2/utlidar_slam/install/utlidar_launcher/share/utlidar_launcher/local_setup.sh
[0.553s] -- Up-to-date: /home/arpan/unitree2/unitree_sdk2/utlidar_slam/install/utlidar_launcher/share/utlidar_launcher/local_setup.zsh
[0.553s] -- Up-to-date: /home/arpan/unitree2/unitree_sdk2/utlidar_slam/install/utlidar_launcher/share/utlidar_launcher/local_setup.dsv
[0.553s] -- Installing: /home/arpan/unitree2/unitree_sdk2/utlidar_slam/install/utlidar_launcher/share/utlidar_launcher/package.dsv
[0.553s] -- Up-to-date: /home/arpan/unitree2/unitree_sdk2/utlidar_slam/install/utlidar_launcher/share/ament_index/resource_index/packages/utlidar_launcher
[0.553s] -- Up-to-date: /home/arpan/unitree2/unitree_sdk2/utlidar_slam/install/utlidar_launcher/share/utlidar_launcher/cmake/utlidar_launcherConfig.cmake
[0.553s] -- Up-to-date: /home/arpan/unitree2/unitree_sdk2/utlidar_slam/install/utlidar_launcher/share/utlidar_launcher/cmake/utlidar_launcherConfig-version.cmake
[0.554s] -- Up-to-date: /home/arpan/unitree2/unitree_sdk2/utlidar_slam/install/utlidar_launcher/share/utlidar_launcher/package.xml
[0.556s] Invoked command in '/home/arpan/unitree2/unitree_sdk2/utlidar_slam/build/utlidar_launcher' returned '0': CMAKE_PREFIX_PATH=${CMAKE_PREFIX_PATH}:/home/arpan/unitree2/unitree_sdk2/utlidar_slam/install/qos_relay:/home/arpan/unitree2/mid360_slam_ws/install/scan_qos_relay:/home/arpan/unitree2/mid360_slam_ws/install/mid360_slam:/home/arpan/unitree2/fast-lio-ws/install/go2_nav_helper:/home/arpan/turtlebot3_ws/install/turtlebot3_teleop:/home/arpan/turtlebot3_ws/install/turtlebot3_example:/opt/ros/humble /usr/bin/cmake --install /home/arpan/unitree2/unitree_sdk2/utlidar_slam/build/utlidar_launcher
