[0.046s] Invoking command in '/home/arpan/unitree2/unitree_sdk2/utlidar_slam/build/go2_localization': CMAKE_PREFIX_PATH=${CMAKE_PREFIX_PATH}:/home/arpan/unitree2/mid360_slamming_ws/install/scan_qos_relay:/home/arpan/unitree2/mid360_slamming_ws/install/mid360_slam:/home/arpan/unitree2/mid360_slam_ws/install/scan_qos_relay:/home/arpan/unitree2/mid360_slam_ws/install/mid360_slam:/home/arpan/unitree2/fast-lio-ws/install/go2_nav_helper:/home/arpan/turtlebot3_ws/install/turtlebot3_teleop:/home/arpan/turtlebot3_ws/install/turtlebot3_example:/opt/ros/humble /usr/bin/cmake --build /home/arpan/unitree2/unitree_sdk2/utlidar_slam/build/go2_localization -- -j12 -l12
[0.378s] Invoked command in '/home/arpan/unitree2/unitree_sdk2/utlidar_slam/build/go2_localization' returned '0': CMAKE_PREFIX_PATH=${CMAKE_PREFIX_PATH}:/home/arpan/unitree2/mid360_slamming_ws/install/scan_qos_relay:/home/arpan/unitree2/mid360_slamming_ws/install/mid360_slam:/home/arpan/unitree2/mid360_slam_ws/install/scan_qos_relay:/home/arpan/unitree2/mid360_slam_ws/install/mid360_slam:/home/arpan/unitree2/fast-lio-ws/install/go2_nav_helper:/home/arpan/turtlebot3_ws/install/turtlebot3_teleop:/home/arpan/turtlebot3_ws/install/turtlebot3_example:/opt/ros/humble /usr/bin/cmake --build /home/arpan/unitree2/unitree_sdk2/utlidar_slam/build/go2_localization -- -j12 -l12
[0.380s] Invoking command in '/home/arpan/unitree2/unitree_sdk2/utlidar_slam/build/go2_localization': CMAKE_PREFIX_PATH=${CMAKE_PREFIX_PATH}:/home/arpan/unitree2/mid360_slamming_ws/install/scan_qos_relay:/home/arpan/unitree2/mid360_slamming_ws/install/mid360_slam:/home/arpan/unitree2/mid360_slam_ws/install/scan_qos_relay:/home/arpan/unitree2/mid360_slam_ws/install/mid360_slam:/home/arpan/unitree2/fast-lio-ws/install/go2_nav_helper:/home/arpan/turtlebot3_ws/install/turtlebot3_teleop:/home/arpan/turtlebot3_ws/install/turtlebot3_example:/opt/ros/humble /usr/bin/cmake --install /home/arpan/unitree2/unitree_sdk2/utlidar_slam/build/go2_localization
[0.390s] -- Install configuration: ""
[0.391s] -- Up-to-date: /home/arpan/unitree2/unitree_sdk2/utlidar_slam/install/go2_localization/share/go2_localization/launch
[0.391s] -- Up-to-date: /home/arpan/unitree2/unitree_sdk2/utlidar_slam/install/go2_localization/share/go2_localization/launch/ekf.launch.py
[0.393s] -- Up-to-date: /home/arpan/unitree2/unitree_sdk2/utlidar_slam/install/go2_localization/share/go2_localization/config
[0.393s] -- Up-to-date: /home/arpan/unitree2/unitree_sdk2/utlidar_slam/install/go2_localization/share/go2_localization/config/ekf.yaml
[0.393s] -- Up-to-date: /home/arpan/unitree2/unitree_sdk2/utlidar_slam/install/go2_localization/share/ament_index/resource_index/package_run_dependencies/go2_localization
[0.394s] -- Up-to-date: /home/arpan/unitree2/unitree_sdk2/utlidar_slam/install/go2_localization/share/ament_index/resource_index/parent_prefix_path/go2_localization
[0.394s] -- Up-to-date: /home/arpan/unitree2/unitree_sdk2/utlidar_slam/install/go2_localization/share/go2_localization/environment/ament_prefix_path.sh
[0.394s] -- Up-to-date: /home/arpan/unitree2/unitree_sdk2/utlidar_slam/install/go2_localization/share/go2_localization/environment/ament_prefix_path.dsv
[0.394s] -- Up-to-date: /home/arpan/unitree2/unitree_sdk2/utlidar_slam/install/go2_localization/share/go2_localization/environment/path.sh
[0.395s] -- Up-to-date: /home/arpan/unitree2/unitree_sdk2/utlidar_slam/install/go2_localization/share/go2_localization/environment/path.dsv
[0.395s] -- Up-to-date: /home/arpan/unitree2/unitree_sdk2/utlidar_slam/install/go2_localization/share/go2_localization/local_setup.bash
[0.395s] -- Up-to-date: /home/arpan/unitree2/unitree_sdk2/utlidar_slam/install/go2_localization/share/go2_localization/local_setup.sh
[0.395s] -- Up-to-date: /home/arpan/unitree2/unitree_sdk2/utlidar_slam/install/go2_localization/share/go2_localization/local_setup.zsh
[0.395s] -- Up-to-date: /home/arpan/unitree2/unitree_sdk2/utlidar_slam/install/go2_localization/share/go2_localization/local_setup.dsv
[0.395s] -- Installing: /home/arpan/unitree2/unitree_sdk2/utlidar_slam/install/go2_localization/share/go2_localization/package.dsv
[0.396s] -- Up-to-date: /home/arpan/unitree2/unitree_sdk2/utlidar_slam/install/go2_localization/share/ament_index/resource_index/packages/go2_localization
[0.396s] -- Up-to-date: /home/arpan/unitree2/unitree_sdk2/utlidar_slam/install/go2_localization/share/go2_localization/cmake/go2_localizationConfig.cmake
[0.396s] -- Up-to-date: /home/arpan/unitree2/unitree_sdk2/utlidar_slam/install/go2_localization/share/go2_localization/cmake/go2_localizationConfig-version.cmake
[0.396s] -- Up-to-date: /home/arpan/unitree2/unitree_sdk2/utlidar_slam/install/go2_localization/share/go2_localization/package.xml
[0.397s] Invoked command in '/home/arpan/unitree2/unitree_sdk2/utlidar_slam/build/go2_localization' returned '0': CMAKE_PREFIX_PATH=${CMAKE_PREFIX_PATH}:/home/arpan/unitree2/mid360_slamming_ws/install/scan_qos_relay:/home/arpan/unitree2/mid360_slamming_ws/install/mid360_slam:/home/arpan/unitree2/mid360_slam_ws/install/scan_qos_relay:/home/arpan/unitree2/mid360_slam_ws/install/mid360_slam:/home/arpan/unitree2/fast-lio-ws/install/go2_nav_helper:/home/arpan/turtlebot3_ws/install/turtlebot3_teleop:/home/arpan/turtlebot3_ws/install/turtlebot3_example:/opt/ros/humble /usr/bin/cmake --install /home/arpan/unitree2/unitree_sdk2/utlidar_slam/build/go2_localization
