[35m[1mConsolidate compiler generated dependencies of target odom_bridge_node[0m
[ 50%] [32mBuilding CXX object CMakeFiles/odom_bridge_node.dir/src/odom_bridge_node.cpp.o[0m
[100%] [32m[1mLinking CXX executable odom_bridge_node[0m
[100%] Built target odom_bridge_node
-- Install configuration: ""
-- Installing: /home/arpan/unitree2/unitree_sdk2/utlidar_slam/install/odom_bridge/lib/odom_bridge/odom_bridge_node
-- Set runtime path of "/home/arpan/unitree2/unitree_sdk2/utlidar_slam/install/odom_bridge/lib/odom_bridge/odom_bridge_node" to ""
-- Installing: /home/arpan/unitree2/unitree_sdk2/utlidar_slam/install/odom_bridge/share/ament_index/resource_index/package_run_dependencies/odom_bridge
-- Installing: /home/arpan/unitree2/unitree_sdk2/utlidar_slam/install/odom_bridge/share/ament_index/resource_index/parent_prefix_path/odom_bridge
-- Installing: /home/arpan/unitree2/unitree_sdk2/utlidar_slam/install/odom_bridge/share/odom_bridge/environment/ament_prefix_path.sh
-- Installing: /home/arpan/unitree2/unitree_sdk2/utlidar_slam/install/odom_bridge/share/odom_bridge/environment/ament_prefix_path.dsv
-- Installing: /home/arpan/unitree2/unitree_sdk2/utlidar_slam/install/odom_bridge/share/odom_bridge/environment/path.sh
-- Installing: /home/arpan/unitree2/unitree_sdk2/utlidar_slam/install/odom_bridge/share/odom_bridge/environment/path.dsv
-- Installing: /home/arpan/unitree2/unitree_sdk2/utlidar_slam/install/odom_bridge/share/odom_bridge/local_setup.bash
-- Installing: /home/arpan/unitree2/unitree_sdk2/utlidar_slam/install/odom_bridge/share/odom_bridge/local_setup.sh
-- Installing: /home/arpan/unitree2/unitree_sdk2/utlidar_slam/install/odom_bridge/share/odom_bridge/local_setup.zsh
-- Installing: /home/arpan/unitree2/unitree_sdk2/utlidar_slam/install/odom_bridge/share/odom_bridge/local_setup.dsv
-- Installing: /home/arpan/unitree2/unitree_sdk2/utlidar_slam/install/odom_bridge/share/odom_bridge/package.dsv
-- Installing: /home/arpan/unitree2/unitree_sdk2/utlidar_slam/install/odom_bridge/share/ament_index/resource_index/packages/odom_bridge
-- Installing: /home/arpan/unitree2/unitree_sdk2/utlidar_slam/install/odom_bridge/share/odom_bridge/cmake/odom_bridgeConfig.cmake
-- Installing: /home/arpan/unitree2/unitree_sdk2/utlidar_slam/install/odom_bridge/share/odom_bridge/cmake/odom_bridgeConfig-version.cmake
-- Installing: /home/arpan/unitree2/unitree_sdk2/utlidar_slam/install/odom_bridge/share/odom_bridge/package.xml
