[0.148s] [34mcolcon[0m [1;30mDEBUG[0m [32mCommand line arguments: ['/usr/bin/colcon', 'build'][0m
[0.148s] [34mcolcon[0m [1;30mDEBUG[0m [32mParsed command line arguments: Namespace(log_base=None, log_level=None, verb_name='build', build_base='build', install_base='install', merge_install=False, symlink_install=False, test_result_base=None, continue_on_error=False, executor='parallel', parallel_workers=12, event_handlers=None, ignore_user_meta=False, metas=['./colcon.meta'], base_paths=['.'], packages_ignore=None, packages_ignore_regex=None, paths=None, packages_up_to=None, packages_up_to_regex=None, packages_above=None, packages_above_and_dependencies=None, packages_above_depth=None, packages_select_by_dep=None, packages_skip_by_dep=None, packages_skip_up_to=None, packages_select_build_failed=False, packages_skip_build_finished=False, packages_select_test_failures=False, packages_skip_test_passed=False, packages_select=None, packages_skip=None, packages_select_regex=None, packages_skip_regex=None, packages_start=None, packages_end=None, allow_overriding=[], cmake_args=None, cmake_target=None, cmake_target_skip_unavailable=False, cmake_clean_cache=False, cmake_clean_first=False, cmake_force_configure=False, ament_cmake_args=None, catkin_cmake_args=None, catkin_skip_building_tests=False, mixin_files=None, mixin=None, verb_parser=<colcon_mixin.mixin.mixin_argument.MixinArgumentDecorator object at 0x7bd0a305af20>, verb_extension=<colcon_core.verb.build.BuildVerb object at 0x7bd0a305bf40>, main=<bound method BuildVerb.main of <colcon_core.verb.build.BuildVerb object at 0x7bd0a305bf40>>, mixin_verb=('build',))[0m
[0.317s] [34mcolcon.colcon_core.package_discovery[0m [1;30mLevel 1[0m discover_packages(colcon_meta) check parameters
[0.317s] [34mcolcon.colcon_core.package_discovery[0m [1;30mLevel 1[0m discover_packages(recursive) check parameters
[0.317s] [34mcolcon.colcon_core.package_discovery[0m [1;30mLevel 1[0m discover_packages(ignore) check parameters
[0.317s] [34mcolcon.colcon_core.package_discovery[0m [1;30mLevel 1[0m discover_packages(path) check parameters
[0.317s] [34mcolcon.colcon_core.package_discovery[0m [1;30mLevel 1[0m discover_packages(colcon_meta) discover
[0.317s] [34mcolcon.colcon_core.package_discovery[0m [1;30mLevel 1[0m discover_packages(recursive) discover
[0.317s] [34mcolcon.colcon_core.package_discovery[0m [1;30mINFO[0m Crawling recursively for packages in '/home/arpan/unitree2/unitree_sdk2/utlidar_slam/src'
[0.317s] [34mcolcon.colcon_core.package_identification[0m [1;30mLevel 1[0m _identify(.) by extensions ['ignore', 'ignore_ament_install']
[0.317s] [34mcolcon.colcon_core.package_identification[0m [1;30mLevel 1[0m _identify(.) by extension 'ignore'
[0.317s] [34mcolcon.colcon_core.package_identification[0m [1;30mLevel 1[0m _identify(.) by extension 'ignore_ament_install'
[0.318s] [34mcolcon.colcon_core.package_identification[0m [1;30mLevel 1[0m _identify(.) by extensions ['colcon_pkg']
[0.318s] [34mcolcon.colcon_core.package_identification[0m [1;30mLevel 1[0m _identify(.) by extension 'colcon_pkg'
[0.318s] [34mcolcon.colcon_core.package_identification[0m [1;30mLevel 1[0m _identify(.) by extensions ['colcon_meta']
[0.318s] [34mcolcon.colcon_core.package_identification[0m [1;30mLevel 1[0m _identify(.) by extension 'colcon_meta'
[0.318s] [34mcolcon.colcon_core.package_identification[0m [1;30mLevel 1[0m _identify(.) by extensions ['ros']
[0.318s] [34mcolcon.colcon_core.package_identification[0m [1;30mLevel 1[0m _identify(.) by extension 'ros'
[0.333s] [34mcolcon.colcon_core.package_identification[0m [1;30mLevel 1[0m _identify(.) by extensions ['cmake', 'python']
[0.333s] [34mcolcon.colcon_core.package_identification[0m [1;30mLevel 1[0m _identify(.) by extension 'cmake'
[0.333s] [34mcolcon.colcon_core.package_identification[0m [1;30mLevel 1[0m _identify(.) by extension 'python'
[0.333s] [34mcolcon.colcon_core.package_identification[0m [1;30mLevel 1[0m _identify(.) by extensions ['python_setup_py']
[0.333s] [34mcolcon.colcon_core.package_identification[0m [1;30mLevel 1[0m _identify(.) by extension 'python_setup_py'
[0.333s] [34mcolcon.colcon_core.package_identification[0m [1;30mLevel 1[0m _identify(build) by extensions ['ignore', 'ignore_ament_install']
[0.333s] [34mcolcon.colcon_core.package_identification[0m [1;30mLevel 1[0m _identify(build) by extension 'ignore'
[0.333s] [34mcolcon.colcon_core.package_identification[0m [1;30mLevel 1[0m _identify(build) ignored
[0.333s] [34mcolcon.colcon_core.package_identification[0m [1;30mLevel 1[0m _identify(install) by extensions ['ignore', 'ignore_ament_install']
[0.333s] [34mcolcon.colcon_core.package_identification[0m [1;30mLevel 1[0m _identify(install) by extension 'ignore'
[0.333s] [34mcolcon.colcon_core.package_identification[0m [1;30mLevel 1[0m _identify(install) ignored
[0.333s] [34mcolcon.colcon_core.package_identification[0m [1;30mLevel 1[0m _identify(lidar_bridge) by extensions ['ignore', 'ignore_ament_install']
[0.333s] [34mcolcon.colcon_core.package_identification[0m [1;30mLevel 1[0m _identify(lidar_bridge) by extension 'ignore'
[0.334s] [34mcolcon.colcon_core.package_identification[0m [1;30mLevel 1[0m _identify(lidar_bridge) by extension 'ignore_ament_install'
[0.334s] [34mcolcon.colcon_core.package_identification[0m [1;30mLevel 1[0m _identify(lidar_bridge) by extensions ['colcon_pkg']
[0.334s] [34mcolcon.colcon_core.package_identification[0m [1;30mLevel 1[0m _identify(lidar_bridge) by extension 'colcon_pkg'
[0.334s] [34mcolcon.colcon_core.package_identification[0m [1;30mLevel 1[0m _identify(lidar_bridge) by extensions ['colcon_meta']
[0.334s] [34mcolcon.colcon_core.package_identification[0m [1;30mLevel 1[0m _identify(lidar_bridge) by extension 'colcon_meta'
[0.334s] [34mcolcon.colcon_core.package_identification[0m [1;30mLevel 1[0m _identify(lidar_bridge) by extensions ['ros']
[0.334s] [34mcolcon.colcon_core.package_identification[0m [1;30mLevel 1[0m _identify(lidar_bridge) by extension 'ros'
[0.336s] [34mcolcon.colcon_core.package_identification[0m [1;30mDEBUG[0m [32mPackage 'lidar_bridge' with type 'ros.ament_cmake' and name 'lidar_bridge'[0m
[0.337s] [34mcolcon.colcon_core.package_identification[0m [1;30mLevel 1[0m _identify(log) by extensions ['ignore', 'ignore_ament_install']
[0.337s] [34mcolcon.colcon_core.package_identification[0m [1;30mLevel 1[0m _identify(log) by extension 'ignore'
[0.337s] [34mcolcon.colcon_core.package_identification[0m [1;30mLevel 1[0m _identify(log) ignored
[0.337s] [34mcolcon.colcon_core.package_identification[0m [1;30mLevel 1[0m _identify(qos_relay) by extensions ['ignore', 'ignore_ament_install']
[0.337s] [34mcolcon.colcon_core.package_identification[0m [1;30mLevel 1[0m _identify(qos_relay) by extension 'ignore'
[0.337s] [34mcolcon.colcon_core.package_identification[0m [1;30mLevel 1[0m _identify(qos_relay) by extension 'ignore_ament_install'
[0.337s] [34mcolcon.colcon_core.package_identification[0m [1;30mLevel 1[0m _identify(qos_relay) by extensions ['colcon_pkg']
[0.337s] [34mcolcon.colcon_core.package_identification[0m [1;30mLevel 1[0m _identify(qos_relay) by extension 'colcon_pkg'
[0.337s] [34mcolcon.colcon_core.package_identification[0m [1;30mLevel 1[0m _identify(qos_relay) by extensions ['colcon_meta']
[0.337s] [34mcolcon.colcon_core.package_identification[0m [1;30mLevel 1[0m _identify(qos_relay) by extension 'colcon_meta'
[0.337s] [34mcolcon.colcon_core.package_identification[0m [1;30mLevel 1[0m _identify(qos_relay) by extensions ['ros']
[0.337s] [34mcolcon.colcon_core.package_identification[0m [1;30mLevel 1[0m _identify(qos_relay) by extension 'ros'
[0.345s] [34mcolcon.colcon_core.package_identification[0m [1;30mDEBUG[0m [32mPackage 'qos_relay' with type 'ros.ament_python' and name 'qos_relay'[0m
[0.345s] [34mcolcon.colcon_core.package_identification[0m [1;30mLevel 1[0m _identify(utlidar_launcher) by extensions ['ignore', 'ignore_ament_install']
[0.345s] [34mcolcon.colcon_core.package_identification[0m [1;30mLevel 1[0m _identify(utlidar_launcher) by extension 'ignore'
[0.345s] [34mcolcon.colcon_core.package_identification[0m [1;30mLevel 1[0m _identify(utlidar_launcher) by extension 'ignore_ament_install'
[0.345s] [34mcolcon.colcon_core.package_identification[0m [1;30mLevel 1[0m _identify(utlidar_launcher) by extensions ['colcon_pkg']
[0.345s] [34mcolcon.colcon_core.package_identification[0m [1;30mLevel 1[0m _identify(utlidar_launcher) by extension 'colcon_pkg'
[0.345s] [34mcolcon.colcon_core.package_identification[0m [1;30mLevel 1[0m _identify(utlidar_launcher) by extensions ['colcon_meta']
[0.345s] [34mcolcon.colcon_core.package_identification[0m [1;30mLevel 1[0m _identify(utlidar_launcher) by extension 'colcon_meta'
[0.345s] [34mcolcon.colcon_core.package_identification[0m [1;30mLevel 1[0m _identify(utlidar_launcher) by extensions ['ros']
[0.345s] [34mcolcon.colcon_core.package_identification[0m [1;30mLevel 1[0m _identify(utlidar_launcher) by extension 'ros'
[0.346s] [34mcolcon.colcon_core.package_identification[0m [1;30mDEBUG[0m [32mPackage 'utlidar_launcher' with type 'ros.ament_cmake' and name 'utlidar_launcher'[0m
[0.346s] [34mcolcon.colcon_core.package_discovery[0m [1;30mLevel 1[0m discover_packages(recursive) using defaults
[0.346s] [34mcolcon.colcon_core.package_discovery[0m [1;30mLevel 1[0m discover_packages(ignore) discover
[0.346s] [34mcolcon.colcon_core.package_discovery[0m [1;30mLevel 1[0m discover_packages(ignore) using defaults
[0.346s] [34mcolcon.colcon_core.package_discovery[0m [1;30mLevel 1[0m discover_packages(path) discover
[0.346s] [34mcolcon.colcon_core.package_discovery[0m [1;30mLevel 1[0m discover_packages(path) using defaults
[0.362s] [34mcolcon.colcon_core.package_discovery[0m [1;30mLevel 1[0m discover_packages(prefix_path) check parameters
[0.362s] [34mcolcon.colcon_core.package_discovery[0m [1;30mLevel 1[0m discover_packages(prefix_path) discover
[0.363s] [34mcolcon.colcon_ros.prefix_path.ament[0m [1;30mWARNING[0m [33mThe path '/home/arpan/unitree2/unitree_sdk2/utlidar_slam/src/install/utlidar_launcher' in the environment variable AMENT_PREFIX_PATH doesn't exist[0m
[0.363s] [34mcolcon.colcon_ros.prefix_path.ament[0m [1;30mWARNING[0m [33mThe path '/home/arpan/unitree2/unitree_sdk2/utlidar_slam/src/install/qos_relay' in the environment variable AMENT_PREFIX_PATH doesn't exist[0m
[0.363s] [34mcolcon.colcon_ros.prefix_path.ament[0m [1;30mWARNING[0m [33mThe path '/home/arpan/unitree2/unitree_sdk2/utlidar_slam/src/install/lidar_bridge' in the environment variable AMENT_PREFIX_PATH doesn't exist[0m
[0.364s] [34mcolcon.colcon_ros.prefix_path.ament[0m [1;30mWARNING[0m [33mThe path '/home/arpan/unitree2/unitree_sdk2/utlidar_slam/install/lidar_bridge' in the environment variable AMENT_PREFIX_PATH doesn't exist[0m
[0.364s] [34mcolcon.colcon_ros.prefix_path.catkin[0m [1;30mWARNING[0m [33mThe path '/home/arpan/unitree2/unitree_sdk2/utlidar_slam/src/install/utlidar_launcher' in the environment variable CMAKE_PREFIX_PATH doesn't exist[0m
[0.364s] [34mcolcon.colcon_ros.prefix_path.catkin[0m [1;30mWARNING[0m [33mThe path '/home/arpan/unitree2/unitree_sdk2/utlidar_slam/src/install/lidar_bridge' in the environment variable CMAKE_PREFIX_PATH doesn't exist[0m
[0.364s] [34mcolcon.colcon_ros.prefix_path.catkin[0m [1;30mWARNING[0m [33mThe path '/home/arpan/unitree2/unitree_sdk2/utlidar_slam/install/lidar_bridge' in the environment variable CMAKE_PREFIX_PATH doesn't exist[0m
[0.365s] [34mcolcon.colcon_installed_package_information.package_discovery[0m [1;30mDEBUG[0m [32mFound 2 installed packages in /home/arpan/unitree2/mid360_slam_ws/install[0m
[0.366s] [34mcolcon.colcon_installed_package_information.package_discovery[0m [1;30mDEBUG[0m [32mFound 2 installed packages in /home/arpan/unitree2/fast-lio-ws/install[0m
[0.366s] [34mcolcon.colcon_installed_package_information.package_discovery[0m [1;30mDEBUG[0m [32mFound 12 installed packages in /home/arpan/turtlebot3_ws/install[0m
[0.367s] [34mcolcon.colcon_installed_package_information.package_discovery[0m [1;30mDEBUG[0m [32mFound 1 installed packages in /home/arpan/unitree2/ws_livox/install[0m
[0.367s] [34mcolcon.colcon_installed_package_information.package_discovery[0m [1;30mDEBUG[0m [32mFound 0 installed packages in /home/arpan/unitree2/unitree_sdk2/utlidar_slam/src/install[0m
[0.367s] [34mcolcon.colcon_installed_package_information.package_discovery[0m [1;30mDEBUG[0m [32mFound 3 installed packages in /home/arpan/unitree2/unitree_sdk2/utlidar_slam/install[0m
[0.369s] [34mcolcon.colcon_installed_package_information.package_discovery[0m [1;30mDEBUG[0m [32mFound 368 installed packages in /opt/ros/humble[0m
[0.370s] [34mcolcon.colcon_core.package_discovery[0m [1;30mLevel 1[0m discover_packages(prefix_path) using defaults
[0.407s] [34mcolcon.colcon_core.verb[0m [1;30mLevel 5[0m set package 'lidar_bridge' build argument 'cmake_args' from command line to 'None'
[0.407s] [34mcolcon.colcon_core.verb[0m [1;30mLevel 5[0m set package 'lidar_bridge' build argument 'cmake_target' from command line to 'None'
[0.407s] [34mcolcon.colcon_core.verb[0m [1;30mLevel 5[0m set package 'lidar_bridge' build argument 'cmake_target_skip_unavailable' from command line to 'False'
[0.407s] [34mcolcon.colcon_core.verb[0m [1;30mLevel 5[0m set package 'lidar_bridge' build argument 'cmake_clean_cache' from command line to 'False'
[0.407s] [34mcolcon.colcon_core.verb[0m [1;30mLevel 5[0m set package 'lidar_bridge' build argument 'cmake_clean_first' from command line to 'False'
[0.407s] [34mcolcon.colcon_core.verb[0m [1;30mLevel 5[0m set package 'lidar_bridge' build argument 'cmake_force_configure' from command line to 'False'
[0.407s] [34mcolcon.colcon_core.verb[0m [1;30mLevel 5[0m set package 'lidar_bridge' build argument 'ament_cmake_args' from command line to 'None'
[0.407s] [34mcolcon.colcon_core.verb[0m [1;30mLevel 5[0m set package 'lidar_bridge' build argument 'catkin_cmake_args' from command line to 'None'
[0.407s] [34mcolcon.colcon_core.verb[0m [1;30mLevel 5[0m set package 'lidar_bridge' build argument 'catkin_skip_building_tests' from command line to 'False'
[0.407s] [34mcolcon.colcon_core.verb[0m [1;30mDEBUG[0m [32mBuilding package 'lidar_bridge' with the following arguments: {'ament_cmake_args': None, 'build_base': '/home/arpan/unitree2/unitree_sdk2/utlidar_slam/src/build/lidar_bridge', 'catkin_cmake_args': None, 'catkin_skip_building_tests': False, 'cmake_args': None, 'cmake_clean_cache': False, 'cmake_clean_first': False, 'cmake_force_configure': False, 'cmake_target': None, 'cmake_target_skip_unavailable': False, 'install_base': '/home/arpan/unitree2/unitree_sdk2/utlidar_slam/src/install/lidar_bridge', 'merge_install': False, 'path': '/home/arpan/unitree2/unitree_sdk2/utlidar_slam/src/lidar_bridge', 'symlink_install': False, 'test_result_base': None}[0m
[0.407s] [34mcolcon.colcon_core.verb[0m [1;30mLevel 5[0m set package 'qos_relay' build argument 'cmake_args' from command line to 'None'
[0.407s] [34mcolcon.colcon_core.verb[0m [1;30mLevel 5[0m set package 'qos_relay' build argument 'cmake_target' from command line to 'None'
[0.407s] [34mcolcon.colcon_core.verb[0m [1;30mLevel 5[0m set package 'qos_relay' build argument 'cmake_target_skip_unavailable' from command line to 'False'
[0.407s] [34mcolcon.colcon_core.verb[0m [1;30mLevel 5[0m set package 'qos_relay' build argument 'cmake_clean_cache' from command line to 'False'
[0.407s] [34mcolcon.colcon_core.verb[0m [1;30mLevel 5[0m set package 'qos_relay' build argument 'cmake_clean_first' from command line to 'False'
[0.407s] [34mcolcon.colcon_core.verb[0m [1;30mLevel 5[0m set package 'qos_relay' build argument 'cmake_force_configure' from command line to 'False'
[0.407s] [34mcolcon.colcon_core.verb[0m [1;30mLevel 5[0m set package 'qos_relay' build argument 'ament_cmake_args' from command line to 'None'
[0.407s] [34mcolcon.colcon_core.verb[0m [1;30mLevel 5[0m set package 'qos_relay' build argument 'catkin_cmake_args' from command line to 'None'
[0.407s] [34mcolcon.colcon_core.verb[0m [1;30mLevel 5[0m set package 'qos_relay' build argument 'catkin_skip_building_tests' from command line to 'False'
[0.407s] [34mcolcon.colcon_core.verb[0m [1;30mDEBUG[0m [32mBuilding package 'qos_relay' with the following arguments: {'ament_cmake_args': None, 'build_base': '/home/arpan/unitree2/unitree_sdk2/utlidar_slam/src/build/qos_relay', 'catkin_cmake_args': None, 'catkin_skip_building_tests': False, 'cmake_args': None, 'cmake_clean_cache': False, 'cmake_clean_first': False, 'cmake_force_configure': False, 'cmake_target': None, 'cmake_target_skip_unavailable': False, 'install_base': '/home/arpan/unitree2/unitree_sdk2/utlidar_slam/src/install/qos_relay', 'merge_install': False, 'path': '/home/arpan/unitree2/unitree_sdk2/utlidar_slam/src/qos_relay', 'symlink_install': False, 'test_result_base': None}[0m
[0.408s] [34mcolcon.colcon_core.verb[0m [1;30mLevel 5[0m set package 'utlidar_launcher' build argument 'cmake_args' from command line to 'None'
[0.408s] [34mcolcon.colcon_core.verb[0m [1;30mLevel 5[0m set package 'utlidar_launcher' build argument 'cmake_target' from command line to 'None'
[0.408s] [34mcolcon.colcon_core.verb[0m [1;30mLevel 5[0m set package 'utlidar_launcher' build argument 'cmake_target_skip_unavailable' from command line to 'False'
[0.408s] [34mcolcon.colcon_core.verb[0m [1;30mLevel 5[0m set package 'utlidar_launcher' build argument 'cmake_clean_cache' from command line to 'False'
[0.408s] [34mcolcon.colcon_core.verb[0m [1;30mLevel 5[0m set package 'utlidar_launcher' build argument 'cmake_clean_first' from command line to 'False'
[0.408s] [34mcolcon.colcon_core.verb[0m [1;30mLevel 5[0m set package 'utlidar_launcher' build argument 'cmake_force_configure' from command line to 'False'
[0.408s] [34mcolcon.colcon_core.verb[0m [1;30mLevel 5[0m set package 'utlidar_launcher' build argument 'ament_cmake_args' from command line to 'None'
[0.408s] [34mcolcon.colcon_core.verb[0m [1;30mLevel 5[0m set package 'utlidar_launcher' build argument 'catkin_cmake_args' from command line to 'None'
[0.408s] [34mcolcon.colcon_core.verb[0m [1;30mLevel 5[0m set package 'utlidar_launcher' build argument 'catkin_skip_building_tests' from command line to 'False'
[0.408s] [34mcolcon.colcon_core.verb[0m [1;30mDEBUG[0m [32mBuilding package 'utlidar_launcher' with the following arguments: {'ament_cmake_args': None, 'build_base': '/home/arpan/unitree2/unitree_sdk2/utlidar_slam/src/build/utlidar_launcher', 'catkin_cmake_args': None, 'catkin_skip_building_tests': False, 'cmake_args': None, 'cmake_clean_cache': False, 'cmake_clean_first': False, 'cmake_force_configure': False, 'cmake_target': None, 'cmake_target_skip_unavailable': False, 'install_base': '/home/arpan/unitree2/unitree_sdk2/utlidar_slam/src/install/utlidar_launcher', 'merge_install': False, 'path': '/home/arpan/unitree2/unitree_sdk2/utlidar_slam/src/utlidar_launcher', 'symlink_install': False, 'test_result_base': None}[0m
[0.408s] [34mcolcon.colcon_core.executor[0m [1;30mINFO[0m Executing jobs using 'parallel' executor
[0.409s] [34mcolcon.colcon_parallel_executor.executor.parallel[0m [1;30mDEBUG[0m [32mrun_until_complete[0m
[0.409s] [34mcolcon.colcon_ros.task.ament_cmake.build[0m [1;30mINFO[0m Building ROS package in '/home/arpan/unitree2/unitree_sdk2/utlidar_slam/src/lidar_bridge' with build type 'ament_cmake'
[0.409s] [34mcolcon.colcon_cmake.task.cmake.build[0m [1;30mINFO[0m Building CMake package in '/home/arpan/unitree2/unitree_sdk2/utlidar_slam/src/lidar_bridge'
[0.413s] [34mcolcon.colcon_core.plugin_system[0m [1;30mINFO[0m Skipping extension 'colcon_core.shell.bat': Not used on non-Windows systems
[0.413s] [34mcolcon.colcon_core.shell[0m [1;30mINFO[0m Skip shell extension 'powershell' for command environment: Not usable outside of PowerShell
[0.414s] [34mcolcon.colcon_core.shell[0m [1;30mDEBUG[0m [32mSkip shell extension 'dsv' for command environment[0m
[0.419s] [34mcolcon.colcon_ros.task.ament_python.build[0m [1;30mINFO[0m Building ROS package in '/home/arpan/unitree2/unitree_sdk2/utlidar_slam/src/qos_relay' with build type 'ament_python'
[0.419s] [34mcolcon.colcon_core.shell[0m [1;30mLevel 1[0m create_environment_hook('qos_relay', 'ament_prefix_path')
[0.419s] [34mcolcon.colcon_core.shell[0m [1;30mINFO[0m Creating environment hook '/home/arpan/unitree2/unitree_sdk2/utlidar_slam/src/install/qos_relay/share/qos_relay/hook/ament_prefix_path.ps1'
[0.420s] [34mcolcon.colcon_core.shell[0m [1;30mINFO[0m Creating environment descriptor '/home/arpan/unitree2/unitree_sdk2/utlidar_slam/src/install/qos_relay/share/qos_relay/hook/ament_prefix_path.dsv'
[0.420s] [34mcolcon.colcon_core.shell[0m [1;30mINFO[0m Creating environment hook '/home/arpan/unitree2/unitree_sdk2/utlidar_slam/src/install/qos_relay/share/qos_relay/hook/ament_prefix_path.sh'
[0.421s] [34mcolcon.colcon_core.shell[0m [1;30mINFO[0m Skip shell extension 'powershell' for command environment: Not usable outside of PowerShell
[0.421s] [34mcolcon.colcon_core.shell[0m [1;30mDEBUG[0m [32mSkip shell extension 'dsv' for command environment[0m
[0.427s] [34mcolcon.colcon_ros.task.ament_cmake.build[0m [1;30mINFO[0m Building ROS package in '/home/arpan/unitree2/unitree_sdk2/utlidar_slam/src/utlidar_launcher' with build type 'ament_cmake'
[0.427s] [34mcolcon.colcon_cmake.task.cmake.build[0m [1;30mINFO[0m Building CMake package in '/home/arpan/unitree2/unitree_sdk2/utlidar_slam/src/utlidar_launcher'
[0.427s] [34mcolcon.colcon_core.shell[0m [1;30mINFO[0m Skip shell extension 'powershell' for command environment: Not usable outside of PowerShell
[0.427s] [34mcolcon.colcon_core.shell[0m [1;30mDEBUG[0m [32mSkip shell extension 'dsv' for command environment[0m
[0.436s] [34mcolcon.colcon_core.event_handler.log_command[0m [1;30mDEBUG[0m [32mInvoking command in '/home/arpan/unitree2/unitree_sdk2/utlidar_slam/src/build/lidar_bridge': CMAKE_PREFIX_PATH=${CMAKE_PREFIX_PATH}:/home/arpan/unitree2/unitree_sdk2/utlidar_slam/src/install/qos_relay:/home/arpan/unitree2/mid360_slam_ws/install/scan_qos_relay:/home/arpan/unitree2/mid360_slam_ws/install/mid360_slam:/home/arpan/unitree2/fast-lio-ws/install/go2_nav_helper:/home/arpan/turtlebot3_ws/install/turtlebot3_teleop:/home/arpan/turtlebot3_ws/install/turtlebot3_example:/home/arpan/unitree2/unitree_sdk2/utlidar_slam/install/qos_relay:/opt/ros/humble /usr/bin/cmake /home/arpan/unitree2/unitree_sdk2/utlidar_slam/src/lidar_bridge -DCMAKE_INSTALL_PREFIX=/home/arpan/unitree2/unitree_sdk2/utlidar_slam/src/install/lidar_bridge[0m
[0.703s] [34mcolcon.colcon_core.task.python.build[0m [1;30mINFO[0m Building Python package in '/home/arpan/unitree2/unitree_sdk2/utlidar_slam/src/qos_relay'
[0.704s] [34mcolcon.colcon_core.shell[0m [1;30mINFO[0m Skip shell extension 'powershell' for command environment: Not usable outside of PowerShell
[0.704s] [34mcolcon.colcon_core.shell[0m [1;30mDEBUG[0m [32mSkip shell extension 'dsv' for command environment[0m
[0.715s] [34mcolcon.colcon_core.event_handler.log_command[0m [1;30mDEBUG[0m [32mInvoking command in '/home/arpan/unitree2/unitree_sdk2/utlidar_slam/src/build/utlidar_launcher': CMAKE_PREFIX_PATH=${CMAKE_PREFIX_PATH}:/home/arpan/unitree2/unitree_sdk2/utlidar_slam/src/install/qos_relay:/home/arpan/unitree2/mid360_slam_ws/install/scan_qos_relay:/home/arpan/unitree2/mid360_slam_ws/install/mid360_slam:/home/arpan/unitree2/fast-lio-ws/install/go2_nav_helper:/home/arpan/turtlebot3_ws/install/turtlebot3_teleop:/home/arpan/turtlebot3_ws/install/turtlebot3_example:/home/arpan/unitree2/unitree_sdk2/utlidar_slam/install/qos_relay:/opt/ros/humble /usr/bin/cmake /home/arpan/unitree2/unitree_sdk2/utlidar_slam/src/utlidar_launcher -DCMAKE_INSTALL_PREFIX=/home/arpan/unitree2/unitree_sdk2/utlidar_slam/src/install/utlidar_launcher[0m
[1.076s] [34mcolcon.colcon_core.event_handler.log_command[0m [1;30mDEBUG[0m [32mInvoking command in '/home/arpan/unitree2/unitree_sdk2/utlidar_slam/src/qos_relay': PYTHONPATH=/home/arpan/unitree2/unitree_sdk2/utlidar_slam/src/build/qos_relay/prefix_override:/usr/lib/python3/dist-packages/colcon_core/task/python/colcon_distutils_commands:/home/arpan/unitree2/unitree_sdk2/utlidar_slam/src/install/qos_relay/lib/python3.10/site-packages:${PYTHONPATH} /usr/bin/python3 -W ignore:setup.py install is deprecated -W ignore:easy_install command is deprecated setup.py egg_info --egg-base ../build/qos_relay build --build-base /home/arpan/unitree2/unitree_sdk2/utlidar_slam/src/build/qos_relay/build install --record /home/arpan/unitree2/unitree_sdk2/utlidar_slam/src/build/qos_relay/install.log --single-version-externally-managed install_data[0m
[1.379s] [34mcolcon.colcon_core.event_handler.log_command[0m [1;30mDEBUG[0m [32mInvoked command in '/home/arpan/unitree2/unitree_sdk2/utlidar_slam/src/qos_relay' returned '0': PYTHONPATH=/home/arpan/unitree2/unitree_sdk2/utlidar_slam/src/build/qos_relay/prefix_override:/usr/lib/python3/dist-packages/colcon_core/task/python/colcon_distutils_commands:/home/arpan/unitree2/unitree_sdk2/utlidar_slam/src/install/qos_relay/lib/python3.10/site-packages:${PYTHONPATH} /usr/bin/python3 -W ignore:setup.py install is deprecated -W ignore:easy_install command is deprecated setup.py egg_info --egg-base ../build/qos_relay build --build-base /home/arpan/unitree2/unitree_sdk2/utlidar_slam/src/build/qos_relay/build install --record /home/arpan/unitree2/unitree_sdk2/utlidar_slam/src/build/qos_relay/install.log --single-version-externally-managed install_data[0m
[1.383s] [34mcolcon.colcon_core.environment[0m [1;30mLevel 1[0m checking '/home/arpan/unitree2/unitree_sdk2/utlidar_slam/src/install/qos_relay' for CMake module files
[1.383s] [34mcolcon.colcon_core.environment[0m [1;30mLevel 1[0m checking '/home/arpan/unitree2/unitree_sdk2/utlidar_slam/src/install/qos_relay' for CMake config files
[1.384s] [34mcolcon.colcon_core.environment[0m [1;30mLevel 1[0m checking '/home/arpan/unitree2/unitree_sdk2/utlidar_slam/src/install/qos_relay/lib'
[1.384s] [34mcolcon.colcon_core.environment[0m [1;30mLevel 1[0m checking '/home/arpan/unitree2/unitree_sdk2/utlidar_slam/src/install/qos_relay/bin'
[1.384s] [34mcolcon.colcon_core.environment[0m [1;30mLevel 1[0m checking '/home/arpan/unitree2/unitree_sdk2/utlidar_slam/src/install/qos_relay/lib/pkgconfig/qos_relay.pc'
[1.384s] [34mcolcon.colcon_core.environment[0m [1;30mLevel 1[0m checking '/home/arpan/unitree2/unitree_sdk2/utlidar_slam/src/install/qos_relay/lib/python3.10/site-packages'
[1.384s] [34mcolcon.colcon_core.shell[0m [1;30mLevel 1[0m create_environment_hook('qos_relay', 'pythonpath')
[1.384s] [34mcolcon.colcon_core.shell[0m [1;30mINFO[0m Creating environment hook '/home/arpan/unitree2/unitree_sdk2/utlidar_slam/src/install/qos_relay/share/qos_relay/hook/pythonpath.ps1'
[1.385s] [34mcolcon.colcon_core.shell[0m [1;30mINFO[0m Creating environment descriptor '/home/arpan/unitree2/unitree_sdk2/utlidar_slam/src/install/qos_relay/share/qos_relay/hook/pythonpath.dsv'
[1.385s] [34mcolcon.colcon_core.shell[0m [1;30mINFO[0m Creating environment hook '/home/arpan/unitree2/unitree_sdk2/utlidar_slam/src/install/qos_relay/share/qos_relay/hook/pythonpath.sh'
[1.385s] [34mcolcon.colcon_core.environment[0m [1;30mLevel 1[0m checking '/home/arpan/unitree2/unitree_sdk2/utlidar_slam/src/install/qos_relay/bin'
[1.385s] [34mcolcon.colcon_core.environment[0m [1;30mLevel 1[0m create_environment_scripts_only(qos_relay)
[1.386s] [34mcolcon.colcon_core.shell[0m [1;30mINFO[0m Creating package script '/home/arpan/unitree2/unitree_sdk2/utlidar_slam/src/install/qos_relay/share/qos_relay/package.ps1'
[1.386s] [34mcolcon.colcon_core.shell[0m [1;30mINFO[0m Creating package descriptor '/home/arpan/unitree2/unitree_sdk2/utlidar_slam/src/install/qos_relay/share/qos_relay/package.dsv'
[1.387s] [34mcolcon.colcon_core.shell[0m [1;30mINFO[0m Creating package script '/home/arpan/unitree2/unitree_sdk2/utlidar_slam/src/install/qos_relay/share/qos_relay/package.sh'
[1.387s] [34mcolcon.colcon_core.shell[0m [1;30mINFO[0m Creating package script '/home/arpan/unitree2/unitree_sdk2/utlidar_slam/src/install/qos_relay/share/qos_relay/package.bash'
[1.388s] [34mcolcon.colcon_core.shell[0m [1;30mINFO[0m Creating package script '/home/arpan/unitree2/unitree_sdk2/utlidar_slam/src/install/qos_relay/share/qos_relay/package.zsh'
[1.389s] [34mcolcon.colcon_core.environment[0m [1;30mLevel 1[0m create_file_with_runtime_dependencies(/home/arpan/unitree2/unitree_sdk2/utlidar_slam/src/install/qos_relay/share/colcon-core/packages/qos_relay)
[1.390s] [34mcolcon.colcon_core.event_handler.log_command[0m [1;30mDEBUG[0m [32mInvoked command in '/home/arpan/unitree2/unitree_sdk2/utlidar_slam/src/build/utlidar_launcher' returned '0': CMAKE_PREFIX_PATH=${CMAKE_PREFIX_PATH}:/home/arpan/unitree2/unitree_sdk2/utlidar_slam/src/install/qos_relay:/home/arpan/unitree2/mid360_slam_ws/install/scan_qos_relay:/home/arpan/unitree2/mid360_slam_ws/install/mid360_slam:/home/arpan/unitree2/fast-lio-ws/install/go2_nav_helper:/home/arpan/turtlebot3_ws/install/turtlebot3_teleop:/home/arpan/turtlebot3_ws/install/turtlebot3_example:/home/arpan/unitree2/unitree_sdk2/utlidar_slam/install/qos_relay:/opt/ros/humble /usr/bin/cmake /home/arpan/unitree2/unitree_sdk2/utlidar_slam/src/utlidar_launcher -DCMAKE_INSTALL_PREFIX=/home/arpan/unitree2/unitree_sdk2/utlidar_slam/src/install/utlidar_launcher[0m
[1.392s] [34mcolcon.colcon_core.event_handler.log_command[0m [1;30mDEBUG[0m [32mInvoking command in '/home/arpan/unitree2/unitree_sdk2/utlidar_slam/src/build/utlidar_launcher': CMAKE_PREFIX_PATH=${CMAKE_PREFIX_PATH}:/home/arpan/unitree2/unitree_sdk2/utlidar_slam/src/install/qos_relay:/home/arpan/unitree2/mid360_slam_ws/install/scan_qos_relay:/home/arpan/unitree2/mid360_slam_ws/install/mid360_slam:/home/arpan/unitree2/fast-lio-ws/install/go2_nav_helper:/home/arpan/turtlebot3_ws/install/turtlebot3_teleop:/home/arpan/turtlebot3_ws/install/turtlebot3_example:/home/arpan/unitree2/unitree_sdk2/utlidar_slam/install/qos_relay:/opt/ros/humble /usr/bin/cmake --build /home/arpan/unitree2/unitree_sdk2/utlidar_slam/src/build/utlidar_launcher -- -j12 -l12[0m
[1.431s] [34mcolcon.colcon_core.event_handler.log_command[0m [1;30mDEBUG[0m [32mInvoked command in '/home/arpan/unitree2/unitree_sdk2/utlidar_slam/src/build/utlidar_launcher' returned '0': CMAKE_PREFIX_PATH=${CMAKE_PREFIX_PATH}:/home/arpan/unitree2/unitree_sdk2/utlidar_slam/src/install/qos_relay:/home/arpan/unitree2/mid360_slam_ws/install/scan_qos_relay:/home/arpan/unitree2/mid360_slam_ws/install/mid360_slam:/home/arpan/unitree2/fast-lio-ws/install/go2_nav_helper:/home/arpan/turtlebot3_ws/install/turtlebot3_teleop:/home/arpan/turtlebot3_ws/install/turtlebot3_example:/home/arpan/unitree2/unitree_sdk2/utlidar_slam/install/qos_relay:/opt/ros/humble /usr/bin/cmake --build /home/arpan/unitree2/unitree_sdk2/utlidar_slam/src/build/utlidar_launcher -- -j12 -l12[0m
[1.441s] [34mcolcon.colcon_core.event_handler.log_command[0m [1;30mDEBUG[0m [32mInvoking command in '/home/arpan/unitree2/unitree_sdk2/utlidar_slam/src/build/utlidar_launcher': CMAKE_PREFIX_PATH=${CMAKE_PREFIX_PATH}:/home/arpan/unitree2/unitree_sdk2/utlidar_slam/src/install/qos_relay:/home/arpan/unitree2/mid360_slam_ws/install/scan_qos_relay:/home/arpan/unitree2/mid360_slam_ws/install/mid360_slam:/home/arpan/unitree2/fast-lio-ws/install/go2_nav_helper:/home/arpan/turtlebot3_ws/install/turtlebot3_teleop:/home/arpan/turtlebot3_ws/install/turtlebot3_example:/home/arpan/unitree2/unitree_sdk2/utlidar_slam/install/qos_relay:/opt/ros/humble /usr/bin/cmake --install /home/arpan/unitree2/unitree_sdk2/utlidar_slam/src/build/utlidar_launcher[0m
[1.454s] [34mcolcon.colcon_core.environment[0m [1;30mLevel 1[0m create_environment_scripts_only(utlidar_launcher)
[1.454s] [34mcolcon.colcon_core.environment[0m [1;30mLevel 1[0m checking '/home/arpan/unitree2/unitree_sdk2/utlidar_slam/src/install/utlidar_launcher' for CMake module files
[1.454s] [34mcolcon.colcon_core.event_handler.log_command[0m [1;30mDEBUG[0m [32mInvoked command in '/home/arpan/unitree2/unitree_sdk2/utlidar_slam/src/build/utlidar_launcher' returned '0': CMAKE_PREFIX_PATH=${CMAKE_PREFIX_PATH}:/home/arpan/unitree2/unitree_sdk2/utlidar_slam/src/install/qos_relay:/home/arpan/unitree2/mid360_slam_ws/install/scan_qos_relay:/home/arpan/unitree2/mid360_slam_ws/install/mid360_slam:/home/arpan/unitree2/fast-lio-ws/install/go2_nav_helper:/home/arpan/turtlebot3_ws/install/turtlebot3_teleop:/home/arpan/turtlebot3_ws/install/turtlebot3_example:/home/arpan/unitree2/unitree_sdk2/utlidar_slam/install/qos_relay:/opt/ros/humble /usr/bin/cmake --install /home/arpan/unitree2/unitree_sdk2/utlidar_slam/src/build/utlidar_launcher[0m
[1.455s] [34mcolcon.colcon_core.environment[0m [1;30mLevel 1[0m checking '/home/arpan/unitree2/unitree_sdk2/utlidar_slam/src/install/utlidar_launcher' for CMake config files
[1.455s] [34mcolcon.colcon_core.shell[0m [1;30mLevel 1[0m create_environment_hook('utlidar_launcher', 'cmake_prefix_path')
[1.455s] [34mcolcon.colcon_core.shell[0m [1;30mINFO[0m Creating environment hook '/home/arpan/unitree2/unitree_sdk2/utlidar_slam/src/install/utlidar_launcher/share/utlidar_launcher/hook/cmake_prefix_path.ps1'
[1.455s] [34mcolcon.colcon_core.shell[0m [1;30mINFO[0m Creating environment descriptor '/home/arpan/unitree2/unitree_sdk2/utlidar_slam/src/install/utlidar_launcher/share/utlidar_launcher/hook/cmake_prefix_path.dsv'
[1.456s] [34mcolcon.colcon_core.shell[0m [1;30mINFO[0m Creating environment hook '/home/arpan/unitree2/unitree_sdk2/utlidar_slam/src/install/utlidar_launcher/share/utlidar_launcher/hook/cmake_prefix_path.sh'
[1.456s] [34mcolcon.colcon_core.environment[0m [1;30mLevel 1[0m checking '/home/arpan/unitree2/unitree_sdk2/utlidar_slam/src/install/utlidar_launcher/bin'
[1.456s] [34mcolcon.colcon_core.environment[0m [1;30mLevel 1[0m checking '/home/arpan/unitree2/unitree_sdk2/utlidar_slam/src/install/utlidar_launcher/lib/pkgconfig/utlidar_launcher.pc'
[1.456s] [34mcolcon.colcon_core.environment[0m [1;30mLevel 1[0m checking '/home/arpan/unitree2/unitree_sdk2/utlidar_slam/src/install/utlidar_launcher/lib/python3.10/site-packages'
[1.456s] [34mcolcon.colcon_core.environment[0m [1;30mLevel 1[0m checking '/home/arpan/unitree2/unitree_sdk2/utlidar_slam/src/install/utlidar_launcher/bin'
[1.457s] [34mcolcon.colcon_core.shell[0m [1;30mINFO[0m Creating package script '/home/arpan/unitree2/unitree_sdk2/utlidar_slam/src/install/utlidar_launcher/share/utlidar_launcher/package.ps1'
[1.457s] [34mcolcon.colcon_core.shell[0m [1;30mINFO[0m Creating package descriptor '/home/arpan/unitree2/unitree_sdk2/utlidar_slam/src/install/utlidar_launcher/share/utlidar_launcher/package.dsv'
[1.457s] [34mcolcon.colcon_core.shell[0m [1;30mINFO[0m Creating package script '/home/arpan/unitree2/unitree_sdk2/utlidar_slam/src/install/utlidar_launcher/share/utlidar_launcher/package.sh'
[1.458s] [34mcolcon.colcon_core.shell[0m [1;30mINFO[0m Creating package script '/home/arpan/unitree2/unitree_sdk2/utlidar_slam/src/install/utlidar_launcher/share/utlidar_launcher/package.bash'
[1.458s] [34mcolcon.colcon_core.shell[0m [1;30mINFO[0m Creating package script '/home/arpan/unitree2/unitree_sdk2/utlidar_slam/src/install/utlidar_launcher/share/utlidar_launcher/package.zsh'
[1.458s] [34mcolcon.colcon_core.environment[0m [1;30mLevel 1[0m create_file_with_runtime_dependencies(/home/arpan/unitree2/unitree_sdk2/utlidar_slam/src/install/utlidar_launcher/share/colcon-core/packages/utlidar_launcher)
[1.459s] [34mcolcon.colcon_core.environment[0m [1;30mLevel 1[0m create_environment_scripts_only(utlidar_launcher)
[1.459s] [34mcolcon.colcon_core.environment[0m [1;30mLevel 1[0m checking '/home/arpan/unitree2/unitree_sdk2/utlidar_slam/src/install/utlidar_launcher' for CMake module files
[1.459s] [34mcolcon.colcon_core.environment[0m [1;30mLevel 1[0m checking '/home/arpan/unitree2/unitree_sdk2/utlidar_slam/src/install/utlidar_launcher' for CMake config files
[1.460s] [34mcolcon.colcon_core.shell[0m [1;30mLevel 1[0m create_environment_hook('utlidar_launcher', 'cmake_prefix_path')
[1.460s] [34mcolcon.colcon_core.shell[0m [1;30mINFO[0m Creating environment hook '/home/arpan/unitree2/unitree_sdk2/utlidar_slam/src/install/utlidar_launcher/share/utlidar_launcher/hook/cmake_prefix_path.ps1'
[1.460s] [34mcolcon.colcon_core.shell[0m [1;30mINFO[0m Creating environment descriptor '/home/arpan/unitree2/unitree_sdk2/utlidar_slam/src/install/utlidar_launcher/share/utlidar_launcher/hook/cmake_prefix_path.dsv'
[1.460s] [34mcolcon.colcon_core.shell[0m [1;30mINFO[0m Creating environment hook '/home/arpan/unitree2/unitree_sdk2/utlidar_slam/src/install/utlidar_launcher/share/utlidar_launcher/hook/cmake_prefix_path.sh'
[1.461s] [34mcolcon.colcon_core.environment[0m [1;30mLevel 1[0m checking '/home/arpan/unitree2/unitree_sdk2/utlidar_slam/src/install/utlidar_launcher/bin'
[1.461s] [34mcolcon.colcon_core.environment[0m [1;30mLevel 1[0m checking '/home/arpan/unitree2/unitree_sdk2/utlidar_slam/src/install/utlidar_launcher/lib/pkgconfig/utlidar_launcher.pc'
[1.461s] [34mcolcon.colcon_core.environment[0m [1;30mLevel 1[0m checking '/home/arpan/unitree2/unitree_sdk2/utlidar_slam/src/install/utlidar_launcher/lib/python3.10/site-packages'
[1.461s] [34mcolcon.colcon_core.environment[0m [1;30mLevel 1[0m checking '/home/arpan/unitree2/unitree_sdk2/utlidar_slam/src/install/utlidar_launcher/bin'
[1.462s] [34mcolcon.colcon_core.shell[0m [1;30mINFO[0m Creating package script '/home/arpan/unitree2/unitree_sdk2/utlidar_slam/src/install/utlidar_launcher/share/utlidar_launcher/package.ps1'
[1.462s] [34mcolcon.colcon_core.shell[0m [1;30mINFO[0m Creating package descriptor '/home/arpan/unitree2/unitree_sdk2/utlidar_slam/src/install/utlidar_launcher/share/utlidar_launcher/package.dsv'
[1.462s] [34mcolcon.colcon_core.shell[0m [1;30mINFO[0m Creating package script '/home/arpan/unitree2/unitree_sdk2/utlidar_slam/src/install/utlidar_launcher/share/utlidar_launcher/package.sh'
[1.463s] [34mcolcon.colcon_core.shell[0m [1;30mINFO[0m Creating package script '/home/arpan/unitree2/unitree_sdk2/utlidar_slam/src/install/utlidar_launcher/share/utlidar_launcher/package.bash'
[1.463s] [34mcolcon.colcon_core.shell[0m [1;30mINFO[0m Creating package script '/home/arpan/unitree2/unitree_sdk2/utlidar_slam/src/install/utlidar_launcher/share/utlidar_launcher/package.zsh'
[1.463s] [34mcolcon.colcon_core.environment[0m [1;30mLevel 1[0m create_file_with_runtime_dependencies(/home/arpan/unitree2/unitree_sdk2/utlidar_slam/src/install/utlidar_launcher/share/colcon-core/packages/utlidar_launcher)
[1.688s] [34mcolcon.colcon_core.event_handler.log_command[0m [1;30mDEBUG[0m [32mInvoked command in '/home/arpan/unitree2/unitree_sdk2/utlidar_slam/src/build/lidar_bridge' returned '0': CMAKE_PREFIX_PATH=${CMAKE_PREFIX_PATH}:/home/arpan/unitree2/unitree_sdk2/utlidar_slam/src/install/qos_relay:/home/arpan/unitree2/mid360_slam_ws/install/scan_qos_relay:/home/arpan/unitree2/mid360_slam_ws/install/mid360_slam:/home/arpan/unitree2/fast-lio-ws/install/go2_nav_helper:/home/arpan/turtlebot3_ws/install/turtlebot3_teleop:/home/arpan/turtlebot3_ws/install/turtlebot3_example:/home/arpan/unitree2/unitree_sdk2/utlidar_slam/install/qos_relay:/opt/ros/humble /usr/bin/cmake /home/arpan/unitree2/unitree_sdk2/utlidar_slam/src/lidar_bridge -DCMAKE_INSTALL_PREFIX=/home/arpan/unitree2/unitree_sdk2/utlidar_slam/src/install/lidar_bridge[0m
[1.690s] [34mcolcon.colcon_core.event_handler.log_command[0m [1;30mDEBUG[0m [32mInvoking command in '/home/arpan/unitree2/unitree_sdk2/utlidar_slam/src/build/lidar_bridge': CMAKE_PREFIX_PATH=${CMAKE_PREFIX_PATH}:/home/arpan/unitree2/unitree_sdk2/utlidar_slam/src/install/qos_relay:/home/arpan/unitree2/mid360_slam_ws/install/scan_qos_relay:/home/arpan/unitree2/mid360_slam_ws/install/mid360_slam:/home/arpan/unitree2/fast-lio-ws/install/go2_nav_helper:/home/arpan/turtlebot3_ws/install/turtlebot3_teleop:/home/arpan/turtlebot3_ws/install/turtlebot3_example:/home/arpan/unitree2/unitree_sdk2/utlidar_slam/install/qos_relay:/opt/ros/humble /usr/bin/cmake --build /home/arpan/unitree2/unitree_sdk2/utlidar_slam/src/build/lidar_bridge -- -j12 -l12[0m
[7.324s] [34mcolcon.colcon_core.event_handler.log_command[0m [1;30mDEBUG[0m [32mInvoked command in '/home/arpan/unitree2/unitree_sdk2/utlidar_slam/src/build/lidar_bridge' returned '0': CMAKE_PREFIX_PATH=${CMAKE_PREFIX_PATH}:/home/arpan/unitree2/unitree_sdk2/utlidar_slam/src/install/qos_relay:/home/arpan/unitree2/mid360_slam_ws/install/scan_qos_relay:/home/arpan/unitree2/mid360_slam_ws/install/mid360_slam:/home/arpan/unitree2/fast-lio-ws/install/go2_nav_helper:/home/arpan/turtlebot3_ws/install/turtlebot3_teleop:/home/arpan/turtlebot3_ws/install/turtlebot3_example:/home/arpan/unitree2/unitree_sdk2/utlidar_slam/install/qos_relay:/opt/ros/humble /usr/bin/cmake --build /home/arpan/unitree2/unitree_sdk2/utlidar_slam/src/build/lidar_bridge -- -j12 -l12[0m
[7.326s] [34mcolcon.colcon_core.event_handler.log_command[0m [1;30mDEBUG[0m [32mInvoking command in '/home/arpan/unitree2/unitree_sdk2/utlidar_slam/src/build/lidar_bridge': CMAKE_PREFIX_PATH=${CMAKE_PREFIX_PATH}:/home/arpan/unitree2/unitree_sdk2/utlidar_slam/src/install/qos_relay:/home/arpan/unitree2/mid360_slam_ws/install/scan_qos_relay:/home/arpan/unitree2/mid360_slam_ws/install/mid360_slam:/home/arpan/unitree2/fast-lio-ws/install/go2_nav_helper:/home/arpan/turtlebot3_ws/install/turtlebot3_teleop:/home/arpan/turtlebot3_ws/install/turtlebot3_example:/home/arpan/unitree2/unitree_sdk2/utlidar_slam/install/qos_relay:/opt/ros/humble /usr/bin/cmake --install /home/arpan/unitree2/unitree_sdk2/utlidar_slam/src/build/lidar_bridge[0m
[7.341s] [34mcolcon.colcon_core.environment[0m [1;30mLevel 1[0m create_environment_scripts_only(lidar_bridge)
[7.341s] [34mcolcon.colcon_core.environment[0m [1;30mLevel 1[0m checking '/home/arpan/unitree2/unitree_sdk2/utlidar_slam/src/install/lidar_bridge' for CMake module files
[7.341s] [34mcolcon.colcon_core.event_handler.log_command[0m [1;30mDEBUG[0m [32mInvoked command in '/home/arpan/unitree2/unitree_sdk2/utlidar_slam/src/build/lidar_bridge' returned '0': CMAKE_PREFIX_PATH=${CMAKE_PREFIX_PATH}:/home/arpan/unitree2/unitree_sdk2/utlidar_slam/src/install/qos_relay:/home/arpan/unitree2/mid360_slam_ws/install/scan_qos_relay:/home/arpan/unitree2/mid360_slam_ws/install/mid360_slam:/home/arpan/unitree2/fast-lio-ws/install/go2_nav_helper:/home/arpan/turtlebot3_ws/install/turtlebot3_teleop:/home/arpan/turtlebot3_ws/install/turtlebot3_example:/home/arpan/unitree2/unitree_sdk2/utlidar_slam/install/qos_relay:/opt/ros/humble /usr/bin/cmake --install /home/arpan/unitree2/unitree_sdk2/utlidar_slam/src/build/lidar_bridge[0m
[7.342s] [34mcolcon.colcon_core.environment[0m [1;30mLevel 1[0m checking '/home/arpan/unitree2/unitree_sdk2/utlidar_slam/src/install/lidar_bridge' for CMake config files
[7.342s] [34mcolcon.colcon_core.shell[0m [1;30mLevel 1[0m create_environment_hook('lidar_bridge', 'cmake_prefix_path')
[7.342s] [34mcolcon.colcon_core.shell[0m [1;30mINFO[0m Creating environment hook '/home/arpan/unitree2/unitree_sdk2/utlidar_slam/src/install/lidar_bridge/share/lidar_bridge/hook/cmake_prefix_path.ps1'
[7.343s] [34mcolcon.colcon_core.shell[0m [1;30mINFO[0m Creating environment descriptor '/home/arpan/unitree2/unitree_sdk2/utlidar_slam/src/install/lidar_bridge/share/lidar_bridge/hook/cmake_prefix_path.dsv'
[7.343s] [34mcolcon.colcon_core.shell[0m [1;30mINFO[0m Creating environment hook '/home/arpan/unitree2/unitree_sdk2/utlidar_slam/src/install/lidar_bridge/share/lidar_bridge/hook/cmake_prefix_path.sh'
[7.343s] [34mcolcon.colcon_core.environment[0m [1;30mLevel 1[0m checking '/home/arpan/unitree2/unitree_sdk2/utlidar_slam/src/install/lidar_bridge/lib'
[7.343s] [34mcolcon.colcon_core.environment[0m [1;30mLevel 1[0m checking '/home/arpan/unitree2/unitree_sdk2/utlidar_slam/src/install/lidar_bridge/bin'
[7.343s] [34mcolcon.colcon_core.environment[0m [1;30mLevel 1[0m checking '/home/arpan/unitree2/unitree_sdk2/utlidar_slam/src/install/lidar_bridge/lib/pkgconfig/lidar_bridge.pc'
[7.344s] [34mcolcon.colcon_core.environment[0m [1;30mLevel 1[0m checking '/home/arpan/unitree2/unitree_sdk2/utlidar_slam/src/install/lidar_bridge/lib/python3.10/site-packages'
[7.344s] [34mcolcon.colcon_core.environment[0m [1;30mLevel 1[0m checking '/home/arpan/unitree2/unitree_sdk2/utlidar_slam/src/install/lidar_bridge/bin'
[7.344s] [34mcolcon.colcon_core.shell[0m [1;30mINFO[0m Creating package script '/home/arpan/unitree2/unitree_sdk2/utlidar_slam/src/install/lidar_bridge/share/lidar_bridge/package.ps1'
[7.344s] [34mcolcon.colcon_core.shell[0m [1;30mINFO[0m Creating package descriptor '/home/arpan/unitree2/unitree_sdk2/utlidar_slam/src/install/lidar_bridge/share/lidar_bridge/package.dsv'
[7.345s] [34mcolcon.colcon_core.shell[0m [1;30mINFO[0m Creating package script '/home/arpan/unitree2/unitree_sdk2/utlidar_slam/src/install/lidar_bridge/share/lidar_bridge/package.sh'
[7.345s] [34mcolcon.colcon_core.shell[0m [1;30mINFO[0m Creating package script '/home/arpan/unitree2/unitree_sdk2/utlidar_slam/src/install/lidar_bridge/share/lidar_bridge/package.bash'
[7.345s] [34mcolcon.colcon_core.shell[0m [1;30mINFO[0m Creating package script '/home/arpan/unitree2/unitree_sdk2/utlidar_slam/src/install/lidar_bridge/share/lidar_bridge/package.zsh'
[7.346s] [34mcolcon.colcon_core.environment[0m [1;30mLevel 1[0m create_file_with_runtime_dependencies(/home/arpan/unitree2/unitree_sdk2/utlidar_slam/src/install/lidar_bridge/share/colcon-core/packages/lidar_bridge)
[7.346s] [34mcolcon.colcon_core.environment[0m [1;30mLevel 1[0m create_environment_scripts_only(lidar_bridge)
[7.346s] [34mcolcon.colcon_core.environment[0m [1;30mLevel 1[0m checking '/home/arpan/unitree2/unitree_sdk2/utlidar_slam/src/install/lidar_bridge' for CMake module files
[7.347s] [34mcolcon.colcon_core.environment[0m [1;30mLevel 1[0m checking '/home/arpan/unitree2/unitree_sdk2/utlidar_slam/src/install/lidar_bridge' for CMake config files
[7.347s] [34mcolcon.colcon_core.shell[0m [1;30mLevel 1[0m create_environment_hook('lidar_bridge', 'cmake_prefix_path')
[7.347s] [34mcolcon.colcon_core.shell[0m [1;30mINFO[0m Creating environment hook '/home/arpan/unitree2/unitree_sdk2/utlidar_slam/src/install/lidar_bridge/share/lidar_bridge/hook/cmake_prefix_path.ps1'
[7.347s] [34mcolcon.colcon_core.shell[0m [1;30mINFO[0m Creating environment descriptor '/home/arpan/unitree2/unitree_sdk2/utlidar_slam/src/install/lidar_bridge/share/lidar_bridge/hook/cmake_prefix_path.dsv'
[7.348s] [34mcolcon.colcon_core.shell[0m [1;30mINFO[0m Creating environment hook '/home/arpan/unitree2/unitree_sdk2/utlidar_slam/src/install/lidar_bridge/share/lidar_bridge/hook/cmake_prefix_path.sh'
[7.348s] [34mcolcon.colcon_core.environment[0m [1;30mLevel 1[0m checking '/home/arpan/unitree2/unitree_sdk2/utlidar_slam/src/install/lidar_bridge/lib'
[7.348s] [34mcolcon.colcon_core.environment[0m [1;30mLevel 1[0m checking '/home/arpan/unitree2/unitree_sdk2/utlidar_slam/src/install/lidar_bridge/bin'
[7.348s] [34mcolcon.colcon_core.environment[0m [1;30mLevel 1[0m checking '/home/arpan/unitree2/unitree_sdk2/utlidar_slam/src/install/lidar_bridge/lib/pkgconfig/lidar_bridge.pc'
[7.348s] [34mcolcon.colcon_core.environment[0m [1;30mLevel 1[0m checking '/home/arpan/unitree2/unitree_sdk2/utlidar_slam/src/install/lidar_bridge/lib/python3.10/site-packages'
[7.349s] [34mcolcon.colcon_core.environment[0m [1;30mLevel 1[0m checking '/home/arpan/unitree2/unitree_sdk2/utlidar_slam/src/install/lidar_bridge/bin'
[7.349s] [34mcolcon.colcon_core.shell[0m [1;30mINFO[0m Creating package script '/home/arpan/unitree2/unitree_sdk2/utlidar_slam/src/install/lidar_bridge/share/lidar_bridge/package.ps1'
[7.349s] [34mcolcon.colcon_core.shell[0m [1;30mINFO[0m Creating package descriptor '/home/arpan/unitree2/unitree_sdk2/utlidar_slam/src/install/lidar_bridge/share/lidar_bridge/package.dsv'
[7.350s] [34mcolcon.colcon_core.shell[0m [1;30mINFO[0m Creating package script '/home/arpan/unitree2/unitree_sdk2/utlidar_slam/src/install/lidar_bridge/share/lidar_bridge/package.sh'
[7.350s] [34mcolcon.colcon_core.shell[0m [1;30mINFO[0m Creating package script '/home/arpan/unitree2/unitree_sdk2/utlidar_slam/src/install/lidar_bridge/share/lidar_bridge/package.bash'
[7.350s] [34mcolcon.colcon_core.shell[0m [1;30mINFO[0m Creating package script '/home/arpan/unitree2/unitree_sdk2/utlidar_slam/src/install/lidar_bridge/share/lidar_bridge/package.zsh'
[7.351s] [34mcolcon.colcon_core.environment[0m [1;30mLevel 1[0m create_file_with_runtime_dependencies(/home/arpan/unitree2/unitree_sdk2/utlidar_slam/src/install/lidar_bridge/share/colcon-core/packages/lidar_bridge)
[7.351s] [34mcolcon.colcon_parallel_executor.executor.parallel[0m [1;30mDEBUG[0m [32mclosing loop[0m
[7.351s] [34mcolcon.colcon_parallel_executor.executor.parallel[0m [1;30mDEBUG[0m [32mloop closed[0m
[7.351s] [34mcolcon.colcon_parallel_executor.executor.parallel[0m [1;30mDEBUG[0m [32mrun_until_complete finished with '0'[0m
[7.351s] [34mcolcon.colcon_core.event_reactor[0m [1;30mDEBUG[0m [32mjoining thread[0m
[7.359s] [34mcolcon.colcon_core.plugin_system[0m [1;30mINFO[0m Skipping extension 'colcon_notification.desktop_notification.terminal_notifier': Not used on non-Darwin systems
[7.359s] [34mcolcon.colcon_core.plugin_system[0m [1;30mINFO[0m Skipping extension 'colcon_notification.desktop_notification.win32': Not used on non-Windows systems
[7.359s] [34mcolcon.colcon_notification.desktop_notification[0m [1;30mINFO[0m Sending desktop notification using 'notify2'
[7.369s] [34mcolcon.colcon_core.event_reactor[0m [1;30mDEBUG[0m [32mjoined thread[0m
[7.369s] [34mcolcon.colcon_core.shell[0m [1;30mINFO[0m Creating prefix script '/home/arpan/unitree2/unitree_sdk2/utlidar_slam/src/install/local_setup.ps1'
[7.370s] [34mcolcon.colcon_core.shell[0m [1;30mINFO[0m Creating prefix util module '/home/arpan/unitree2/unitree_sdk2/utlidar_slam/src/install/_local_setup_util_ps1.py'
[7.371s] [34mcolcon.colcon_core.shell[0m [1;30mINFO[0m Creating prefix chain script '/home/arpan/unitree2/unitree_sdk2/utlidar_slam/src/install/setup.ps1'
[7.373s] [34mcolcon.colcon_core.shell[0m [1;30mINFO[0m Creating prefix script '/home/arpan/unitree2/unitree_sdk2/utlidar_slam/src/install/local_setup.sh'
[7.374s] [34mcolcon.colcon_core.shell[0m [1;30mINFO[0m Creating prefix util module '/home/arpan/unitree2/unitree_sdk2/utlidar_slam/src/install/_local_setup_util_sh.py'
[7.374s] [34mcolcon.colcon_core.shell[0m [1;30mINFO[0m Creating prefix chain script '/home/arpan/unitree2/unitree_sdk2/utlidar_slam/src/install/setup.sh'
[7.377s] [34mcolcon.colcon_core.shell[0m [1;30mINFO[0m Creating prefix script '/home/arpan/unitree2/unitree_sdk2/utlidar_slam/src/install/local_setup.bash'
[7.378s] [34mcolcon.colcon_core.shell[0m [1;30mINFO[0m Creating prefix chain script '/home/arpan/unitree2/unitree_sdk2/utlidar_slam/src/install/setup.bash'
[7.379s] [34mcolcon.colcon_core.shell[0m [1;30mINFO[0m Creating prefix script '/home/arpan/unitree2/unitree_sdk2/utlidar_slam/src/install/local_setup.zsh'
[7.380s] [34mcolcon.colcon_core.shell[0m [1;30mINFO[0m Creating prefix chain script '/home/arpan/unitree2/unitree_sdk2/utlidar_slam/src/install/setup.zsh'
