[0.656s] Invoking command in '/home/arpan/unitree2/unitree_sdk2/utlidar_slam/src/qos_relay': PYTHONPATH=/home/arpan/unitree2/unitree_sdk2/utlidar_slam/src/build/qos_relay/prefix_override:/usr/lib/python3/dist-packages/colcon_core/task/python/colcon_distutils_commands:/home/arpan/unitree2/unitree_sdk2/utlidar_slam/src/install/qos_relay/lib/python3.10/site-packages:${PYTHONPATH} /usr/bin/python3 -W ignore:setup.py install is deprecated -W ignore:easy_install command is deprecated setup.py egg_info --egg-base ../build/qos_relay build --build-base /home/arpan/unitree2/unitree_sdk2/utlidar_slam/src/build/qos_relay/build install --record /home/arpan/unitree2/unitree_sdk2/utlidar_slam/src/build/qos_relay/install.log --single-version-externally-managed install_data
[0.908s] running egg_info
[0.908s] creating ../build/qos_relay/qos_relay.egg-info
[0.909s] writing ../build/qos_relay/qos_relay.egg-info/PKG-INFO
[0.909s] writing dependency_links to ../build/qos_relay/qos_relay.egg-info/dependency_links.txt
[0.909s] writing entry points to ../build/qos_relay/qos_relay.egg-info/entry_points.txt
[0.909s] writing requirements to ../build/qos_relay/qos_relay.egg-info/requires.txt
[0.909s] writing top-level names to ../build/qos_relay/qos_relay.egg-info/top_level.txt
[0.909s] writing manifest file '../build/qos_relay/qos_relay.egg-info/SOURCES.txt'
[0.911s] reading manifest file '../build/qos_relay/qos_relay.egg-info/SOURCES.txt'
[0.911s] writing manifest file '../build/qos_relay/qos_relay.egg-info/SOURCES.txt'
[0.912s] running build
[0.912s] running build_py
[0.912s] creating /home/arpan/unitree2/unitree_sdk2/utlidar_slam/src/build/qos_relay/build
[0.912s] creating /home/arpan/unitree2/unitree_sdk2/utlidar_slam/src/build/qos_relay/build/lib
[0.912s] creating /home/arpan/unitree2/unitree_sdk2/utlidar_slam/src/build/qos_relay/build/lib/qos_relay
[0.912s] copying qos_relay/__init__.py -> /home/arpan/unitree2/unitree_sdk2/utlidar_slam/src/build/qos_relay/build/lib/qos_relay
[0.912s] copying qos_relay/scan_relay_node.py -> /home/arpan/unitree2/unitree_sdk2/utlidar_slam/src/build/qos_relay/build/lib/qos_relay
[0.912s] running install
[0.912s] running install_lib
[0.913s] creating /home/arpan/unitree2/unitree_sdk2/utlidar_slam/src/install/qos_relay/lib/python3.10/site-packages/qos_relay
[0.913s] copying /home/arpan/unitree2/unitree_sdk2/utlidar_slam/src/build/qos_relay/build/lib/qos_relay/__init__.py -> /home/arpan/unitree2/unitree_sdk2/utlidar_slam/src/install/qos_relay/lib/python3.10/site-packages/qos_relay
[0.914s] copying /home/arpan/unitree2/unitree_sdk2/utlidar_slam/src/build/qos_relay/build/lib/qos_relay/scan_relay_node.py -> /home/arpan/unitree2/unitree_sdk2/utlidar_slam/src/install/qos_relay/lib/python3.10/site-packages/qos_relay
[0.914s] byte-compiling /home/arpan/unitree2/unitree_sdk2/utlidar_slam/src/install/qos_relay/lib/python3.10/site-packages/qos_relay/__init__.py to __init__.cpython-310.pyc
[0.914s] byte-compiling /home/arpan/unitree2/unitree_sdk2/utlidar_slam/src/install/qos_relay/lib/python3.10/site-packages/qos_relay/scan_relay_node.py to scan_relay_node.cpython-310.pyc
[0.915s] running install_data
[0.915s] creating /home/arpan/unitree2/unitree_sdk2/utlidar_slam/src/install/qos_relay/share/ament_index
[0.915s] creating /home/arpan/unitree2/unitree_sdk2/utlidar_slam/src/install/qos_relay/share/ament_index/resource_index
[0.915s] creating /home/arpan/unitree2/unitree_sdk2/utlidar_slam/src/install/qos_relay/share/ament_index/resource_index/packages
[0.915s] copying resource/qos_relay -> /home/arpan/unitree2/unitree_sdk2/utlidar_slam/src/install/qos_relay/share/ament_index/resource_index/packages
[0.915s] copying package.xml -> /home/arpan/unitree2/unitree_sdk2/utlidar_slam/src/install/qos_relay/share/qos_relay
[0.915s] running install_egg_info
[0.917s] Copying ../build/qos_relay/qos_relay.egg-info to /home/arpan/unitree2/unitree_sdk2/utlidar_slam/src/install/qos_relay/lib/python3.10/site-packages/qos_relay-0.0.0-py3.10.egg-info
[0.918s] running install_scripts
[0.937s] Installing scan_relay_node script to /home/arpan/unitree2/unitree_sdk2/utlidar_slam/src/install/qos_relay/lib/qos_relay
[0.938s] writing list of installed files to '/home/arpan/unitree2/unitree_sdk2/utlidar_slam/src/build/qos_relay/install.log'
[0.959s] Invoked command in '/home/arpan/unitree2/unitree_sdk2/utlidar_slam/src/qos_relay' returned '0': PYTHONPATH=/home/arpan/unitree2/unitree_sdk2/utlidar_slam/src/build/qos_relay/prefix_override:/usr/lib/python3/dist-packages/colcon_core/task/python/colcon_distutils_commands:/home/arpan/unitree2/unitree_sdk2/utlidar_slam/src/install/qos_relay/lib/python3.10/site-packages:${PYTHONPATH} /usr/bin/python3 -W ignore:setup.py install is deprecated -W ignore:easy_install command is deprecated setup.py egg_info --egg-base ../build/qos_relay build --build-base /home/arpan/unitree2/unitree_sdk2/utlidar_slam/src/build/qos_relay/build install --record /home/arpan/unitree2/unitree_sdk2/utlidar_slam/src/build/qos_relay/install.log --single-version-externally-managed install_data
