[1.038s] Invoking command in '/home/arpan/unitree2/unitree_sdk2/utlidar_slam/src/qos_relay': PYTHONPATH=/home/arpan/unitree2/unitree_sdk2/utlidar_slam/build/qos_relay/prefix_override:/usr/lib/python3/dist-packages/colcon_core/task/python/colcon_distutils_commands:/home/arpan/unitree2/unitree_sdk2/utlidar_slam/install/qos_relay/lib/python3.10/site-packages:${PYTHONPATH} /usr/bin/python3 -W ignore:setup.py install is deprecated -W ignore:easy_install command is deprecated setup.py egg_info --egg-base ../../build/qos_relay build --build-base /home/arpan/unitree2/unitree_sdk2/utlidar_slam/build/qos_relay/build install --record /home/arpan/unitree2/unitree_sdk2/utlidar_slam/build/qos_relay/install.log --single-version-externally-managed install_data
[1.423s] running egg_info
[1.424s] writing ../../build/qos_relay/qos_relay.egg-info/PKG-INFO
[1.425s] writing dependency_links to ../../build/qos_relay/qos_relay.egg-info/dependency_links.txt
[1.425s] writing entry points to ../../build/qos_relay/qos_relay.egg-info/entry_points.txt
[1.425s] writing requirements to ../../build/qos_relay/qos_relay.egg-info/requires.txt
[1.425s] writing top-level names to ../../build/qos_relay/qos_relay.egg-info/top_level.txt
[1.427s] reading manifest file '../../build/qos_relay/qos_relay.egg-info/SOURCES.txt'
[1.428s] writing manifest file '../../build/qos_relay/qos_relay.egg-info/SOURCES.txt'
[1.429s] running build
[1.429s] running build_py
[1.429s] running install
[1.429s] running install_lib
[1.431s] running install_data
[1.431s] running install_egg_info
[1.433s] removing '/home/arpan/unitree2/unitree_sdk2/utlidar_slam/install/qos_relay/lib/python3.10/site-packages/qos_relay-0.0.0-py3.10.egg-info' (and everything under it)
[1.434s] Copying ../../build/qos_relay/qos_relay.egg-info to /home/arpan/unitree2/unitree_sdk2/utlidar_slam/install/qos_relay/lib/python3.10/site-packages/qos_relay-0.0.0-py3.10.egg-info
[1.435s] running install_scripts
[1.463s] Installing scan_relay_node script to /home/arpan/unitree2/unitree_sdk2/utlidar_slam/install/qos_relay/lib/qos_relay
[1.463s] writing list of installed files to '/home/arpan/unitree2/unitree_sdk2/utlidar_slam/build/qos_relay/install.log'
[1.488s] Invoked command in '/home/arpan/unitree2/unitree_sdk2/utlidar_slam/src/qos_relay' returned '0': PYTHONPATH=/home/arpan/unitree2/unitree_sdk2/utlidar_slam/build/qos_relay/prefix_override:/usr/lib/python3/dist-packages/colcon_core/task/python/colcon_distutils_commands:/home/arpan/unitree2/unitree_sdk2/utlidar_slam/install/qos_relay/lib/python3.10/site-packages:${PYTHONPATH} /usr/bin/python3 -W ignore:setup.py install is deprecated -W ignore:easy_install command is deprecated setup.py egg_info --egg-base ../../build/qos_relay build --build-base /home/arpan/unitree2/unitree_sdk2/utlidar_slam/build/qos_relay/build install --record /home/arpan/unitree2/unitree_sdk2/utlidar_slam/build/qos_relay/install.log --single-version-externally-managed install_data
