[0.042s] Invoking command in '/home/arpan/unitree2/unitree_sdk2/utlidar_slam/build/go2_localization': CMAKE_PREFIX_PATH=${CMAKE_PREFIX_PATH}:/home/arpan/unitree2/mid360_slamming_ws/install/scan_qos_relay:/home/arpan/unitree2/mid360_slamming_ws/install/mid360_slam:/home/arpan/unitree2/mid360_slam_ws/install/scan_qos_relay:/home/arpan/unitree2/mid360_slam_ws/install/mid360_slam:/home/arpan/unitree2/fast-lio-ws/install/go2_nav_helper:/home/arpan/turtlebot3_ws/install/turtlebot3_teleop:/home/arpan/turtlebot3_ws/install/turtlebot3_example:/opt/ros/humble /usr/bin/cmake /home/arpan/unitree2/unitree_sdk2/utlidar_slam/src/go2_localization -DCMAKE_INSTALL_PREFIX=/home/arpan/unitree2/unitree_sdk2/utlidar_slam/install/go2_localization
[0.435s] -- The C compiler identification is GNU 11.4.0
[0.435s] -- The CXX compiler identification is GNU 11.4.0
[0.435s] -- Detecting C compiler ABI info
[0.435s] -- Detecting C compiler ABI info - done
[0.435s] -- Check for working C compiler: /usr/bin/cc - skipped
[0.436s] -- Detecting C compile features
[0.436s] -- Detecting C compile features - done
[0.436s] -- Detecting CXX compiler ABI info
[0.479s] -- Detecting CXX compiler ABI info - done
[0.486s] -- Check for working CXX compiler: /usr/bin/c++ - skipped
[0.487s] -- Detecting CXX compile features
[0.487s] -- Detecting CXX compile features - done
[0.505s] -- Found ament_cmake: 1.3.11 (/opt/ros/humble/share/ament_cmake/cmake)
[0.682s] -- Found Python3: /usr/bin/python3 (found version "3.10.12") found components: Interpreter 
[0.843s] -- Found ament_lint_auto: 0.12.12 (/opt/ros/humble/share/ament_lint_auto/cmake)
[0.960s] -- Added test 'flake8' to check Python code syntax and style conventions
[0.961s] -- Added test 'lint_cmake' to check CMake code style
[0.962s] -- Added test 'pep257' to check Python code against some of the docstring style conventions in PEP 257
[0.966s] -- Added test 'xmllint' to check XML markup files
[0.966s] -- Configuring done
[0.969s] -- Generating done
[0.971s] -- Build files have been written to: /home/arpan/unitree2/unitree_sdk2/utlidar_slam/build/go2_localization
[0.974s] Invoked command in '/home/arpan/unitree2/unitree_sdk2/utlidar_slam/build/go2_localization' returned '0': CMAKE_PREFIX_PATH=${CMAKE_PREFIX_PATH}:/home/arpan/unitree2/mid360_slamming_ws/install/scan_qos_relay:/home/arpan/unitree2/mid360_slamming_ws/install/mid360_slam:/home/arpan/unitree2/mid360_slam_ws/install/scan_qos_relay:/home/arpan/unitree2/mid360_slam_ws/install/mid360_slam:/home/arpan/unitree2/fast-lio-ws/install/go2_nav_helper:/home/arpan/turtlebot3_ws/install/turtlebot3_teleop:/home/arpan/turtlebot3_ws/install/turtlebot3_example:/opt/ros/humble /usr/bin/cmake /home/arpan/unitree2/unitree_sdk2/utlidar_slam/src/go2_localization -DCMAKE_INSTALL_PREFIX=/home/arpan/unitree2/unitree_sdk2/utlidar_slam/install/go2_localization
[0.977s] Invoking command in '/home/arpan/unitree2/unitree_sdk2/utlidar_slam/build/go2_localization': CMAKE_PREFIX_PATH=${CMAKE_PREFIX_PATH}:/home/arpan/unitree2/mid360_slamming_ws/install/scan_qos_relay:/home/arpan/unitree2/mid360_slamming_ws/install/mid360_slam:/home/arpan/unitree2/mid360_slam_ws/install/scan_qos_relay:/home/arpan/unitree2/mid360_slam_ws/install/mid360_slam:/home/arpan/unitree2/fast-lio-ws/install/go2_nav_helper:/home/arpan/turtlebot3_ws/install/turtlebot3_teleop:/home/arpan/turtlebot3_ws/install/turtlebot3_example:/opt/ros/humble /usr/bin/cmake --build /home/arpan/unitree2/unitree_sdk2/utlidar_slam/build/go2_localization -- -j12 -l12
[1.018s] Invoked command in '/home/arpan/unitree2/unitree_sdk2/utlidar_slam/build/go2_localization' returned '0': CMAKE_PREFIX_PATH=${CMAKE_PREFIX_PATH}:/home/arpan/unitree2/mid360_slamming_ws/install/scan_qos_relay:/home/arpan/unitree2/mid360_slamming_ws/install/mid360_slam:/home/arpan/unitree2/mid360_slam_ws/install/scan_qos_relay:/home/arpan/unitree2/mid360_slam_ws/install/mid360_slam:/home/arpan/unitree2/fast-lio-ws/install/go2_nav_helper:/home/arpan/turtlebot3_ws/install/turtlebot3_teleop:/home/arpan/turtlebot3_ws/install/turtlebot3_example:/opt/ros/humble /usr/bin/cmake --build /home/arpan/unitree2/unitree_sdk2/utlidar_slam/build/go2_localization -- -j12 -l12
[1.029s] Invoking command in '/home/arpan/unitree2/unitree_sdk2/utlidar_slam/build/go2_localization': CMAKE_PREFIX_PATH=${CMAKE_PREFIX_PATH}:/home/arpan/unitree2/mid360_slamming_ws/install/scan_qos_relay:/home/arpan/unitree2/mid360_slamming_ws/install/mid360_slam:/home/arpan/unitree2/mid360_slam_ws/install/scan_qos_relay:/home/arpan/unitree2/mid360_slam_ws/install/mid360_slam:/home/arpan/unitree2/fast-lio-ws/install/go2_nav_helper:/home/arpan/turtlebot3_ws/install/turtlebot3_teleop:/home/arpan/turtlebot3_ws/install/turtlebot3_example:/opt/ros/humble /usr/bin/cmake --install /home/arpan/unitree2/unitree_sdk2/utlidar_slam/build/go2_localization
[1.037s] -- Install configuration: ""
[1.037s] -- Installing: /home/arpan/unitree2/unitree_sdk2/utlidar_slam/install/go2_localization/share/go2_localization/launch
[1.037s] -- Installing: /home/arpan/unitree2/unitree_sdk2/utlidar_slam/install/go2_localization/share/go2_localization/launch/ekf.launch.py
[1.038s] -- Installing: /home/arpan/unitree2/unitree_sdk2/utlidar_slam/install/go2_localization/share/go2_localization/config
[1.038s] -- Installing: /home/arpan/unitree2/unitree_sdk2/utlidar_slam/install/go2_localization/share/go2_localization/config/ekf.yaml
[1.038s] -- Installing: /home/arpan/unitree2/unitree_sdk2/utlidar_slam/install/go2_localization/share/ament_index/resource_index/package_run_dependencies/go2_localization
[1.039s] -- Installing: /home/arpan/unitree2/unitree_sdk2/utlidar_slam/install/go2_localization/share/ament_index/resource_index/parent_prefix_path/go2_localization
[1.039s] -- Installing: /home/arpan/unitree2/unitree_sdk2/utlidar_slam/install/go2_localization/share/go2_localization/environment/ament_prefix_path.sh
[1.039s] -- Installing: /home/arpan/unitree2/unitree_sdk2/utlidar_slam/install/go2_localization/share/go2_localization/environment/ament_prefix_path.dsv
[1.039s] -- Installing: /home/arpan/unitree2/unitree_sdk2/utlidar_slam/install/go2_localization/share/go2_localization/environment/path.sh
[1.039s] -- Installing: /home/arpan/unitree2/unitree_sdk2/utlidar_slam/install/go2_localization/share/go2_localization/environment/path.dsv
[1.040s] -- Installing: /home/arpan/unitree2/unitree_sdk2/utlidar_slam/install/go2_localization/share/go2_localization/local_setup.bash
[1.040s] -- Installing: /home/arpan/unitree2/unitree_sdk2/utlidar_slam/install/go2_localization/share/go2_localization/local_setup.sh
[1.040s] -- Installing: /home/arpan/unitree2/unitree_sdk2/utlidar_slam/install/go2_localization/share/go2_localization/local_setup.zsh
[1.040s] -- Installing: /home/arpan/unitree2/unitree_sdk2/utlidar_slam/install/go2_localization/share/go2_localization/local_setup.dsv
[1.040s] -- Installing: /home/arpan/unitree2/unitree_sdk2/utlidar_slam/install/go2_localization/share/go2_localization/package.dsv
[1.041s] -- Installing: /home/arpan/unitree2/unitree_sdk2/utlidar_slam/install/go2_localization/share/ament_index/resource_index/packages/go2_localization
[1.041s] -- Installing: /home/arpan/unitree2/unitree_sdk2/utlidar_slam/install/go2_localization/share/go2_localization/cmake/go2_localizationConfig.cmake
[1.041s] -- Installing: /home/arpan/unitree2/unitree_sdk2/utlidar_slam/install/go2_localization/share/go2_localization/cmake/go2_localizationConfig-version.cmake
[1.041s] -- Installing: /home/arpan/unitree2/unitree_sdk2/utlidar_slam/install/go2_localization/share/go2_localization/package.xml
[1.044s] Invoked command in '/home/arpan/unitree2/unitree_sdk2/utlidar_slam/build/go2_localization' returned '0': CMAKE_PREFIX_PATH=${CMAKE_PREFIX_PATH}:/home/arpan/unitree2/mid360_slamming_ws/install/scan_qos_relay:/home/arpan/unitree2/mid360_slamming_ws/install/mid360_slam:/home/arpan/unitree2/mid360_slam_ws/install/scan_qos_relay:/home/arpan/unitree2/mid360_slam_ws/install/mid360_slam:/home/arpan/unitree2/fast-lio-ws/install/go2_nav_helper:/home/arpan/turtlebot3_ws/install/turtlebot3_teleop:/home/arpan/turtlebot3_ws/install/turtlebot3_example:/opt/ros/humble /usr/bin/cmake --install /home/arpan/unitree2/unitree_sdk2/utlidar_slam/build/go2_localization
