[0.036s] Invoking command in '/home/arpan/unitree2/unitree_sdk2/utlidar_slam/build/lidar_bridge': CMAKE_PREFIX_PATH=${CMAKE_PREFIX_PATH}:/home/arpan/unitree2/mid360_slam_ws/install/scan_qos_relay:/home/arpan/unitree2/mid360_slam_ws/install/mid360_slam:/home/arpan/unitree2/fast-lio-ws/install/go2_nav_helper:/home/arpan/turtlebot3_ws/install/turtlebot3_teleop:/home/arpan/turtlebot3_ws/install/turtlebot3_example:/opt/ros/humble /usr/bin/cmake /home/arpan/unitree2/unitree_sdk2/utlidar_slam/src/lidar_bridge -DCMAKE_INSTALL_PREFIX=/home/arpan/unitree2/unitree_sdk2/utlidar_slam/install/lidar_bridge
[0.399s] -- The C compiler identification is GNU 11.4.0
[0.399s] -- The CXX compiler identification is GNU 11.4.0
[0.399s] -- Detecting C compiler ABI info
[0.399s] -- Detecting C compiler ABI info - done
[0.399s] -- Check for working C compiler: /usr/bin/cc - skipped
[0.399s] -- Detecting C compile features
[0.399s] -- Detecting C compile features - done
[0.400s] -- Detecting CXX compiler ABI info
[0.432s] -- Detecting CXX compiler ABI info - done
[0.443s] -- Check for working CXX compiler: /usr/bin/c++ - skipped
[0.443s] -- Detecting CXX compile features
[0.444s] -- Detecting CXX compile features - done
[0.450s] -- Found ament_cmake: 1.3.11 (/opt/ros/humble/share/ament_cmake/cmake)
[0.614s] -- Found Python3: /usr/bin/python3 (found version "3.10.12") found components: Interpreter 
[0.746s] -- Found rclcpp: 16.0.12 (/opt/ros/humble/share/rclcpp/cmake)
[0.828s] -- Found rosidl_generator_c: 3.1.6 (/opt/ros/humble/share/rosidl_generator_c/cmake)
[0.841s] -- Found rosidl_adapter: 3.1.6 (/opt/ros/humble/share/rosidl_adapter/cmake)
[0.856s] -- Found rosidl_generator_cpp: 3.1.6 (/opt/ros/humble/share/rosidl_generator_cpp/cmake)
[0.873s] -- Using all available rosidl_typesupport_c: rosidl_typesupport_fastrtps_c;rosidl_typesupport_introspection_c
[0.899s] -- Using all available rosidl_typesupport_cpp: rosidl_typesupport_fastrtps_cpp;rosidl_typesupport_introspection_cpp
[0.970s] -- Found rmw_implementation_cmake: 6.1.2 (/opt/ros/humble/share/rmw_implementation_cmake/cmake)
[0.976s] -- Found rmw_fastrtps_cpp: 6.2.7 (/opt/ros/humble/share/rmw_fastrtps_cpp/cmake)
[1.092s] -- Found OpenSSL: /usr/lib/x86_64-linux-gnu/libcrypto.so (found version "3.0.2")  
[1.122s] -- Found FastRTPS: /opt/ros/humble/include  
[1.169s] -- Using RMW implementation 'rmw_fastrtps_cpp' as default
[1.185s] -- Looking for pthread.h
[1.264s] -- Looking for pthread.h - found
[1.265s] -- Performing Test CMAKE_HAVE_LIBC_PTHREAD
[1.340s] -- Performing Test CMAKE_HAVE_LIBC_PTHREAD - Success
[1.341s] -- Found Threads: TRUE  
[1.412s] -- Found sensor_msgs: 4.8.0 (/opt/ros/humble/share/sensor_msgs/cmake)
[1.532s] -- Configuring done
[1.546s] -- Generating done
[1.550s] -- Build files have been written to: /home/arpan/unitree2/unitree_sdk2/utlidar_slam/build/lidar_bridge
[1.561s] Invoked command in '/home/arpan/unitree2/unitree_sdk2/utlidar_slam/build/lidar_bridge' returned '0': CMAKE_PREFIX_PATH=${CMAKE_PREFIX_PATH}:/home/arpan/unitree2/mid360_slam_ws/install/scan_qos_relay:/home/arpan/unitree2/mid360_slam_ws/install/mid360_slam:/home/arpan/unitree2/fast-lio-ws/install/go2_nav_helper:/home/arpan/turtlebot3_ws/install/turtlebot3_teleop:/home/arpan/turtlebot3_ws/install/turtlebot3_example:/opt/ros/humble /usr/bin/cmake /home/arpan/unitree2/unitree_sdk2/utlidar_slam/src/lidar_bridge -DCMAKE_INSTALL_PREFIX=/home/arpan/unitree2/unitree_sdk2/utlidar_slam/install/lidar_bridge
[1.561s] Invoking command in '/home/arpan/unitree2/unitree_sdk2/utlidar_slam/build/lidar_bridge': CMAKE_PREFIX_PATH=${CMAKE_PREFIX_PATH}:/home/arpan/unitree2/mid360_slam_ws/install/scan_qos_relay:/home/arpan/unitree2/mid360_slam_ws/install/mid360_slam:/home/arpan/unitree2/fast-lio-ws/install/go2_nav_helper:/home/arpan/turtlebot3_ws/install/turtlebot3_teleop:/home/arpan/turtlebot3_ws/install/turtlebot3_example:/opt/ros/humble /usr/bin/cmake --build /home/arpan/unitree2/unitree_sdk2/utlidar_slam/build/lidar_bridge -- -j12 -l12
[1.614s] [ 50%] [32mBuilding CXX object CMakeFiles/lidar_bridge_node.dir/src/lidar_bridge_node.cpp.o[0m
[7.846s] [100%] [32m[1mLinking CXX executable lidar_bridge_node[0m
[8.407s] [100%] Built target lidar_bridge_node
[8.421s] Invoked command in '/home/arpan/unitree2/unitree_sdk2/utlidar_slam/build/lidar_bridge' returned '0': CMAKE_PREFIX_PATH=${CMAKE_PREFIX_PATH}:/home/arpan/unitree2/mid360_slam_ws/install/scan_qos_relay:/home/arpan/unitree2/mid360_slam_ws/install/mid360_slam:/home/arpan/unitree2/fast-lio-ws/install/go2_nav_helper:/home/arpan/turtlebot3_ws/install/turtlebot3_teleop:/home/arpan/turtlebot3_ws/install/turtlebot3_example:/opt/ros/humble /usr/bin/cmake --build /home/arpan/unitree2/unitree_sdk2/utlidar_slam/build/lidar_bridge -- -j12 -l12
[8.423s] Invoking command in '/home/arpan/unitree2/unitree_sdk2/utlidar_slam/build/lidar_bridge': CMAKE_PREFIX_PATH=${CMAKE_PREFIX_PATH}:/home/arpan/unitree2/mid360_slam_ws/install/scan_qos_relay:/home/arpan/unitree2/mid360_slam_ws/install/mid360_slam:/home/arpan/unitree2/fast-lio-ws/install/go2_nav_helper:/home/arpan/turtlebot3_ws/install/turtlebot3_teleop:/home/arpan/turtlebot3_ws/install/turtlebot3_example:/opt/ros/humble /usr/bin/cmake --install /home/arpan/unitree2/unitree_sdk2/utlidar_slam/build/lidar_bridge
[8.433s] -- Install configuration: ""
[8.433s] -- Installing: /home/arpan/unitree2/unitree_sdk2/utlidar_slam/install/lidar_bridge/lib/lidar_bridge/lidar_bridge_node
[8.438s] -- Set runtime path of "/home/arpan/unitree2/unitree_sdk2/utlidar_slam/install/lidar_bridge/lib/lidar_bridge/lidar_bridge_node" to ""
[8.439s] -- Installing: /home/arpan/unitree2/unitree_sdk2/utlidar_slam/install/lidar_bridge/share/ament_index/resource_index/package_run_dependencies/lidar_bridge
[8.439s] -- Installing: /home/arpan/unitree2/unitree_sdk2/utlidar_slam/install/lidar_bridge/share/ament_index/resource_index/parent_prefix_path/lidar_bridge
[8.440s] -- Installing: /home/arpan/unitree2/unitree_sdk2/utlidar_slam/install/lidar_bridge/share/lidar_bridge/environment/ament_prefix_path.sh
[8.440s] -- Installing: /home/arpan/unitree2/unitree_sdk2/utlidar_slam/install/lidar_bridge/share/lidar_bridge/environment/ament_prefix_path.dsv
[8.441s] -- Installing: /home/arpan/unitree2/unitree_sdk2/utlidar_slam/install/lidar_bridge/share/lidar_bridge/environment/path.sh
[8.441s] -- Installing: /home/arpan/unitree2/unitree_sdk2/utlidar_slam/install/lidar_bridge/share/lidar_bridge/environment/path.dsv
[8.441s] -- Installing: /home/arpan/unitree2/unitree_sdk2/utlidar_slam/install/lidar_bridge/share/lidar_bridge/local_setup.bash
[8.441s] -- Installing: /home/arpan/unitree2/unitree_sdk2/utlidar_slam/install/lidar_bridge/share/lidar_bridge/local_setup.sh
[8.441s] -- Installing: /home/arpan/unitree2/unitree_sdk2/utlidar_slam/install/lidar_bridge/share/lidar_bridge/local_setup.zsh
[8.442s] -- Installing: /home/arpan/unitree2/unitree_sdk2/utlidar_slam/install/lidar_bridge/share/lidar_bridge/local_setup.dsv
[8.442s] -- Installing: /home/arpan/unitree2/unitree_sdk2/utlidar_slam/install/lidar_bridge/share/lidar_bridge/package.dsv
[8.443s] -- Installing: /home/arpan/unitree2/unitree_sdk2/utlidar_slam/install/lidar_bridge/share/ament_index/resource_index/packages/lidar_bridge
[8.443s] -- Installing: /home/arpan/unitree2/unitree_sdk2/utlidar_slam/install/lidar_bridge/share/lidar_bridge/cmake/lidar_bridgeConfig.cmake
[8.443s] -- Installing: /home/arpan/unitree2/unitree_sdk2/utlidar_slam/install/lidar_bridge/share/lidar_bridge/cmake/lidar_bridgeConfig-version.cmake
[8.444s] -- Installing: /home/arpan/unitree2/unitree_sdk2/utlidar_slam/install/lidar_bridge/share/lidar_bridge/package.xml
[8.447s] Invoked command in '/home/arpan/unitree2/unitree_sdk2/utlidar_slam/build/lidar_bridge' returned '0': CMAKE_PREFIX_PATH=${CMAKE_PREFIX_PATH}:/home/arpan/unitree2/mid360_slam_ws/install/scan_qos_relay:/home/arpan/unitree2/mid360_slam_ws/install/mid360_slam:/home/arpan/unitree2/fast-lio-ws/install/go2_nav_helper:/home/arpan/turtlebot3_ws/install/turtlebot3_teleop:/home/arpan/turtlebot3_ws/install/turtlebot3_example:/opt/ros/humble /usr/bin/cmake --install /home/arpan/unitree2/unitree_sdk2/utlidar_slam/build/lidar_bridge
