-- Install configuration: ""
-- Up-to-date: /home/arpan/unitree2/unitree_sdk2/utlidar_slam/install/utlidar_launcher/share/utlidar_launcher/launch
-- Up-to-date: /home/arpan/unitree2/unitree_sdk2/utlidar_slam/install/utlidar_launcher/share/utlidar_launcher/launch/slam.launch.py
-- Up-to-date: /home/arpan/unitree2/unitree_sdk2/utlidar_slam/install/utlidar_launcher/share/utlidar_launcher/config
-- Up-to-date: /home/arpan/unitree2/unitree_sdk2/utlidar_slam/install/utlidar_launcher/share/utlidar_launcher/config/slam_mapper_params.yaml
-- Up-to-date: /home/arpan/unitree2/unitree_sdk2/utlidar_slam/install/utlidar_launcher/share/utlidar_launcher/config/pointcloud_to_laserscan_params.yaml
-- Up-to-date: /home/arpan/unitree2/unitree_sdk2/utlidar_slam/install/utlidar_launcher/share/utlidar_launcher/rviz
-- Up-to-date: /home/arpan/unitree2/unitree_sdk2/utlidar_slam/install/utlidar_launcher/share/utlidar_launcher/rviz/slam_config.rviz
-- Up-to-date: /home/arpan/unitree2/unitree_sdk2/utlidar_slam/install/utlidar_launcher/share/ament_index/resource_index/package_run_dependencies/utlidar_launcher
-- Up-to-date: /home/arpan/unitree2/unitree_sdk2/utlidar_slam/install/utlidar_launcher/share/ament_index/resource_index/parent_prefix_path/utlidar_launcher
-- Up-to-date: /home/arpan/unitree2/unitree_sdk2/utlidar_slam/install/utlidar_launcher/share/utlidar_launcher/environment/ament_prefix_path.sh
-- Up-to-date: /home/arpan/unitree2/unitree_sdk2/utlidar_slam/install/utlidar_launcher/share/utlidar_launcher/environment/ament_prefix_path.dsv
-- Up-to-date: /home/arpan/unitree2/unitree_sdk2/utlidar_slam/install/utlidar_launcher/share/utlidar_launcher/environment/path.sh
-- Up-to-date: /home/arpan/unitree2/unitree_sdk2/utlidar_slam/install/utlidar_launcher/share/utlidar_launcher/environment/path.dsv
-- Up-to-date: /home/arpan/unitree2/unitree_sdk2/utlidar_slam/install/utlidar_launcher/share/utlidar_launcher/local_setup.bash
-- Up-to-date: /home/arpan/unitree2/unitree_sdk2/utlidar_slam/install/utlidar_launcher/share/utlidar_launcher/local_setup.sh
-- Up-to-date: /home/arpan/unitree2/unitree_sdk2/utlidar_slam/install/utlidar_launcher/share/utlidar_launcher/local_setup.zsh
-- Up-to-date: /home/arpan/unitree2/unitree_sdk2/utlidar_slam/install/utlidar_launcher/share/utlidar_launcher/local_setup.dsv
-- Up-to-date: /home/arpan/unitree2/unitree_sdk2/utlidar_slam/install/utlidar_launcher/share/utlidar_launcher/package.dsv
-- Up-to-date: /home/arpan/unitree2/unitree_sdk2/utlidar_slam/install/utlidar_launcher/share/ament_index/resource_index/packages/utlidar_launcher
-- Up-to-date: /home/arpan/unitree2/unitree_sdk2/utlidar_slam/install/utlidar_launcher/share/utlidar_launcher/cmake/utlidar_launcherConfig.cmake
-- Up-to-date: /home/arpan/unitree2/unitree_sdk2/utlidar_slam/install/utlidar_launcher/share/utlidar_launcher/cmake/utlidar_launcherConfig-version.cmake
-- Up-to-date: /home/arpan/unitree2/unitree_sdk2/utlidar_slam/install/utlidar_launcher/share/utlidar_launcher/package.xml
