[0.373s] Invoking command in '/home/arpan/unitree2/unitree_sdk2/utlidar_slam/build/utlidar_launcher': CMAKE_PREFIX_PATH=${CMAKE_PREFIX_PATH}:/home/arpan/unitree2/unitree_sdk2/utlidar_slam/install/qos_relay:/home/arpan/unitree2/mid360_slam_ws/install/scan_qos_relay:/home/arpan/unitree2/mid360_slam_ws/install/mid360_slam:/home/arpan/unitree2/fast-lio-ws/install/go2_nav_helper:/home/arpan/turtlebot3_ws/install/turtlebot3_teleop:/home/arpan/turtlebot3_ws/install/turtlebot3_example:/opt/ros/humble /usr/bin/cmake /home/arpan/unitree2/unitree_sdk2/utlidar_slam/src/utlidar_launcher -DCMAKE_INSTALL_PREFIX=/home/arpan/unitree2/unitree_sdk2/utlidar_slam/install/utlidar_launcher
[0.437s] -- The C compiler identification is GNU 11.4.0
[0.499s] -- The CXX compiler identification is GNU 11.4.0
[0.509s] -- Detecting C compiler ABI info
[0.583s] -- Detecting C compiler ABI info - done
[0.591s] -- Check for working C compiler: /usr/bin/cc - skipped
[0.592s] -- Detecting C compile features
[0.592s] -- Detecting C compile features - done
[0.595s] -- Detecting CXX compiler ABI info
[0.684s] -- Detecting CXX compiler ABI info - done
[0.696s] -- Check for working CXX compiler: /usr/bin/c++ - skipped
[0.697s] -- Detecting CXX compile features
[0.697s] -- Detecting CXX compile features - done
[0.703s] -- Found ament_cmake: 1.3.11 (/opt/ros/humble/share/ament_cmake/cmake)
[0.858s] -- Found Python3: /usr/bin/python3 (found version "3.10.12") found components: Interpreter 
[1.001s] -- Found ament_lint_auto: 0.12.12 (/opt/ros/humble/share/ament_lint_auto/cmake)
[1.096s] -- Added test 'flake8' to check Python code syntax and style conventions
[1.097s] -- Added test 'lint_cmake' to check CMake code style
[1.098s] -- Added test 'pep257' to check Python code against some of the docstring style conventions in PEP 257
[1.100s] -- Added test 'xmllint' to check XML markup files
[1.102s] -- Configuring done
[1.105s] -- Generating done
[1.107s] -- Build files have been written to: /home/arpan/unitree2/unitree_sdk2/utlidar_slam/build/utlidar_launcher
[1.111s] Invoked command in '/home/arpan/unitree2/unitree_sdk2/utlidar_slam/build/utlidar_launcher' returned '0': CMAKE_PREFIX_PATH=${CMAKE_PREFIX_PATH}:/home/arpan/unitree2/unitree_sdk2/utlidar_slam/install/qos_relay:/home/arpan/unitree2/mid360_slam_ws/install/scan_qos_relay:/home/arpan/unitree2/mid360_slam_ws/install/mid360_slam:/home/arpan/unitree2/fast-lio-ws/install/go2_nav_helper:/home/arpan/turtlebot3_ws/install/turtlebot3_teleop:/home/arpan/turtlebot3_ws/install/turtlebot3_example:/opt/ros/humble /usr/bin/cmake /home/arpan/unitree2/unitree_sdk2/utlidar_slam/src/utlidar_launcher -DCMAKE_INSTALL_PREFIX=/home/arpan/unitree2/unitree_sdk2/utlidar_slam/install/utlidar_launcher
[1.113s] Invoking command in '/home/arpan/unitree2/unitree_sdk2/utlidar_slam/build/utlidar_launcher': CMAKE_PREFIX_PATH=${CMAKE_PREFIX_PATH}:/home/arpan/unitree2/unitree_sdk2/utlidar_slam/install/qos_relay:/home/arpan/unitree2/mid360_slam_ws/install/scan_qos_relay:/home/arpan/unitree2/mid360_slam_ws/install/mid360_slam:/home/arpan/unitree2/fast-lio-ws/install/go2_nav_helper:/home/arpan/turtlebot3_ws/install/turtlebot3_teleop:/home/arpan/turtlebot3_ws/install/turtlebot3_example:/opt/ros/humble /usr/bin/cmake --build /home/arpan/unitree2/unitree_sdk2/utlidar_slam/build/utlidar_launcher -- -j12 -l12
[1.154s] Invoked command in '/home/arpan/unitree2/unitree_sdk2/utlidar_slam/build/utlidar_launcher' returned '0': CMAKE_PREFIX_PATH=${CMAKE_PREFIX_PATH}:/home/arpan/unitree2/unitree_sdk2/utlidar_slam/install/qos_relay:/home/arpan/unitree2/mid360_slam_ws/install/scan_qos_relay:/home/arpan/unitree2/mid360_slam_ws/install/mid360_slam:/home/arpan/unitree2/fast-lio-ws/install/go2_nav_helper:/home/arpan/turtlebot3_ws/install/turtlebot3_teleop:/home/arpan/turtlebot3_ws/install/turtlebot3_example:/opt/ros/humble /usr/bin/cmake --build /home/arpan/unitree2/unitree_sdk2/utlidar_slam/build/utlidar_launcher -- -j12 -l12
[1.165s] Invoking command in '/home/arpan/unitree2/unitree_sdk2/utlidar_slam/build/utlidar_launcher': CMAKE_PREFIX_PATH=${CMAKE_PREFIX_PATH}:/home/arpan/unitree2/unitree_sdk2/utlidar_slam/install/qos_relay:/home/arpan/unitree2/mid360_slam_ws/install/scan_qos_relay:/home/arpan/unitree2/mid360_slam_ws/install/mid360_slam:/home/arpan/unitree2/fast-lio-ws/install/go2_nav_helper:/home/arpan/turtlebot3_ws/install/turtlebot3_teleop:/home/arpan/turtlebot3_ws/install/turtlebot3_example:/opt/ros/humble /usr/bin/cmake --install /home/arpan/unitree2/unitree_sdk2/utlidar_slam/build/utlidar_launcher
[1.174s] -- Install configuration: ""
[1.174s] -- Installing: /home/arpan/unitree2/unitree_sdk2/utlidar_slam/install/utlidar_launcher/share/utlidar_launcher/launch
[1.174s] -- Installing: /home/arpan/unitree2/unitree_sdk2/utlidar_slam/install/utlidar_launcher/share/utlidar_launcher/launch/slam.launch.py
[1.174s] -- Installing: /home/arpan/unitree2/unitree_sdk2/utlidar_slam/install/utlidar_launcher/share/utlidar_launcher/config
[1.174s] -- Installing: /home/arpan/unitree2/unitree_sdk2/utlidar_slam/install/utlidar_launcher/share/utlidar_launcher/config/slam_mapper_params.yaml
[1.175s] -- Installing: /home/arpan/unitree2/unitree_sdk2/utlidar_slam/install/utlidar_launcher/share/utlidar_launcher/config/pointcloud_to_laserscan_params.yaml
[1.175s] -- Installing: /home/arpan/unitree2/unitree_sdk2/utlidar_slam/install/utlidar_launcher/share/utlidar_launcher/rviz
[1.175s] -- Installing: /home/arpan/unitree2/unitree_sdk2/utlidar_slam/install/utlidar_launcher/share/utlidar_launcher/rviz/slam_config.rviz
[1.175s] -- Installing: /home/arpan/unitree2/unitree_sdk2/utlidar_slam/install/utlidar_launcher/share/ament_index/resource_index/package_run_dependencies/utlidar_launcher
[1.175s] -- Installing: /home/arpan/unitree2/unitree_sdk2/utlidar_slam/install/utlidar_launcher/share/ament_index/resource_index/parent_prefix_path/utlidar_launcher
[1.175s] -- Installing: /home/arpan/unitree2/unitree_sdk2/utlidar_slam/install/utlidar_launcher/share/utlidar_launcher/environment/ament_prefix_path.sh
[1.176s] -- Installing: /home/arpan/unitree2/unitree_sdk2/utlidar_slam/install/utlidar_launcher/share/utlidar_launcher/environment/ament_prefix_path.dsv
[1.176s] -- Installing: /home/arpan/unitree2/unitree_sdk2/utlidar_slam/install/utlidar_launcher/share/utlidar_launcher/environment/path.sh
[1.176s] -- Installing: /home/arpan/unitree2/unitree_sdk2/utlidar_slam/install/utlidar_launcher/share/utlidar_launcher/environment/path.dsv
[1.176s] -- Installing: /home/arpan/unitree2/unitree_sdk2/utlidar_slam/install/utlidar_launcher/share/utlidar_launcher/local_setup.bash
[1.176s] -- Installing: /home/arpan/unitree2/unitree_sdk2/utlidar_slam/install/utlidar_launcher/share/utlidar_launcher/local_setup.sh
[1.176s] -- Installing: /home/arpan/unitree2/unitree_sdk2/utlidar_slam/install/utlidar_launcher/share/utlidar_launcher/local_setup.zsh
[1.176s] -- Installing: /home/arpan/unitree2/unitree_sdk2/utlidar_slam/install/utlidar_launcher/share/utlidar_launcher/local_setup.dsv
[1.177s] -- Installing: /home/arpan/unitree2/unitree_sdk2/utlidar_slam/install/utlidar_launcher/share/utlidar_launcher/package.dsv
[1.177s] -- Installing: /home/arpan/unitree2/unitree_sdk2/utlidar_slam/install/utlidar_launcher/share/ament_index/resource_index/packages/utlidar_launcher
[1.177s] -- Installing: /home/arpan/unitree2/unitree_sdk2/utlidar_slam/install/utlidar_launcher/share/utlidar_launcher/cmake/utlidar_launcherConfig.cmake
[1.177s] -- Installing: /home/arpan/unitree2/unitree_sdk2/utlidar_slam/install/utlidar_launcher/share/utlidar_launcher/cmake/utlidar_launcherConfig-version.cmake
[1.177s] -- Installing: /home/arpan/unitree2/unitree_sdk2/utlidar_slam/install/utlidar_launcher/share/utlidar_launcher/package.xml
[1.179s] Invoked command in '/home/arpan/unitree2/unitree_sdk2/utlidar_slam/build/utlidar_launcher' returned '0': CMAKE_PREFIX_PATH=${CMAKE_PREFIX_PATH}:/home/arpan/unitree2/unitree_sdk2/utlidar_slam/install/qos_relay:/home/arpan/unitree2/mid360_slam_ws/install/scan_qos_relay:/home/arpan/unitree2/mid360_slam_ws/install/mid360_slam:/home/arpan/unitree2/fast-lio-ws/install/go2_nav_helper:/home/arpan/turtlebot3_ws/install/turtlebot3_teleop:/home/arpan/turtlebot3_ws/install/turtlebot3_example:/opt/ros/humble /usr/bin/cmake --install /home/arpan/unitree2/unitree_sdk2/utlidar_slam/build/utlidar_launcher
