[0.231s] [34mcolcon[0m [1;30mDEBUG[0m [32mCommand line arguments: ['/usr/bin/colcon', 'build'][0m
[0.231s] [34mcolcon[0m [1;30mDEBUG[0m [32mParsed command line arguments: Namespace(log_base=None, log_level=None, verb_name='build', build_base='build', install_base='install', merge_install=False, symlink_install=False, test_result_base=None, continue_on_error=False, executor='parallel', parallel_workers=12, event_handlers=None, ignore_user_meta=False, metas=['./colcon.meta'], base_paths=['.'], packages_ignore=None, packages_ignore_regex=None, paths=None, packages_up_to=None, packages_up_to_regex=None, packages_above=None, packages_above_and_dependencies=None, packages_above_depth=None, packages_select_by_dep=None, packages_skip_by_dep=None, packages_skip_up_to=None, packages_select_build_failed=False, packages_skip_build_finished=False, packages_select_test_failures=False, packages_skip_test_passed=False, packages_select=None, packages_skip=None, packages_select_regex=None, packages_skip_regex=None, packages_start=None, packages_end=None, allow_overriding=[], cmake_args=None, cmake_target=None, cmake_target_skip_unavailable=False, cmake_clean_cache=False, cmake_clean_first=False, cmake_force_configure=False, ament_cmake_args=None, catkin_cmake_args=None, catkin_skip_building_tests=False, mixin_files=None, mixin=None, verb_parser=<colcon_mixin.mixin.mixin_argument.MixinArgumentDecorator object at 0x7a5071a6ef20>, verb_extension=<colcon_core.verb.build.BuildVerb object at 0x7a5071a6feb0>, main=<bound method BuildVerb.main of <colcon_core.verb.build.BuildVerb object at 0x7a5071a6feb0>>, mixin_verb=('build',))[0m
[0.460s] [34mcolcon.colcon_core.package_discovery[0m [1;30mLevel 1[0m discover_packages(colcon_meta) check parameters
[0.460s] [34mcolcon.colcon_core.package_discovery[0m [1;30mLevel 1[0m discover_packages(recursive) check parameters
[0.460s] [34mcolcon.colcon_core.package_discovery[0m [1;30mLevel 1[0m discover_packages(ignore) check parameters
[0.460s] [34mcolcon.colcon_core.package_discovery[0m [1;30mLevel 1[0m discover_packages(path) check parameters
[0.460s] [34mcolcon.colcon_core.package_discovery[0m [1;30mLevel 1[0m discover_packages(colcon_meta) discover
[0.460s] [34mcolcon.colcon_core.package_discovery[0m [1;30mLevel 1[0m discover_packages(recursive) discover
[0.460s] [34mcolcon.colcon_core.package_discovery[0m [1;30mINFO[0m Crawling recursively for packages in '/home/arpan/unitree2/unitree_sdk2/utlidar_slam'
[0.460s] [34mcolcon.colcon_core.package_identification[0m [1;30mLevel 1[0m _identify(.) by extensions ['ignore', 'ignore_ament_install']
[0.460s] [34mcolcon.colcon_core.package_identification[0m [1;30mLevel 1[0m _identify(.) by extension 'ignore'
[0.460s] [34mcolcon.colcon_core.package_identification[0m [1;30mLevel 1[0m _identify(.) by extension 'ignore_ament_install'
[0.461s] [34mcolcon.colcon_core.package_identification[0m [1;30mLevel 1[0m _identify(.) by extensions ['colcon_pkg']
[0.461s] [34mcolcon.colcon_core.package_identification[0m [1;30mLevel 1[0m _identify(.) by extension 'colcon_pkg'
[0.461s] [34mcolcon.colcon_core.package_identification[0m [1;30mLevel 1[0m _identify(.) by extensions ['colcon_meta']
[0.461s] [34mcolcon.colcon_core.package_identification[0m [1;30mLevel 1[0m _identify(.) by extension 'colcon_meta'
[0.461s] [34mcolcon.colcon_core.package_identification[0m [1;30mLevel 1[0m _identify(.) by extensions ['ros']
[0.461s] [34mcolcon.colcon_core.package_identification[0m [1;30mLevel 1[0m _identify(.) by extension 'ros'
[0.478s] [34mcolcon.colcon_core.package_identification[0m [1;30mLevel 1[0m _identify(.) by extensions ['cmake', 'python']
[0.478s] [34mcolcon.colcon_core.package_identification[0m [1;30mLevel 1[0m _identify(.) by extension 'cmake'
[0.478s] [34mcolcon.colcon_core.package_identification[0m [1;30mLevel 1[0m _identify(.) by extension 'python'
[0.478s] [34mcolcon.colcon_core.package_identification[0m [1;30mLevel 1[0m _identify(.) by extensions ['python_setup_py']
[0.478s] [34mcolcon.colcon_core.package_identification[0m [1;30mLevel 1[0m _identify(.) by extension 'python_setup_py'
[0.478s] [34mcolcon.colcon_core.package_identification[0m [1;30mLevel 1[0m _identify(build) by extensions ['ignore', 'ignore_ament_install']
[0.478s] [34mcolcon.colcon_core.package_identification[0m [1;30mLevel 1[0m _identify(build) by extension 'ignore'
[0.478s] [34mcolcon.colcon_core.package_identification[0m [1;30mLevel 1[0m _identify(build) ignored
[0.479s] [34mcolcon.colcon_core.package_identification[0m [1;30mLevel 1[0m _identify(install) by extensions ['ignore', 'ignore_ament_install']
[0.479s] [34mcolcon.colcon_core.package_identification[0m [1;30mLevel 1[0m _identify(install) by extension 'ignore'
[0.479s] [34mcolcon.colcon_core.package_identification[0m [1;30mLevel 1[0m _identify(install) ignored
[0.479s] [34mcolcon.colcon_core.package_identification[0m [1;30mLevel 1[0m _identify(log) by extensions ['ignore', 'ignore_ament_install']
[0.479s] [34mcolcon.colcon_core.package_identification[0m [1;30mLevel 1[0m _identify(log) by extension 'ignore'
[0.479s] [34mcolcon.colcon_core.package_identification[0m [1;30mLevel 1[0m _identify(log) ignored
[0.479s] [34mcolcon.colcon_core.package_identification[0m [1;30mLevel 1[0m _identify(src) by extensions ['ignore', 'ignore_ament_install']
[0.479s] [34mcolcon.colcon_core.package_identification[0m [1;30mLevel 1[0m _identify(src) by extension 'ignore'
[0.479s] [34mcolcon.colcon_core.package_identification[0m [1;30mLevel 1[0m _identify(src) by extension 'ignore_ament_install'
[0.479s] [34mcolcon.colcon_core.package_identification[0m [1;30mLevel 1[0m _identify(src) by extensions ['colcon_pkg']
[0.479s] [34mcolcon.colcon_core.package_identification[0m [1;30mLevel 1[0m _identify(src) by extension 'colcon_pkg'
[0.479s] [34mcolcon.colcon_core.package_identification[0m [1;30mLevel 1[0m _identify(src) by extensions ['colcon_meta']
[0.479s] [34mcolcon.colcon_core.package_identification[0m [1;30mLevel 1[0m _identify(src) by extension 'colcon_meta'
[0.479s] [34mcolcon.colcon_core.package_identification[0m [1;30mLevel 1[0m _identify(src) by extensions ['ros']
[0.479s] [34mcolcon.colcon_core.package_identification[0m [1;30mLevel 1[0m _identify(src) by extension 'ros'
[0.479s] [34mcolcon.colcon_core.package_identification[0m [1;30mLevel 1[0m _identify(src) by extensions ['cmake', 'python']
[0.479s] [34mcolcon.colcon_core.package_identification[0m [1;30mLevel 1[0m _identify(src) by extension 'cmake'
[0.479s] [34mcolcon.colcon_core.package_identification[0m [1;30mLevel 1[0m _identify(src) by extension 'python'
[0.479s] [34mcolcon.colcon_core.package_identification[0m [1;30mLevel 1[0m _identify(src) by extensions ['python_setup_py']
[0.479s] [34mcolcon.colcon_core.package_identification[0m [1;30mLevel 1[0m _identify(src) by extension 'python_setup_py'
[0.480s] [34mcolcon.colcon_core.package_identification[0m [1;30mLevel 1[0m _identify(src/build) by extensions ['ignore', 'ignore_ament_install']
[0.480s] [34mcolcon.colcon_core.package_identification[0m [1;30mLevel 1[0m _identify(src/build) by extension 'ignore'
[0.480s] [34mcolcon.colcon_core.package_identification[0m [1;30mLevel 1[0m _identify(src/build) ignored
[0.480s] [34mcolcon.colcon_core.package_identification[0m [1;30mLevel 1[0m _identify(src/go2_localization) by extensions ['ignore', 'ignore_ament_install']
[0.480s] [34mcolcon.colcon_core.package_identification[0m [1;30mLevel 1[0m _identify(src/go2_localization) by extension 'ignore'
[0.480s] [34mcolcon.colcon_core.package_identification[0m [1;30mLevel 1[0m _identify(src/go2_localization) by extension 'ignore_ament_install'
[0.480s] [34mcolcon.colcon_core.package_identification[0m [1;30mLevel 1[0m _identify(src/go2_localization) by extensions ['colcon_pkg']
[0.480s] [34mcolcon.colcon_core.package_identification[0m [1;30mLevel 1[0m _identify(src/go2_localization) by extension 'colcon_pkg'
[0.480s] [34mcolcon.colcon_core.package_identification[0m [1;30mLevel 1[0m _identify(src/go2_localization) by extensions ['colcon_meta']
[0.480s] [34mcolcon.colcon_core.package_identification[0m [1;30mLevel 1[0m _identify(src/go2_localization) by extension 'colcon_meta'
[0.480s] [34mcolcon.colcon_core.package_identification[0m [1;30mLevel 1[0m _identify(src/go2_localization) by extensions ['ros']
[0.480s] [34mcolcon.colcon_core.package_identification[0m [1;30mLevel 1[0m _identify(src/go2_localization) by extension 'ros'
[0.483s] [34mcolcon.colcon_core.package_identification[0m [1;30mDEBUG[0m [32mPackage 'src/go2_localization' with type 'ros.ament_cmake' and name 'go2_localization'[0m
[0.483s] [34mcolcon.colcon_core.package_identification[0m [1;30mLevel 1[0m _identify(src/install) by extensions ['ignore', 'ignore_ament_install']
[0.483s] [34mcolcon.colcon_core.package_identification[0m [1;30mLevel 1[0m _identify(src/install) by extension 'ignore'
[0.483s] [34mcolcon.colcon_core.package_identification[0m [1;30mLevel 1[0m _identify(src/install) ignored
[0.483s] [34mcolcon.colcon_core.package_identification[0m [1;30mLevel 1[0m _identify(src/lidar_bridge) by extensions ['ignore', 'ignore_ament_install']
[0.483s] [34mcolcon.colcon_core.package_identification[0m [1;30mLevel 1[0m _identify(src/lidar_bridge) by extension 'ignore'
[0.484s] [34mcolcon.colcon_core.package_identification[0m [1;30mLevel 1[0m _identify(src/lidar_bridge) by extension 'ignore_ament_install'
[0.484s] [34mcolcon.colcon_core.package_identification[0m [1;30mLevel 1[0m _identify(src/lidar_bridge) by extensions ['colcon_pkg']
[0.484s] [34mcolcon.colcon_core.package_identification[0m [1;30mLevel 1[0m _identify(src/lidar_bridge) by extension 'colcon_pkg'
[0.484s] [34mcolcon.colcon_core.package_identification[0m [1;30mLevel 1[0m _identify(src/lidar_bridge) by extensions ['colcon_meta']
[0.484s] [34mcolcon.colcon_core.package_identification[0m [1;30mLevel 1[0m _identify(src/lidar_bridge) by extension 'colcon_meta'
[0.484s] [34mcolcon.colcon_core.package_identification[0m [1;30mLevel 1[0m _identify(src/lidar_bridge) by extensions ['ros']
[0.484s] [34mcolcon.colcon_core.package_identification[0m [1;30mLevel 1[0m _identify(src/lidar_bridge) by extension 'ros'
[0.484s] [34mcolcon.colcon_core.package_identification[0m [1;30mDEBUG[0m [32mPackage 'src/lidar_bridge' with type 'ros.ament_cmake' and name 'lidar_bridge'[0m
[0.484s] [34mcolcon.colcon_core.package_identification[0m [1;30mLevel 1[0m _identify(src/log) by extensions ['ignore', 'ignore_ament_install']
[0.485s] [34mcolcon.colcon_core.package_identification[0m [1;30mLevel 1[0m _identify(src/log) by extension 'ignore'
[0.485s] [34mcolcon.colcon_core.package_identification[0m [1;30mLevel 1[0m _identify(src/log) ignored
[0.485s] [34mcolcon.colcon_core.package_identification[0m [1;30mLevel 1[0m _identify(src/odom_bridge) by extensions ['ignore', 'ignore_ament_install']
[0.485s] [34mcolcon.colcon_core.package_identification[0m [1;30mLevel 1[0m _identify(src/odom_bridge) by extension 'ignore'
[0.485s] [34mcolcon.colcon_core.package_identification[0m [1;30mLevel 1[0m _identify(src/odom_bridge) by extension 'ignore_ament_install'
[0.485s] [34mcolcon.colcon_core.package_identification[0m [1;30mLevel 1[0m _identify(src/odom_bridge) by extensions ['colcon_pkg']
[0.485s] [34mcolcon.colcon_core.package_identification[0m [1;30mLevel 1[0m _identify(src/odom_bridge) by extension 'colcon_pkg'
[0.485s] [34mcolcon.colcon_core.package_identification[0m [1;30mLevel 1[0m _identify(src/odom_bridge) by extensions ['colcon_meta']
[0.485s] [34mcolcon.colcon_core.package_identification[0m [1;30mLevel 1[0m _identify(src/odom_bridge) by extension 'colcon_meta'
[0.485s] [34mcolcon.colcon_core.package_identification[0m [1;30mLevel 1[0m _identify(src/odom_bridge) by extensions ['ros']
[0.485s] [34mcolcon.colcon_core.package_identification[0m [1;30mLevel 1[0m _identify(src/odom_bridge) by extension 'ros'
[0.486s] [34mcolcon.colcon_core.package_identification[0m [1;30mDEBUG[0m [32mPackage 'src/odom_bridge' with type 'ros.ament_cmake' and name 'odom_bridge'[0m
[0.486s] [34mcolcon.colcon_core.package_identification[0m [1;30mLevel 1[0m _identify(src/odom_tester) by extensions ['ignore', 'ignore_ament_install']
[0.486s] [34mcolcon.colcon_core.package_identification[0m [1;30mLevel 1[0m _identify(src/odom_tester) by extension 'ignore'
[0.486s] [34mcolcon.colcon_core.package_identification[0m [1;30mLevel 1[0m _identify(src/odom_tester) by extension 'ignore_ament_install'
[0.486s] [34mcolcon.colcon_core.package_identification[0m [1;30mLevel 1[0m _identify(src/odom_tester) by extensions ['colcon_pkg']
[0.487s] [34mcolcon.colcon_core.package_identification[0m [1;30mLevel 1[0m _identify(src/odom_tester) by extension 'colcon_pkg'
[0.487s] [34mcolcon.colcon_core.package_identification[0m [1;30mLevel 1[0m _identify(src/odom_tester) by extensions ['colcon_meta']
[0.487s] [34mcolcon.colcon_core.package_identification[0m [1;30mLevel 1[0m _identify(src/odom_tester) by extension 'colcon_meta'
[0.487s] [34mcolcon.colcon_core.package_identification[0m [1;30mLevel 1[0m _identify(src/odom_tester) by extensions ['ros']
[0.487s] [34mcolcon.colcon_core.package_identification[0m [1;30mLevel 1[0m _identify(src/odom_tester) by extension 'ros'
[0.487s] [34mcolcon.colcon_core.package_identification[0m [1;30mDEBUG[0m [32mPackage 'src/odom_tester' with type 'ros.ament_cmake' and name 'odom_tester'[0m
[0.487s] [34mcolcon.colcon_core.package_identification[0m [1;30mLevel 1[0m _identify(src/qos_relay) by extensions ['ignore', 'ignore_ament_install']
[0.487s] [34mcolcon.colcon_core.package_identification[0m [1;30mLevel 1[0m _identify(src/qos_relay) by extension 'ignore'
[0.488s] [34mcolcon.colcon_core.package_identification[0m [1;30mLevel 1[0m _identify(src/qos_relay) by extension 'ignore_ament_install'
[0.488s] [34mcolcon.colcon_core.package_identification[0m [1;30mLevel 1[0m _identify(src/qos_relay) by extensions ['colcon_pkg']
[0.488s] [34mcolcon.colcon_core.package_identification[0m [1;30mLevel 1[0m _identify(src/qos_relay) by extension 'colcon_pkg'
[0.488s] [34mcolcon.colcon_core.package_identification[0m [1;30mLevel 1[0m _identify(src/qos_relay) by extensions ['colcon_meta']
[0.488s] [34mcolcon.colcon_core.package_identification[0m [1;30mLevel 1[0m _identify(src/qos_relay) by extension 'colcon_meta'
[0.488s] [34mcolcon.colcon_core.package_identification[0m [1;30mLevel 1[0m _identify(src/qos_relay) by extensions ['ros']
[0.488s] [34mcolcon.colcon_core.package_identification[0m [1;30mLevel 1[0m _identify(src/qos_relay) by extension 'ros'
[0.488s] [34mcolcon.colcon_core.package_identification[0m [1;30mDEBUG[0m [32mPackage 'src/qos_relay' with type 'ros.ament_python' and name 'qos_relay'[0m
[0.488s] [34mcolcon.colcon_core.package_identification[0m [1;30mLevel 1[0m _identify(src/utlidar_launcher) by extensions ['ignore', 'ignore_ament_install']
[0.488s] [34mcolcon.colcon_core.package_identification[0m [1;30mLevel 1[0m _identify(src/utlidar_launcher) by extension 'ignore'
[0.488s] [34mcolcon.colcon_core.package_identification[0m [1;30mLevel 1[0m _identify(src/utlidar_launcher) by extension 'ignore_ament_install'
[0.489s] [34mcolcon.colcon_core.package_identification[0m [1;30mLevel 1[0m _identify(src/utlidar_launcher) by extensions ['colcon_pkg']
[0.489s] [34mcolcon.colcon_core.package_identification[0m [1;30mLevel 1[0m _identify(src/utlidar_launcher) by extension 'colcon_pkg'
[0.489s] [34mcolcon.colcon_core.package_identification[0m [1;30mLevel 1[0m _identify(src/utlidar_launcher) by extensions ['colcon_meta']
[0.489s] [34mcolcon.colcon_core.package_identification[0m [1;30mLevel 1[0m _identify(src/utlidar_launcher) by extension 'colcon_meta'
[0.489s] [34mcolcon.colcon_core.package_identification[0m [1;30mLevel 1[0m _identify(src/utlidar_launcher) by extensions ['ros']
[0.489s] [34mcolcon.colcon_core.package_identification[0m [1;30mLevel 1[0m _identify(src/utlidar_launcher) by extension 'ros'
[0.489s] [34mcolcon.colcon_core.package_identification[0m [1;30mDEBUG[0m [32mPackage 'src/utlidar_launcher' with type 'ros.ament_cmake' and name 'utlidar_launcher'[0m
[0.489s] [34mcolcon.colcon_core.package_discovery[0m [1;30mLevel 1[0m discover_packages(recursive) using defaults
[0.489s] [34mcolcon.colcon_core.package_discovery[0m [1;30mLevel 1[0m discover_packages(ignore) discover
[0.489s] [34mcolcon.colcon_core.package_discovery[0m [1;30mLevel 1[0m discover_packages(ignore) using defaults
[0.489s] [34mcolcon.colcon_core.package_discovery[0m [1;30mLevel 1[0m discover_packages(path) discover
[0.489s] [34mcolcon.colcon_core.package_discovery[0m [1;30mLevel 1[0m discover_packages(path) using defaults
[0.509s] [34mcolcon.colcon_core.package_discovery[0m [1;30mLevel 1[0m discover_packages(prefix_path) check parameters
[0.509s] [34mcolcon.colcon_core.package_discovery[0m [1;30mLevel 1[0m discover_packages(prefix_path) discover
[0.514s] [34mcolcon.colcon_installed_package_information.package_discovery[0m [1;30mDEBUG[0m [32mFound 4 installed packages in /home/arpan/unitree2/mid360_slamming_ws/install[0m
[0.514s] [34mcolcon.colcon_installed_package_information.package_discovery[0m [1;30mDEBUG[0m [32mFound 2 installed packages in /home/arpan/unitree2/mid360_slam_ws/install[0m
[0.515s] [34mcolcon.colcon_installed_package_information.package_discovery[0m [1;30mDEBUG[0m [32mFound 2 installed packages in /home/arpan/unitree2/fast-lio-ws/install[0m
[0.515s] [34mcolcon.colcon_installed_package_information.package_discovery[0m [1;30mDEBUG[0m [32mFound 12 installed packages in /home/arpan/turtlebot3_ws/install[0m
[0.516s] [34mcolcon.colcon_installed_package_information.package_discovery[0m [1;30mDEBUG[0m [32mFound 1 installed packages in /home/arpan/unitree2/ws_livox/install[0m
[0.517s] [34mcolcon.colcon_installed_package_information.package_discovery[0m [1;30mDEBUG[0m [32mFound 368 installed packages in /opt/ros/humble[0m
[0.518s] [34mcolcon.colcon_core.package_discovery[0m [1;30mLevel 1[0m discover_packages(prefix_path) using defaults
[0.564s] [34mcolcon.colcon_core.verb[0m [1;30mLevel 5[0m set package 'go2_localization' build argument 'cmake_args' from command line to 'None'
[0.564s] [34mcolcon.colcon_core.verb[0m [1;30mLevel 5[0m set package 'go2_localization' build argument 'cmake_target' from command line to 'None'
[0.564s] [34mcolcon.colcon_core.verb[0m [1;30mLevel 5[0m set package 'go2_localization' build argument 'cmake_target_skip_unavailable' from command line to 'False'
[0.564s] [34mcolcon.colcon_core.verb[0m [1;30mLevel 5[0m set package 'go2_localization' build argument 'cmake_clean_cache' from command line to 'False'
[0.564s] [34mcolcon.colcon_core.verb[0m [1;30mLevel 5[0m set package 'go2_localization' build argument 'cmake_clean_first' from command line to 'False'
[0.564s] [34mcolcon.colcon_core.verb[0m [1;30mLevel 5[0m set package 'go2_localization' build argument 'cmake_force_configure' from command line to 'False'
[0.564s] [34mcolcon.colcon_core.verb[0m [1;30mLevel 5[0m set package 'go2_localization' build argument 'ament_cmake_args' from command line to 'None'
[0.564s] [34mcolcon.colcon_core.verb[0m [1;30mLevel 5[0m set package 'go2_localization' build argument 'catkin_cmake_args' from command line to 'None'
[0.564s] [34mcolcon.colcon_core.verb[0m [1;30mLevel 5[0m set package 'go2_localization' build argument 'catkin_skip_building_tests' from command line to 'False'
[0.564s] [34mcolcon.colcon_core.verb[0m [1;30mDEBUG[0m [32mBuilding package 'go2_localization' with the following arguments: {'ament_cmake_args': None, 'build_base': '/home/arpan/unitree2/unitree_sdk2/utlidar_slam/build/go2_localization', 'catkin_cmake_args': None, 'catkin_skip_building_tests': False, 'cmake_args': None, 'cmake_clean_cache': False, 'cmake_clean_first': False, 'cmake_force_configure': False, 'cmake_target': None, 'cmake_target_skip_unavailable': False, 'install_base': '/home/arpan/unitree2/unitree_sdk2/utlidar_slam/install/go2_localization', 'merge_install': False, 'path': '/home/arpan/unitree2/unitree_sdk2/utlidar_slam/src/go2_localization', 'symlink_install': False, 'test_result_base': None}[0m
[0.564s] [34mcolcon.colcon_core.verb[0m [1;30mLevel 5[0m set package 'lidar_bridge' build argument 'cmake_args' from command line to 'None'
[0.565s] [34mcolcon.colcon_core.verb[0m [1;30mLevel 5[0m set package 'lidar_bridge' build argument 'cmake_target' from command line to 'None'
[0.565s] [34mcolcon.colcon_core.verb[0m [1;30mLevel 5[0m set package 'lidar_bridge' build argument 'cmake_target_skip_unavailable' from command line to 'False'
[0.565s] [34mcolcon.colcon_core.verb[0m [1;30mLevel 5[0m set package 'lidar_bridge' build argument 'cmake_clean_cache' from command line to 'False'
[0.565s] [34mcolcon.colcon_core.verb[0m [1;30mLevel 5[0m set package 'lidar_bridge' build argument 'cmake_clean_first' from command line to 'False'
[0.565s] [34mcolcon.colcon_core.verb[0m [1;30mLevel 5[0m set package 'lidar_bridge' build argument 'cmake_force_configure' from command line to 'False'
[0.565s] [34mcolcon.colcon_core.verb[0m [1;30mLevel 5[0m set package 'lidar_bridge' build argument 'ament_cmake_args' from command line to 'None'
[0.565s] [34mcolcon.colcon_core.verb[0m [1;30mLevel 5[0m set package 'lidar_bridge' build argument 'catkin_cmake_args' from command line to 'None'
[0.565s] [34mcolcon.colcon_core.verb[0m [1;30mLevel 5[0m set package 'lidar_bridge' build argument 'catkin_skip_building_tests' from command line to 'False'
[0.565s] [34mcolcon.colcon_core.verb[0m [1;30mDEBUG[0m [32mBuilding package 'lidar_bridge' with the following arguments: {'ament_cmake_args': None, 'build_base': '/home/arpan/unitree2/unitree_sdk2/utlidar_slam/build/lidar_bridge', 'catkin_cmake_args': None, 'catkin_skip_building_tests': False, 'cmake_args': None, 'cmake_clean_cache': False, 'cmake_clean_first': False, 'cmake_force_configure': False, 'cmake_target': None, 'cmake_target_skip_unavailable': False, 'install_base': '/home/arpan/unitree2/unitree_sdk2/utlidar_slam/install/lidar_bridge', 'merge_install': False, 'path': '/home/arpan/unitree2/unitree_sdk2/utlidar_slam/src/lidar_bridge', 'symlink_install': False, 'test_result_base': None}[0m
[0.565s] [34mcolcon.colcon_core.verb[0m [1;30mLevel 5[0m set package 'odom_bridge' build argument 'cmake_args' from command line to 'None'
[0.565s] [34mcolcon.colcon_core.verb[0m [1;30mLevel 5[0m set package 'odom_bridge' build argument 'cmake_target' from command line to 'None'
[0.565s] [34mcolcon.colcon_core.verb[0m [1;30mLevel 5[0m set package 'odom_bridge' build argument 'cmake_target_skip_unavailable' from command line to 'False'
[0.565s] [34mcolcon.colcon_core.verb[0m [1;30mLevel 5[0m set package 'odom_bridge' build argument 'cmake_clean_cache' from command line to 'False'
[0.565s] [34mcolcon.colcon_core.verb[0m [1;30mLevel 5[0m set package 'odom_bridge' build argument 'cmake_clean_first' from command line to 'False'
[0.565s] [34mcolcon.colcon_core.verb[0m [1;30mLevel 5[0m set package 'odom_bridge' build argument 'cmake_force_configure' from command line to 'False'
[0.565s] [34mcolcon.colcon_core.verb[0m [1;30mLevel 5[0m set package 'odom_bridge' build argument 'ament_cmake_args' from command line to 'None'
[0.565s] [34mcolcon.colcon_core.verb[0m [1;30mLevel 5[0m set package 'odom_bridge' build argument 'catkin_cmake_args' from command line to 'None'
[0.565s] [34mcolcon.colcon_core.verb[0m [1;30mLevel 5[0m set package 'odom_bridge' build argument 'catkin_skip_building_tests' from command line to 'False'
[0.565s] [34mcolcon.colcon_core.verb[0m [1;30mDEBUG[0m [32mBuilding package 'odom_bridge' with the following arguments: {'ament_cmake_args': None, 'build_base': '/home/arpan/unitree2/unitree_sdk2/utlidar_slam/build/odom_bridge', 'catkin_cmake_args': None, 'catkin_skip_building_tests': False, 'cmake_args': None, 'cmake_clean_cache': False, 'cmake_clean_first': False, 'cmake_force_configure': False, 'cmake_target': None, 'cmake_target_skip_unavailable': False, 'install_base': '/home/arpan/unitree2/unitree_sdk2/utlidar_slam/install/odom_bridge', 'merge_install': False, 'path': '/home/arpan/unitree2/unitree_sdk2/utlidar_slam/src/odom_bridge', 'symlink_install': False, 'test_result_base': None}[0m
[0.565s] [34mcolcon.colcon_core.verb[0m [1;30mLevel 5[0m set package 'odom_tester' build argument 'cmake_args' from command line to 'None'
[0.566s] [34mcolcon.colcon_core.verb[0m [1;30mLevel 5[0m set package 'odom_tester' build argument 'cmake_target' from command line to 'None'
[0.566s] [34mcolcon.colcon_core.verb[0m [1;30mLevel 5[0m set package 'odom_tester' build argument 'cmake_target_skip_unavailable' from command line to 'False'
[0.566s] [34mcolcon.colcon_core.verb[0m [1;30mLevel 5[0m set package 'odom_tester' build argument 'cmake_clean_cache' from command line to 'False'
[0.566s] [34mcolcon.colcon_core.verb[0m [1;30mLevel 5[0m set package 'odom_tester' build argument 'cmake_clean_first' from command line to 'False'
[0.566s] [34mcolcon.colcon_core.verb[0m [1;30mLevel 5[0m set package 'odom_tester' build argument 'cmake_force_configure' from command line to 'False'
[0.566s] [34mcolcon.colcon_core.verb[0m [1;30mLevel 5[0m set package 'odom_tester' build argument 'ament_cmake_args' from command line to 'None'
[0.566s] [34mcolcon.colcon_core.verb[0m [1;30mLevel 5[0m set package 'odom_tester' build argument 'catkin_cmake_args' from command line to 'None'
[0.566s] [34mcolcon.colcon_core.verb[0m [1;30mLevel 5[0m set package 'odom_tester' build argument 'catkin_skip_building_tests' from command line to 'False'
[0.566s] [34mcolcon.colcon_core.verb[0m [1;30mDEBUG[0m [32mBuilding package 'odom_tester' with the following arguments: {'ament_cmake_args': None, 'build_base': '/home/arpan/unitree2/unitree_sdk2/utlidar_slam/build/odom_tester', 'catkin_cmake_args': None, 'catkin_skip_building_tests': False, 'cmake_args': None, 'cmake_clean_cache': False, 'cmake_clean_first': False, 'cmake_force_configure': False, 'cmake_target': None, 'cmake_target_skip_unavailable': False, 'install_base': '/home/arpan/unitree2/unitree_sdk2/utlidar_slam/install/odom_tester', 'merge_install': False, 'path': '/home/arpan/unitree2/unitree_sdk2/utlidar_slam/src/odom_tester', 'symlink_install': False, 'test_result_base': None}[0m
[0.566s] [34mcolcon.colcon_core.verb[0m [1;30mLevel 5[0m set package 'qos_relay' build argument 'cmake_args' from command line to 'None'
[0.566s] [34mcolcon.colcon_core.verb[0m [1;30mLevel 5[0m set package 'qos_relay' build argument 'cmake_target' from command line to 'None'
[0.566s] [34mcolcon.colcon_core.verb[0m [1;30mLevel 5[0m set package 'qos_relay' build argument 'cmake_target_skip_unavailable' from command line to 'False'
[0.566s] [34mcolcon.colcon_core.verb[0m [1;30mLevel 5[0m set package 'qos_relay' build argument 'cmake_clean_cache' from command line to 'False'
[0.566s] [34mcolcon.colcon_core.verb[0m [1;30mLevel 5[0m set package 'qos_relay' build argument 'cmake_clean_first' from command line to 'False'
[0.566s] [34mcolcon.colcon_core.verb[0m [1;30mLevel 5[0m set package 'qos_relay' build argument 'cmake_force_configure' from command line to 'False'
[0.566s] [34mcolcon.colcon_core.verb[0m [1;30mLevel 5[0m set package 'qos_relay' build argument 'ament_cmake_args' from command line to 'None'
[0.566s] [34mcolcon.colcon_core.verb[0m [1;30mLevel 5[0m set package 'qos_relay' build argument 'catkin_cmake_args' from command line to 'None'
[0.566s] [34mcolcon.colcon_core.verb[0m [1;30mLevel 5[0m set package 'qos_relay' build argument 'catkin_skip_building_tests' from command line to 'False'
[0.566s] [34mcolcon.colcon_core.verb[0m [1;30mDEBUG[0m [32mBuilding package 'qos_relay' with the following arguments: {'ament_cmake_args': None, 'build_base': '/home/arpan/unitree2/unitree_sdk2/utlidar_slam/build/qos_relay', 'catkin_cmake_args': None, 'catkin_skip_building_tests': False, 'cmake_args': None, 'cmake_clean_cache': False, 'cmake_clean_first': False, 'cmake_force_configure': False, 'cmake_target': None, 'cmake_target_skip_unavailable': False, 'install_base': '/home/arpan/unitree2/unitree_sdk2/utlidar_slam/install/qos_relay', 'merge_install': False, 'path': '/home/arpan/unitree2/unitree_sdk2/utlidar_slam/src/qos_relay', 'symlink_install': False, 'test_result_base': None}[0m
[0.566s] [34mcolcon.colcon_core.verb[0m [1;30mLevel 5[0m set package 'utlidar_launcher' build argument 'cmake_args' from command line to 'None'
[0.566s] [34mcolcon.colcon_core.verb[0m [1;30mLevel 5[0m set package 'utlidar_launcher' build argument 'cmake_target' from command line to 'None'
[0.567s] [34mcolcon.colcon_core.verb[0m [1;30mLevel 5[0m set package 'utlidar_launcher' build argument 'cmake_target_skip_unavailable' from command line to 'False'
[0.567s] [34mcolcon.colcon_core.verb[0m [1;30mLevel 5[0m set package 'utlidar_launcher' build argument 'cmake_clean_cache' from command line to 'False'
[0.567s] [34mcolcon.colcon_core.verb[0m [1;30mLevel 5[0m set package 'utlidar_launcher' build argument 'cmake_clean_first' from command line to 'False'
[0.567s] [34mcolcon.colcon_core.verb[0m [1;30mLevel 5[0m set package 'utlidar_launcher' build argument 'cmake_force_configure' from command line to 'False'
[0.567s] [34mcolcon.colcon_core.verb[0m [1;30mLevel 5[0m set package 'utlidar_launcher' build argument 'ament_cmake_args' from command line to 'None'
[0.567s] [34mcolcon.colcon_core.verb[0m [1;30mLevel 5[0m set package 'utlidar_launcher' build argument 'catkin_cmake_args' from command line to 'None'
[0.567s] [34mcolcon.colcon_core.verb[0m [1;30mLevel 5[0m set package 'utlidar_launcher' build argument 'catkin_skip_building_tests' from command line to 'False'
[0.567s] [34mcolcon.colcon_core.verb[0m [1;30mDEBUG[0m [32mBuilding package 'utlidar_launcher' with the following arguments: {'ament_cmake_args': None, 'build_base': '/home/arpan/unitree2/unitree_sdk2/utlidar_slam/build/utlidar_launcher', 'catkin_cmake_args': None, 'catkin_skip_building_tests': False, 'cmake_args': None, 'cmake_clean_cache': False, 'cmake_clean_first': False, 'cmake_force_configure': False, 'cmake_target': None, 'cmake_target_skip_unavailable': False, 'install_base': '/home/arpan/unitree2/unitree_sdk2/utlidar_slam/install/utlidar_launcher', 'merge_install': False, 'path': '/home/arpan/unitree2/unitree_sdk2/utlidar_slam/src/utlidar_launcher', 'symlink_install': False, 'test_result_base': None}[0m
[0.567s] [34mcolcon.colcon_core.executor[0m [1;30mINFO[0m Executing jobs using 'parallel' executor
[0.568s] [34mcolcon.colcon_parallel_executor.executor.parallel[0m [1;30mDEBUG[0m [32mrun_until_complete[0m
[0.568s] [34mcolcon.colcon_ros.task.ament_cmake.build[0m [1;30mINFO[0m Building ROS package in '/home/arpan/unitree2/unitree_sdk2/utlidar_slam/src/go2_localization' with build type 'ament_cmake'
[0.568s] [34mcolcon.colcon_cmake.task.cmake.build[0m [1;30mINFO[0m Building CMake package in '/home/arpan/unitree2/unitree_sdk2/utlidar_slam/src/go2_localization'
[0.574s] [34mcolcon.colcon_core.plugin_system[0m [1;30mINFO[0m Skipping extension 'colcon_core.shell.bat': Not used on non-Windows systems
[0.574s] [34mcolcon.colcon_core.shell[0m [1;30mINFO[0m Skip shell extension 'powershell' for command environment: Not usable outside of PowerShell
[0.574s] [34mcolcon.colcon_core.shell[0m [1;30mDEBUG[0m [32mSkip shell extension 'dsv' for command environment[0m
[0.580s] [34mcolcon.colcon_ros.task.ament_cmake.build[0m [1;30mINFO[0m Building ROS package in '/home/arpan/unitree2/unitree_sdk2/utlidar_slam/src/lidar_bridge' with build type 'ament_cmake'
[0.580s] [34mcolcon.colcon_cmake.task.cmake.build[0m [1;30mINFO[0m Building CMake package in '/home/arpan/unitree2/unitree_sdk2/utlidar_slam/src/lidar_bridge'
[0.580s] [34mcolcon.colcon_core.shell[0m [1;30mINFO[0m Skip shell extension 'powershell' for command environment: Not usable outside of PowerShell
[0.580s] [34mcolcon.colcon_core.shell[0m [1;30mDEBUG[0m [32mSkip shell extension 'dsv' for command environment[0m
[0.586s] [34mcolcon.colcon_ros.task.ament_cmake.build[0m [1;30mINFO[0m Building ROS package in '/home/arpan/unitree2/unitree_sdk2/utlidar_slam/src/odom_bridge' with build type 'ament_cmake'
[0.586s] [34mcolcon.colcon_cmake.task.cmake.build[0m [1;30mINFO[0m Building CMake package in '/home/arpan/unitree2/unitree_sdk2/utlidar_slam/src/odom_bridge'
[0.586s] [34mcolcon.colcon_core.shell[0m [1;30mINFO[0m Skip shell extension 'powershell' for command environment: Not usable outside of PowerShell
[0.586s] [34mcolcon.colcon_core.shell[0m [1;30mDEBUG[0m [32mSkip shell extension 'dsv' for command environment[0m
[0.591s] [34mcolcon.colcon_ros.task.ament_cmake.build[0m [1;30mINFO[0m Building ROS package in '/home/arpan/unitree2/unitree_sdk2/utlidar_slam/src/odom_tester' with build type 'ament_cmake'
[0.591s] [34mcolcon.colcon_cmake.task.cmake.build[0m [1;30mINFO[0m Building CMake package in '/home/arpan/unitree2/unitree_sdk2/utlidar_slam/src/odom_tester'
[0.591s] [34mcolcon.colcon_core.shell[0m [1;30mINFO[0m Skip shell extension 'powershell' for command environment: Not usable outside of PowerShell
[0.591s] [34mcolcon.colcon_core.shell[0m [1;30mDEBUG[0m [32mSkip shell extension 'dsv' for command environment[0m
[0.597s] [34mcolcon.colcon_ros.task.ament_python.build[0m [1;30mINFO[0m Building ROS package in '/home/arpan/unitree2/unitree_sdk2/utlidar_slam/src/qos_relay' with build type 'ament_python'
[0.597s] [34mcolcon.colcon_core.shell[0m [1;30mLevel 1[0m create_environment_hook('qos_relay', 'ament_prefix_path')
[0.598s] [34mcolcon.colcon_core.shell[0m [1;30mINFO[0m Creating environment hook '/home/arpan/unitree2/unitree_sdk2/utlidar_slam/install/qos_relay/share/qos_relay/hook/ament_prefix_path.ps1'
[0.598s] [34mcolcon.colcon_core.shell[0m [1;30mINFO[0m Creating environment descriptor '/home/arpan/unitree2/unitree_sdk2/utlidar_slam/install/qos_relay/share/qos_relay/hook/ament_prefix_path.dsv'
[0.599s] [34mcolcon.colcon_core.shell[0m [1;30mINFO[0m Creating environment hook '/home/arpan/unitree2/unitree_sdk2/utlidar_slam/install/qos_relay/share/qos_relay/hook/ament_prefix_path.sh'
[0.600s] [34mcolcon.colcon_core.shell[0m [1;30mINFO[0m Skip shell extension 'powershell' for command environment: Not usable outside of PowerShell
[0.600s] [34mcolcon.colcon_core.shell[0m [1;30mDEBUG[0m [32mSkip shell extension 'dsv' for command environment[0m
[0.605s] [34mcolcon.colcon_ros.task.ament_cmake.build[0m [1;30mINFO[0m Building ROS package in '/home/arpan/unitree2/unitree_sdk2/utlidar_slam/src/utlidar_launcher' with build type 'ament_cmake'
[0.605s] [34mcolcon.colcon_cmake.task.cmake.build[0m [1;30mINFO[0m Building CMake package in '/home/arpan/unitree2/unitree_sdk2/utlidar_slam/src/utlidar_launcher'
[0.606s] [34mcolcon.colcon_core.shell[0m [1;30mINFO[0m Skip shell extension 'powershell' for command environment: Not usable outside of PowerShell
[0.606s] [34mcolcon.colcon_core.shell[0m [1;30mDEBUG[0m [32mSkip shell extension 'dsv' for command environment[0m
[0.615s] [34mcolcon.colcon_core.event_handler.log_command[0m [1;30mDEBUG[0m [32mInvoking command in '/home/arpan/unitree2/unitree_sdk2/utlidar_slam/build/go2_localization': CMAKE_PREFIX_PATH=${CMAKE_PREFIX_PATH}:/home/arpan/unitree2/mid360_slamming_ws/install/scan_qos_relay:/home/arpan/unitree2/mid360_slamming_ws/install/mid360_slam:/home/arpan/unitree2/mid360_slam_ws/install/scan_qos_relay:/home/arpan/unitree2/mid360_slam_ws/install/mid360_slam:/home/arpan/unitree2/fast-lio-ws/install/go2_nav_helper:/home/arpan/turtlebot3_ws/install/turtlebot3_teleop:/home/arpan/turtlebot3_ws/install/turtlebot3_example:/opt/ros/humble /usr/bin/cmake --build /home/arpan/unitree2/unitree_sdk2/utlidar_slam/build/go2_localization -- -j12 -l12[0m
[0.619s] [34mcolcon.colcon_core.event_handler.log_command[0m [1;30mDEBUG[0m [32mInvoking command in '/home/arpan/unitree2/unitree_sdk2/utlidar_slam/build/lidar_bridge': CMAKE_PREFIX_PATH=${CMAKE_PREFIX_PATH}:/home/arpan/unitree2/mid360_slamming_ws/install/scan_qos_relay:/home/arpan/unitree2/mid360_slamming_ws/install/mid360_slam:/home/arpan/unitree2/mid360_slam_ws/install/scan_qos_relay:/home/arpan/unitree2/mid360_slam_ws/install/mid360_slam:/home/arpan/unitree2/fast-lio-ws/install/go2_nav_helper:/home/arpan/turtlebot3_ws/install/turtlebot3_teleop:/home/arpan/turtlebot3_ws/install/turtlebot3_example:/opt/ros/humble /usr/bin/cmake --build /home/arpan/unitree2/unitree_sdk2/utlidar_slam/build/lidar_bridge -- -j12 -l12[0m
[0.621s] [34mcolcon.colcon_core.event_handler.log_command[0m [1;30mDEBUG[0m [32mInvoking command in '/home/arpan/unitree2/unitree_sdk2/utlidar_slam/build/odom_bridge': CMAKE_PREFIX_PATH=${CMAKE_PREFIX_PATH}:/home/arpan/unitree2/mid360_slamming_ws/install/scan_qos_relay:/home/arpan/unitree2/mid360_slamming_ws/install/mid360_slam:/home/arpan/unitree2/mid360_slam_ws/install/scan_qos_relay:/home/arpan/unitree2/mid360_slam_ws/install/mid360_slam:/home/arpan/unitree2/fast-lio-ws/install/go2_nav_helper:/home/arpan/turtlebot3_ws/install/turtlebot3_teleop:/home/arpan/turtlebot3_ws/install/turtlebot3_example:/opt/ros/humble /usr/bin/cmake --build /home/arpan/unitree2/unitree_sdk2/utlidar_slam/build/odom_bridge -- -j12 -l12[0m
[0.624s] [34mcolcon.colcon_core.event_handler.log_command[0m [1;30mDEBUG[0m [32mInvoking command in '/home/arpan/unitree2/unitree_sdk2/utlidar_slam/build/odom_tester': CMAKE_PREFIX_PATH=${CMAKE_PREFIX_PATH}:/home/arpan/unitree2/mid360_slamming_ws/install/scan_qos_relay:/home/arpan/unitree2/mid360_slamming_ws/install/mid360_slam:/home/arpan/unitree2/mid360_slam_ws/install/scan_qos_relay:/home/arpan/unitree2/mid360_slam_ws/install/mid360_slam:/home/arpan/unitree2/fast-lio-ws/install/go2_nav_helper:/home/arpan/turtlebot3_ws/install/turtlebot3_teleop:/home/arpan/turtlebot3_ws/install/turtlebot3_example:/opt/ros/humble /usr/bin/cmake --build /home/arpan/unitree2/unitree_sdk2/utlidar_slam/build/odom_tester -- -j12 -l12[0m
[0.922s] [34mcolcon.colcon_core.task.python.build[0m [1;30mINFO[0m Building Python package in '/home/arpan/unitree2/unitree_sdk2/utlidar_slam/src/qos_relay'
[0.923s] [34mcolcon.colcon_core.shell[0m [1;30mINFO[0m Skip shell extension 'powershell' for command environment: Not usable outside of PowerShell
[0.923s] [34mcolcon.colcon_core.shell[0m [1;30mDEBUG[0m [32mSkip shell extension 'dsv' for command environment[0m
[0.935s] [34mcolcon.colcon_core.event_handler.log_command[0m [1;30mDEBUG[0m [32mInvoking command in '/home/arpan/unitree2/unitree_sdk2/utlidar_slam/build/utlidar_launcher': CMAKE_PREFIX_PATH=${CMAKE_PREFIX_PATH}:/home/arpan/unitree2/mid360_slamming_ws/install/scan_qos_relay:/home/arpan/unitree2/mid360_slamming_ws/install/mid360_slam:/home/arpan/unitree2/mid360_slam_ws/install/scan_qos_relay:/home/arpan/unitree2/mid360_slam_ws/install/mid360_slam:/home/arpan/unitree2/fast-lio-ws/install/go2_nav_helper:/home/arpan/turtlebot3_ws/install/turtlebot3_teleop:/home/arpan/turtlebot3_ws/install/turtlebot3_example:/opt/ros/humble /usr/bin/cmake --build /home/arpan/unitree2/unitree_sdk2/utlidar_slam/build/utlidar_launcher -- -j12 -l12[0m
[0.935s] [34mcolcon.colcon_core.event_handler.log_command[0m [1;30mDEBUG[0m [32mInvoked command in '/home/arpan/unitree2/unitree_sdk2/utlidar_slam/build/go2_localization' returned '0': CMAKE_PREFIX_PATH=${CMAKE_PREFIX_PATH}:/home/arpan/unitree2/mid360_slamming_ws/install/scan_qos_relay:/home/arpan/unitree2/mid360_slamming_ws/install/mid360_slam:/home/arpan/unitree2/mid360_slam_ws/install/scan_qos_relay:/home/arpan/unitree2/mid360_slam_ws/install/mid360_slam:/home/arpan/unitree2/fast-lio-ws/install/go2_nav_helper:/home/arpan/turtlebot3_ws/install/turtlebot3_teleop:/home/arpan/turtlebot3_ws/install/turtlebot3_example:/opt/ros/humble /usr/bin/cmake --build /home/arpan/unitree2/unitree_sdk2/utlidar_slam/build/go2_localization -- -j12 -l12[0m
[0.945s] [34mcolcon.colcon_core.event_handler.log_command[0m [1;30mDEBUG[0m [32mInvoking command in '/home/arpan/unitree2/unitree_sdk2/utlidar_slam/build/go2_localization': CMAKE_PREFIX_PATH=${CMAKE_PREFIX_PATH}:/home/arpan/unitree2/mid360_slamming_ws/install/scan_qos_relay:/home/arpan/unitree2/mid360_slamming_ws/install/mid360_slam:/home/arpan/unitree2/mid360_slam_ws/install/scan_qos_relay:/home/arpan/unitree2/mid360_slam_ws/install/mid360_slam:/home/arpan/unitree2/fast-lio-ws/install/go2_nav_helper:/home/arpan/turtlebot3_ws/install/turtlebot3_teleop:/home/arpan/turtlebot3_ws/install/turtlebot3_example:/opt/ros/humble /usr/bin/cmake --install /home/arpan/unitree2/unitree_sdk2/utlidar_slam/build/go2_localization[0m
[0.955s] [34mcolcon.colcon_core.environment[0m [1;30mLevel 1[0m create_environment_scripts_only(go2_localization)
[0.956s] [34mcolcon.colcon_core.event_handler.log_command[0m [1;30mDEBUG[0m [32mInvoked command in '/home/arpan/unitree2/unitree_sdk2/utlidar_slam/build/go2_localization' returned '0': CMAKE_PREFIX_PATH=${CMAKE_PREFIX_PATH}:/home/arpan/unitree2/mid360_slamming_ws/install/scan_qos_relay:/home/arpan/unitree2/mid360_slamming_ws/install/mid360_slam:/home/arpan/unitree2/mid360_slam_ws/install/scan_qos_relay:/home/arpan/unitree2/mid360_slam_ws/install/mid360_slam:/home/arpan/unitree2/fast-lio-ws/install/go2_nav_helper:/home/arpan/turtlebot3_ws/install/turtlebot3_teleop:/home/arpan/turtlebot3_ws/install/turtlebot3_example:/opt/ros/humble /usr/bin/cmake --install /home/arpan/unitree2/unitree_sdk2/utlidar_slam/build/go2_localization[0m
[0.965s] [34mcolcon.colcon_core.environment[0m [1;30mLevel 1[0m checking '/home/arpan/unitree2/unitree_sdk2/utlidar_slam/install/go2_localization' for CMake module files
[0.966s] [34mcolcon.colcon_core.environment[0m [1;30mLevel 1[0m checking '/home/arpan/unitree2/unitree_sdk2/utlidar_slam/install/go2_localization' for CMake config files
[0.966s] [34mcolcon.colcon_core.shell[0m [1;30mLevel 1[0m create_environment_hook('go2_localization', 'cmake_prefix_path')
[0.967s] [34mcolcon.colcon_core.shell[0m [1;30mINFO[0m Creating environment hook '/home/arpan/unitree2/unitree_sdk2/utlidar_slam/install/go2_localization/share/go2_localization/hook/cmake_prefix_path.ps1'
[0.967s] [34mcolcon.colcon_core.shell[0m [1;30mINFO[0m Creating environment descriptor '/home/arpan/unitree2/unitree_sdk2/utlidar_slam/install/go2_localization/share/go2_localization/hook/cmake_prefix_path.dsv'
[0.968s] [34mcolcon.colcon_core.shell[0m [1;30mINFO[0m Creating environment hook '/home/arpan/unitree2/unitree_sdk2/utlidar_slam/install/go2_localization/share/go2_localization/hook/cmake_prefix_path.sh'
[0.969s] [34mcolcon.colcon_core.environment[0m [1;30mLevel 1[0m checking '/home/arpan/unitree2/unitree_sdk2/utlidar_slam/install/go2_localization/bin'
[0.969s] [34mcolcon.colcon_core.environment[0m [1;30mLevel 1[0m checking '/home/arpan/unitree2/unitree_sdk2/utlidar_slam/install/go2_localization/lib/pkgconfig/go2_localization.pc'
[0.970s] [34mcolcon.colcon_core.environment[0m [1;30mLevel 1[0m checking '/home/arpan/unitree2/unitree_sdk2/utlidar_slam/install/go2_localization/lib/python3.10/site-packages'
[0.970s] [34mcolcon.colcon_core.environment[0m [1;30mLevel 1[0m checking '/home/arpan/unitree2/unitree_sdk2/utlidar_slam/install/go2_localization/bin'
[0.970s] [34mcolcon.colcon_core.shell[0m [1;30mINFO[0m Creating package script '/home/arpan/unitree2/unitree_sdk2/utlidar_slam/install/go2_localization/share/go2_localization/package.ps1'
[0.972s] [34mcolcon.colcon_core.shell[0m [1;30mINFO[0m Creating package descriptor '/home/arpan/unitree2/unitree_sdk2/utlidar_slam/install/go2_localization/share/go2_localization/package.dsv'
[0.972s] [34mcolcon.colcon_core.shell[0m [1;30mINFO[0m Creating package script '/home/arpan/unitree2/unitree_sdk2/utlidar_slam/install/go2_localization/share/go2_localization/package.sh'
[0.974s] [34mcolcon.colcon_core.shell[0m [1;30mINFO[0m Creating package script '/home/arpan/unitree2/unitree_sdk2/utlidar_slam/install/go2_localization/share/go2_localization/package.bash'
[0.975s] [34mcolcon.colcon_core.shell[0m [1;30mINFO[0m Creating package script '/home/arpan/unitree2/unitree_sdk2/utlidar_slam/install/go2_localization/share/go2_localization/package.zsh'
[0.976s] [34mcolcon.colcon_core.environment[0m [1;30mLevel 1[0m create_file_with_runtime_dependencies(/home/arpan/unitree2/unitree_sdk2/utlidar_slam/install/go2_localization/share/colcon-core/packages/go2_localization)
[0.977s] [34mcolcon.colcon_core.environment[0m [1;30mLevel 1[0m create_environment_scripts_only(go2_localization)
[0.977s] [34mcolcon.colcon_core.environment[0m [1;30mLevel 1[0m checking '/home/arpan/unitree2/unitree_sdk2/utlidar_slam/install/go2_localization' for CMake module files
[0.978s] [34mcolcon.colcon_core.environment[0m [1;30mLevel 1[0m checking '/home/arpan/unitree2/unitree_sdk2/utlidar_slam/install/go2_localization' for CMake config files
[0.978s] [34mcolcon.colcon_core.shell[0m [1;30mLevel 1[0m create_environment_hook('go2_localization', 'cmake_prefix_path')
[0.979s] [34mcolcon.colcon_core.shell[0m [1;30mINFO[0m Creating environment hook '/home/arpan/unitree2/unitree_sdk2/utlidar_slam/install/go2_localization/share/go2_localization/hook/cmake_prefix_path.ps1'
[0.979s] [34mcolcon.colcon_core.shell[0m [1;30mINFO[0m Creating environment descriptor '/home/arpan/unitree2/unitree_sdk2/utlidar_slam/install/go2_localization/share/go2_localization/hook/cmake_prefix_path.dsv'
[0.979s] [34mcolcon.colcon_core.shell[0m [1;30mINFO[0m Creating environment hook '/home/arpan/unitree2/unitree_sdk2/utlidar_slam/install/go2_localization/share/go2_localization/hook/cmake_prefix_path.sh'
[0.980s] [34mcolcon.colcon_core.environment[0m [1;30mLevel 1[0m checking '/home/arpan/unitree2/unitree_sdk2/utlidar_slam/install/go2_localization/bin'
[0.980s] [34mcolcon.colcon_core.environment[0m [1;30mLevel 1[0m checking '/home/arpan/unitree2/unitree_sdk2/utlidar_slam/install/go2_localization/lib/pkgconfig/go2_localization.pc'
[0.981s] [34mcolcon.colcon_core.environment[0m [1;30mLevel 1[0m checking '/home/arpan/unitree2/unitree_sdk2/utlidar_slam/install/go2_localization/lib/python3.10/site-packages'
[0.981s] [34mcolcon.colcon_core.environment[0m [1;30mLevel 1[0m checking '/home/arpan/unitree2/unitree_sdk2/utlidar_slam/install/go2_localization/bin'
[0.981s] [34mcolcon.colcon_core.shell[0m [1;30mINFO[0m Creating package script '/home/arpan/unitree2/unitree_sdk2/utlidar_slam/install/go2_localization/share/go2_localization/package.ps1'
[0.982s] [34mcolcon.colcon_core.shell[0m [1;30mINFO[0m Creating package descriptor '/home/arpan/unitree2/unitree_sdk2/utlidar_slam/install/go2_localization/share/go2_localization/package.dsv'
[0.982s] [34mcolcon.colcon_core.shell[0m [1;30mINFO[0m Creating package script '/home/arpan/unitree2/unitree_sdk2/utlidar_slam/install/go2_localization/share/go2_localization/package.sh'
[0.983s] [34mcolcon.colcon_core.shell[0m [1;30mINFO[0m Creating package script '/home/arpan/unitree2/unitree_sdk2/utlidar_slam/install/go2_localization/share/go2_localization/package.bash'
[0.983s] [34mcolcon.colcon_core.shell[0m [1;30mINFO[0m Creating package script '/home/arpan/unitree2/unitree_sdk2/utlidar_slam/install/go2_localization/share/go2_localization/package.zsh'
[0.984s] [34mcolcon.colcon_core.environment[0m [1;30mLevel 1[0m create_file_with_runtime_dependencies(/home/arpan/unitree2/unitree_sdk2/utlidar_slam/install/go2_localization/share/colcon-core/packages/go2_localization)
[0.985s] [34mcolcon.colcon_core.event_handler.log_command[0m [1;30mDEBUG[0m [32mInvoked command in '/home/arpan/unitree2/unitree_sdk2/utlidar_slam/build/utlidar_launcher' returned '0': CMAKE_PREFIX_PATH=${CMAKE_PREFIX_PATH}:/home/arpan/unitree2/mid360_slamming_ws/install/scan_qos_relay:/home/arpan/unitree2/mid360_slamming_ws/install/mid360_slam:/home/arpan/unitree2/mid360_slam_ws/install/scan_qos_relay:/home/arpan/unitree2/mid360_slam_ws/install/mid360_slam:/home/arpan/unitree2/fast-lio-ws/install/go2_nav_helper:/home/arpan/turtlebot3_ws/install/turtlebot3_teleop:/home/arpan/turtlebot3_ws/install/turtlebot3_example:/opt/ros/humble /usr/bin/cmake --build /home/arpan/unitree2/unitree_sdk2/utlidar_slam/build/utlidar_launcher -- -j12 -l12[0m
[0.987s] [34mcolcon.colcon_core.event_handler.log_command[0m [1;30mDEBUG[0m [32mInvoking command in '/home/arpan/unitree2/unitree_sdk2/utlidar_slam/build/utlidar_launcher': CMAKE_PREFIX_PATH=${CMAKE_PREFIX_PATH}:/home/arpan/unitree2/mid360_slamming_ws/install/scan_qos_relay:/home/arpan/unitree2/mid360_slamming_ws/install/mid360_slam:/home/arpan/unitree2/mid360_slam_ws/install/scan_qos_relay:/home/arpan/unitree2/mid360_slam_ws/install/mid360_slam:/home/arpan/unitree2/fast-lio-ws/install/go2_nav_helper:/home/arpan/turtlebot3_ws/install/turtlebot3_teleop:/home/arpan/turtlebot3_ws/install/turtlebot3_example:/opt/ros/humble /usr/bin/cmake --install /home/arpan/unitree2/unitree_sdk2/utlidar_slam/build/utlidar_launcher[0m
[0.999s] [34mcolcon.colcon_core.environment[0m [1;30mLevel 1[0m create_environment_scripts_only(utlidar_launcher)
[0.999s] [34mcolcon.colcon_core.environment[0m [1;30mLevel 1[0m checking '/home/arpan/unitree2/unitree_sdk2/utlidar_slam/install/utlidar_launcher' for CMake module files
[1.000s] [34mcolcon.colcon_core.event_handler.log_command[0m [1;30mDEBUG[0m [32mInvoked command in '/home/arpan/unitree2/unitree_sdk2/utlidar_slam/build/utlidar_launcher' returned '0': CMAKE_PREFIX_PATH=${CMAKE_PREFIX_PATH}:/home/arpan/unitree2/mid360_slamming_ws/install/scan_qos_relay:/home/arpan/unitree2/mid360_slamming_ws/install/mid360_slam:/home/arpan/unitree2/mid360_slam_ws/install/scan_qos_relay:/home/arpan/unitree2/mid360_slam_ws/install/mid360_slam:/home/arpan/unitree2/fast-lio-ws/install/go2_nav_helper:/home/arpan/turtlebot3_ws/install/turtlebot3_teleop:/home/arpan/turtlebot3_ws/install/turtlebot3_example:/opt/ros/humble /usr/bin/cmake --install /home/arpan/unitree2/unitree_sdk2/utlidar_slam/build/utlidar_launcher[0m
[1.000s] [34mcolcon.colcon_core.environment[0m [1;30mLevel 1[0m checking '/home/arpan/unitree2/unitree_sdk2/utlidar_slam/install/utlidar_launcher' for CMake config files
[1.000s] [34mcolcon.colcon_core.shell[0m [1;30mLevel 1[0m create_environment_hook('utlidar_launcher', 'cmake_prefix_path')
[1.000s] [34mcolcon.colcon_core.shell[0m [1;30mINFO[0m Creating environment hook '/home/arpan/unitree2/unitree_sdk2/utlidar_slam/install/utlidar_launcher/share/utlidar_launcher/hook/cmake_prefix_path.ps1'
[1.001s] [34mcolcon.colcon_core.shell[0m [1;30mINFO[0m Creating environment descriptor '/home/arpan/unitree2/unitree_sdk2/utlidar_slam/install/utlidar_launcher/share/utlidar_launcher/hook/cmake_prefix_path.dsv'
[1.001s] [34mcolcon.colcon_core.shell[0m [1;30mINFO[0m Creating environment hook '/home/arpan/unitree2/unitree_sdk2/utlidar_slam/install/utlidar_launcher/share/utlidar_launcher/hook/cmake_prefix_path.sh'
[1.002s] [34mcolcon.colcon_core.environment[0m [1;30mLevel 1[0m checking '/home/arpan/unitree2/unitree_sdk2/utlidar_slam/install/utlidar_launcher/bin'
[1.002s] [34mcolcon.colcon_core.environment[0m [1;30mLevel 1[0m checking '/home/arpan/unitree2/unitree_sdk2/utlidar_slam/install/utlidar_launcher/lib/pkgconfig/utlidar_launcher.pc'
[1.002s] [34mcolcon.colcon_core.environment[0m [1;30mLevel 1[0m checking '/home/arpan/unitree2/unitree_sdk2/utlidar_slam/install/utlidar_launcher/lib/python3.10/site-packages'
[1.002s] [34mcolcon.colcon_core.environment[0m [1;30mLevel 1[0m checking '/home/arpan/unitree2/unitree_sdk2/utlidar_slam/install/utlidar_launcher/bin'
[1.002s] [34mcolcon.colcon_core.shell[0m [1;30mINFO[0m Creating package script '/home/arpan/unitree2/unitree_sdk2/utlidar_slam/install/utlidar_launcher/share/utlidar_launcher/package.ps1'
[1.003s] [34mcolcon.colcon_core.shell[0m [1;30mINFO[0m Creating package descriptor '/home/arpan/unitree2/unitree_sdk2/utlidar_slam/install/utlidar_launcher/share/utlidar_launcher/package.dsv'
[1.003s] [34mcolcon.colcon_core.shell[0m [1;30mINFO[0m Creating package script '/home/arpan/unitree2/unitree_sdk2/utlidar_slam/install/utlidar_launcher/share/utlidar_launcher/package.sh'
[1.003s] [34mcolcon.colcon_core.shell[0m [1;30mINFO[0m Creating package script '/home/arpan/unitree2/unitree_sdk2/utlidar_slam/install/utlidar_launcher/share/utlidar_launcher/package.bash'
[1.004s] [34mcolcon.colcon_core.shell[0m [1;30mINFO[0m Creating package script '/home/arpan/unitree2/unitree_sdk2/utlidar_slam/install/utlidar_launcher/share/utlidar_launcher/package.zsh'
[1.004s] [34mcolcon.colcon_core.environment[0m [1;30mLevel 1[0m create_file_with_runtime_dependencies(/home/arpan/unitree2/unitree_sdk2/utlidar_slam/install/utlidar_launcher/share/colcon-core/packages/utlidar_launcher)
[1.005s] [34mcolcon.colcon_core.environment[0m [1;30mLevel 1[0m create_environment_scripts_only(utlidar_launcher)
[1.005s] [34mcolcon.colcon_core.environment[0m [1;30mLevel 1[0m checking '/home/arpan/unitree2/unitree_sdk2/utlidar_slam/install/utlidar_launcher' for CMake module files
[1.005s] [34mcolcon.colcon_core.environment[0m [1;30mLevel 1[0m checking '/home/arpan/unitree2/unitree_sdk2/utlidar_slam/install/utlidar_launcher' for CMake config files
[1.005s] [34mcolcon.colcon_core.shell[0m [1;30mLevel 1[0m create_environment_hook('utlidar_launcher', 'cmake_prefix_path')
[1.006s] [34mcolcon.colcon_core.shell[0m [1;30mINFO[0m Creating environment hook '/home/arpan/unitree2/unitree_sdk2/utlidar_slam/install/utlidar_launcher/share/utlidar_launcher/hook/cmake_prefix_path.ps1'
[1.006s] [34mcolcon.colcon_core.shell[0m [1;30mINFO[0m Creating environment descriptor '/home/arpan/unitree2/unitree_sdk2/utlidar_slam/install/utlidar_launcher/share/utlidar_launcher/hook/cmake_prefix_path.dsv'
[1.006s] [34mcolcon.colcon_core.shell[0m [1;30mINFO[0m Creating environment hook '/home/arpan/unitree2/unitree_sdk2/utlidar_slam/install/utlidar_launcher/share/utlidar_launcher/hook/cmake_prefix_path.sh'
[1.007s] [34mcolcon.colcon_core.environment[0m [1;30mLevel 1[0m checking '/home/arpan/unitree2/unitree_sdk2/utlidar_slam/install/utlidar_launcher/bin'
[1.007s] [34mcolcon.colcon_core.environment[0m [1;30mLevel 1[0m checking '/home/arpan/unitree2/unitree_sdk2/utlidar_slam/install/utlidar_launcher/lib/pkgconfig/utlidar_launcher.pc'
[1.007s] [34mcolcon.colcon_core.environment[0m [1;30mLevel 1[0m checking '/home/arpan/unitree2/unitree_sdk2/utlidar_slam/install/utlidar_launcher/lib/python3.10/site-packages'
[1.007s] [34mcolcon.colcon_core.environment[0m [1;30mLevel 1[0m checking '/home/arpan/unitree2/unitree_sdk2/utlidar_slam/install/utlidar_launcher/bin'
[1.007s] [34mcolcon.colcon_core.shell[0m [1;30mINFO[0m Creating package script '/home/arpan/unitree2/unitree_sdk2/utlidar_slam/install/utlidar_launcher/share/utlidar_launcher/package.ps1'
[1.008s] [34mcolcon.colcon_core.shell[0m [1;30mINFO[0m Creating package descriptor '/home/arpan/unitree2/unitree_sdk2/utlidar_slam/install/utlidar_launcher/share/utlidar_launcher/package.dsv'
[1.008s] [34mcolcon.colcon_core.shell[0m [1;30mINFO[0m Creating package script '/home/arpan/unitree2/unitree_sdk2/utlidar_slam/install/utlidar_launcher/share/utlidar_launcher/package.sh'
[1.009s] [34mcolcon.colcon_core.shell[0m [1;30mINFO[0m Creating package script '/home/arpan/unitree2/unitree_sdk2/utlidar_slam/install/utlidar_launcher/share/utlidar_launcher/package.bash'
[1.009s] [34mcolcon.colcon_core.shell[0m [1;30mINFO[0m Creating package script '/home/arpan/unitree2/unitree_sdk2/utlidar_slam/install/utlidar_launcher/share/utlidar_launcher/package.zsh'
[1.009s] [34mcolcon.colcon_core.environment[0m [1;30mLevel 1[0m create_file_with_runtime_dependencies(/home/arpan/unitree2/unitree_sdk2/utlidar_slam/install/utlidar_launcher/share/colcon-core/packages/utlidar_launcher)
[1.374s] [34mcolcon.colcon_core.event_handler.log_command[0m [1;30mDEBUG[0m [32mInvoking command in '/home/arpan/unitree2/unitree_sdk2/utlidar_slam/src/qos_relay': PYTHONPATH=/home/arpan/unitree2/unitree_sdk2/utlidar_slam/build/qos_relay/prefix_override:/usr/lib/python3/dist-packages/colcon_core/task/python/colcon_distutils_commands:/home/arpan/unitree2/unitree_sdk2/utlidar_slam/install/qos_relay/lib/python3.10/site-packages:${PYTHONPATH} /usr/bin/python3 -W ignore:setup.py install is deprecated -W ignore:easy_install command is deprecated setup.py egg_info --egg-base ../../build/qos_relay build --build-base /home/arpan/unitree2/unitree_sdk2/utlidar_slam/build/qos_relay/build install --record /home/arpan/unitree2/unitree_sdk2/utlidar_slam/build/qos_relay/install.log --single-version-externally-managed install_data[0m
[1.697s] [34mcolcon.colcon_core.environment[0m [1;30mLevel 1[0m checking '/home/arpan/unitree2/unitree_sdk2/utlidar_slam/install/qos_relay' for CMake module files
[1.698s] [34mcolcon.colcon_core.event_handler.log_command[0m [1;30mDEBUG[0m [32mInvoked command in '/home/arpan/unitree2/unitree_sdk2/utlidar_slam/src/qos_relay' returned '0': PYTHONPATH=/home/arpan/unitree2/unitree_sdk2/utlidar_slam/build/qos_relay/prefix_override:/usr/lib/python3/dist-packages/colcon_core/task/python/colcon_distutils_commands:/home/arpan/unitree2/unitree_sdk2/utlidar_slam/install/qos_relay/lib/python3.10/site-packages:${PYTHONPATH} /usr/bin/python3 -W ignore:setup.py install is deprecated -W ignore:easy_install command is deprecated setup.py egg_info --egg-base ../../build/qos_relay build --build-base /home/arpan/unitree2/unitree_sdk2/utlidar_slam/build/qos_relay/build install --record /home/arpan/unitree2/unitree_sdk2/utlidar_slam/build/qos_relay/install.log --single-version-externally-managed install_data[0m
[1.698s] [34mcolcon.colcon_core.environment[0m [1;30mLevel 1[0m checking '/home/arpan/unitree2/unitree_sdk2/utlidar_slam/install/qos_relay' for CMake config files
[1.699s] [34mcolcon.colcon_core.environment[0m [1;30mLevel 1[0m checking '/home/arpan/unitree2/unitree_sdk2/utlidar_slam/install/qos_relay/lib'
[1.699s] [34mcolcon.colcon_core.environment[0m [1;30mLevel 1[0m checking '/home/arpan/unitree2/unitree_sdk2/utlidar_slam/install/qos_relay/bin'
[1.699s] [34mcolcon.colcon_core.environment[0m [1;30mLevel 1[0m checking '/home/arpan/unitree2/unitree_sdk2/utlidar_slam/install/qos_relay/lib/pkgconfig/qos_relay.pc'
[1.699s] [34mcolcon.colcon_core.environment[0m [1;30mLevel 1[0m checking '/home/arpan/unitree2/unitree_sdk2/utlidar_slam/install/qos_relay/lib/python3.10/site-packages'
[1.699s] [34mcolcon.colcon_core.shell[0m [1;30mLevel 1[0m create_environment_hook('qos_relay', 'pythonpath')
[1.700s] [34mcolcon.colcon_core.shell[0m [1;30mINFO[0m Creating environment hook '/home/arpan/unitree2/unitree_sdk2/utlidar_slam/install/qos_relay/share/qos_relay/hook/pythonpath.ps1'
[1.700s] [34mcolcon.colcon_core.shell[0m [1;30mINFO[0m Creating environment descriptor '/home/arpan/unitree2/unitree_sdk2/utlidar_slam/install/qos_relay/share/qos_relay/hook/pythonpath.dsv'
[1.700s] [34mcolcon.colcon_core.shell[0m [1;30mINFO[0m Creating environment hook '/home/arpan/unitree2/unitree_sdk2/utlidar_slam/install/qos_relay/share/qos_relay/hook/pythonpath.sh'
[1.701s] [34mcolcon.colcon_core.environment[0m [1;30mLevel 1[0m checking '/home/arpan/unitree2/unitree_sdk2/utlidar_slam/install/qos_relay/bin'
[1.701s] [34mcolcon.colcon_core.environment[0m [1;30mLevel 1[0m create_environment_scripts_only(qos_relay)
[1.701s] [34mcolcon.colcon_core.shell[0m [1;30mINFO[0m Creating package script '/home/arpan/unitree2/unitree_sdk2/utlidar_slam/install/qos_relay/share/qos_relay/package.ps1'
[1.702s] [34mcolcon.colcon_core.shell[0m [1;30mINFO[0m Creating package descriptor '/home/arpan/unitree2/unitree_sdk2/utlidar_slam/install/qos_relay/share/qos_relay/package.dsv'
[1.702s] [34mcolcon.colcon_core.shell[0m [1;30mINFO[0m Creating package script '/home/arpan/unitree2/unitree_sdk2/utlidar_slam/install/qos_relay/share/qos_relay/package.sh'
[1.702s] [34mcolcon.colcon_core.shell[0m [1;30mINFO[0m Creating package script '/home/arpan/unitree2/unitree_sdk2/utlidar_slam/install/qos_relay/share/qos_relay/package.bash'
[1.703s] [34mcolcon.colcon_core.shell[0m [1;30mINFO[0m Creating package script '/home/arpan/unitree2/unitree_sdk2/utlidar_slam/install/qos_relay/share/qos_relay/package.zsh'
[1.703s] [34mcolcon.colcon_core.environment[0m [1;30mLevel 1[0m create_file_with_runtime_dependencies(/home/arpan/unitree2/unitree_sdk2/utlidar_slam/install/qos_relay/share/colcon-core/packages/qos_relay)
[5.184s] [34mcolcon.colcon_core.event_handler.log_command[0m [1;30mDEBUG[0m [32mInvoked command in '/home/arpan/unitree2/unitree_sdk2/utlidar_slam/build/odom_bridge' returned '2': CMAKE_PREFIX_PATH=${CMAKE_PREFIX_PATH}:/home/arpan/unitree2/mid360_slamming_ws/install/scan_qos_relay:/home/arpan/unitree2/mid360_slamming_ws/install/mid360_slam:/home/arpan/unitree2/mid360_slam_ws/install/scan_qos_relay:/home/arpan/unitree2/mid360_slam_ws/install/mid360_slam:/home/arpan/unitree2/fast-lio-ws/install/go2_nav_helper:/home/arpan/turtlebot3_ws/install/turtlebot3_teleop:/home/arpan/turtlebot3_ws/install/turtlebot3_example:/opt/ros/humble /usr/bin/cmake --build /home/arpan/unitree2/unitree_sdk2/utlidar_slam/build/odom_bridge -- -j12 -l12[0m
[5.184s] [34mcolcon.colcon_core.environment[0m [1;30mLevel 1[0m create_environment_scripts_only(odom_bridge)
[5.184s] [34mcolcon.colcon_core.environment[0m [1;30mLevel 1[0m checking '/home/arpan/unitree2/unitree_sdk2/utlidar_slam/install/odom_bridge' for CMake module files
[5.185s] [34mcolcon.colcon_core.environment[0m [1;30mLevel 1[0m checking '/home/arpan/unitree2/unitree_sdk2/utlidar_slam/install/odom_bridge' for CMake config files
[5.185s] [34mcolcon.colcon_core.environment[0m [1;30mLevel 1[0m checking '/home/arpan/unitree2/unitree_sdk2/utlidar_slam/install/odom_bridge/bin'
[5.185s] [34mcolcon.colcon_core.environment[0m [1;30mLevel 1[0m checking '/home/arpan/unitree2/unitree_sdk2/utlidar_slam/install/odom_bridge/lib/pkgconfig/odom_bridge.pc'
[5.185s] [34mcolcon.colcon_core.environment[0m [1;30mLevel 1[0m checking '/home/arpan/unitree2/unitree_sdk2/utlidar_slam/install/odom_bridge/lib/python3.10/site-packages'
[5.185s] [34mcolcon.colcon_core.environment[0m [1;30mLevel 1[0m checking '/home/arpan/unitree2/unitree_sdk2/utlidar_slam/install/odom_bridge/bin'
[5.185s] [34mcolcon.colcon_core.shell[0m [1;30mINFO[0m Creating package script '/home/arpan/unitree2/unitree_sdk2/utlidar_slam/install/odom_bridge/share/odom_bridge/package.ps1'
[5.186s] [34mcolcon.colcon_core.shell[0m [1;30mINFO[0m Creating package descriptor '/home/arpan/unitree2/unitree_sdk2/utlidar_slam/install/odom_bridge/share/odom_bridge/package.dsv'
[5.186s] [34mcolcon.colcon_core.shell[0m [1;30mINFO[0m Creating package script '/home/arpan/unitree2/unitree_sdk2/utlidar_slam/install/odom_bridge/share/odom_bridge/package.sh'
[5.187s] [34mcolcon.colcon_core.shell[0m [1;30mINFO[0m Creating package script '/home/arpan/unitree2/unitree_sdk2/utlidar_slam/install/odom_bridge/share/odom_bridge/package.bash'
[5.187s] [34mcolcon.colcon_core.shell[0m [1;30mINFO[0m Creating package script '/home/arpan/unitree2/unitree_sdk2/utlidar_slam/install/odom_bridge/share/odom_bridge/package.zsh'
[5.187s] [34mcolcon.colcon_core.environment[0m [1;30mLevel 1[0m create_file_with_runtime_dependencies(/home/arpan/unitree2/unitree_sdk2/utlidar_slam/install/odom_bridge/share/colcon-core/packages/odom_bridge)
[7.635s] [34mcolcon.colcon_parallel_executor.executor.parallel[0m [1;30mDEBUG[0m [32mclosing loop[0m
[7.635s] [34mcolcon.colcon_parallel_executor.executor.parallel[0m [1;30mDEBUG[0m [32mloop closed[0m
[7.635s] [34mcolcon.colcon_parallel_executor.executor.parallel[0m [1;30mDEBUG[0m [32mrun_until_complete finished with '2'[0m
[7.635s] [34mcolcon.colcon_core.event_reactor[0m [1;30mDEBUG[0m [32mjoining thread[0m
[7.644s] [34mcolcon.colcon_core.plugin_system[0m [1;30mINFO[0m Skipping extension 'colcon_notification.desktop_notification.terminal_notifier': Not used on non-Darwin systems
[7.645s] [34mcolcon.colcon_core.plugin_system[0m [1;30mINFO[0m Skipping extension 'colcon_notification.desktop_notification.win32': Not used on non-Windows systems
[7.645s] [34mcolcon.colcon_notification.desktop_notification[0m [1;30mINFO[0m Sending desktop notification using 'notify2'
[7.676s] [34mcolcon.colcon_core.event_reactor[0m [1;30mDEBUG[0m [32mjoined thread[0m
[7.677s] [34mcolcon.colcon_core.shell[0m [1;30mINFO[0m Creating prefix script '/home/arpan/unitree2/unitree_sdk2/utlidar_slam/install/local_setup.ps1'
[7.678s] [34mcolcon.colcon_core.shell[0m [1;30mINFO[0m Creating prefix util module '/home/arpan/unitree2/unitree_sdk2/utlidar_slam/install/_local_setup_util_ps1.py'
[7.679s] [34mcolcon.colcon_core.shell[0m [1;30mINFO[0m Creating prefix chain script '/home/arpan/unitree2/unitree_sdk2/utlidar_slam/install/setup.ps1'
[7.683s] [34mcolcon.colcon_core.shell[0m [1;30mINFO[0m Creating prefix script '/home/arpan/unitree2/unitree_sdk2/utlidar_slam/install/local_setup.sh'
[7.683s] [34mcolcon.colcon_core.shell[0m [1;30mINFO[0m Creating prefix util module '/home/arpan/unitree2/unitree_sdk2/utlidar_slam/install/_local_setup_util_sh.py'
[7.684s] [34mcolcon.colcon_core.shell[0m [1;30mINFO[0m Creating prefix chain script '/home/arpan/unitree2/unitree_sdk2/utlidar_slam/install/setup.sh'
[7.685s] [34mcolcon.colcon_core.shell[0m [1;30mINFO[0m Creating prefix script '/home/arpan/unitree2/unitree_sdk2/utlidar_slam/install/local_setup.bash'
[7.686s] [34mcolcon.colcon_core.shell[0m [1;30mINFO[0m Creating prefix chain script '/home/arpan/unitree2/unitree_sdk2/utlidar_slam/install/setup.bash'
[7.687s] [34mcolcon.colcon_core.shell[0m [1;30mINFO[0m Creating prefix script '/home/arpan/unitree2/unitree_sdk2/utlidar_slam/install/local_setup.zsh'
[7.688s] [34mcolcon.colcon_core.shell[0m [1;30mINFO[0m Creating prefix chain script '/home/arpan/unitree2/unitree_sdk2/utlidar_slam/install/setup.zsh'
