[0.854s] Invoking command in '/home/arpan/unitree2/unitree_sdk2/utlidar_slam/src/qos_relay': PYTHONPATH=/home/arpan/unitree2/unitree_sdk2/utlidar_slam/build/qos_relay/prefix_override:/usr/lib/python3/dist-packages/colcon_core/task/python/colcon_distutils_commands:/home/arpan/unitree2/unitree_sdk2/utlidar_slam/install/qos_relay/lib/python3.10/site-packages:${PYTHONPATH} /usr/bin/python3 -W ignore:setup.py install is deprecated -W ignore:easy_install command is deprecated setup.py egg_info --egg-base ../../build/qos_relay build --build-base /home/arpan/unitree2/unitree_sdk2/utlidar_slam/build/qos_relay/build install --record /home/arpan/unitree2/unitree_sdk2/utlidar_slam/build/qos_relay/install.log --single-version-externally-managed install_data
[1.186s] running egg_info
[1.186s] creating ../../build/qos_relay/qos_relay.egg-info
[1.187s] writing ../../build/qos_relay/qos_relay.egg-info/PKG-INFO
[1.187s] writing dependency_links to ../../build/qos_relay/qos_relay.egg-info/dependency_links.txt
[1.187s] writing entry points to ../../build/qos_relay/qos_relay.egg-info/entry_points.txt
[1.188s] writing requirements to ../../build/qos_relay/qos_relay.egg-info/requires.txt
[1.188s] writing top-level names to ../../build/qos_relay/qos_relay.egg-info/top_level.txt
[1.188s] writing manifest file '../../build/qos_relay/qos_relay.egg-info/SOURCES.txt'
[1.190s] reading manifest file '../../build/qos_relay/qos_relay.egg-info/SOURCES.txt'
[1.192s] writing manifest file '../../build/qos_relay/qos_relay.egg-info/SOURCES.txt'
[1.192s] running build
[1.192s] running build_py
[1.192s] creating /home/arpan/unitree2/unitree_sdk2/utlidar_slam/build/qos_relay/build
[1.193s] creating /home/arpan/unitree2/unitree_sdk2/utlidar_slam/build/qos_relay/build/lib
[1.193s] creating /home/arpan/unitree2/unitree_sdk2/utlidar_slam/build/qos_relay/build/lib/qos_relay
[1.193s] copying qos_relay/__init__.py -> /home/arpan/unitree2/unitree_sdk2/utlidar_slam/build/qos_relay/build/lib/qos_relay
[1.193s] copying qos_relay/scan_relay_node.py -> /home/arpan/unitree2/unitree_sdk2/utlidar_slam/build/qos_relay/build/lib/qos_relay
[1.193s] running install
[1.194s] running install_lib
[1.195s] creating /home/arpan/unitree2/unitree_sdk2/utlidar_slam/install/qos_relay/lib/python3.10/site-packages/qos_relay
[1.195s] copying /home/arpan/unitree2/unitree_sdk2/utlidar_slam/build/qos_relay/build/lib/qos_relay/__init__.py -> /home/arpan/unitree2/unitree_sdk2/utlidar_slam/install/qos_relay/lib/python3.10/site-packages/qos_relay
[1.196s] copying /home/arpan/unitree2/unitree_sdk2/utlidar_slam/build/qos_relay/build/lib/qos_relay/scan_relay_node.py -> /home/arpan/unitree2/unitree_sdk2/utlidar_slam/install/qos_relay/lib/python3.10/site-packages/qos_relay
[1.196s] byte-compiling /home/arpan/unitree2/unitree_sdk2/utlidar_slam/install/qos_relay/lib/python3.10/site-packages/qos_relay/__init__.py to __init__.cpython-310.pyc
[1.196s] byte-compiling /home/arpan/unitree2/unitree_sdk2/utlidar_slam/install/qos_relay/lib/python3.10/site-packages/qos_relay/scan_relay_node.py to scan_relay_node.cpython-310.pyc
[1.197s] running install_data
[1.198s] creating /home/arpan/unitree2/unitree_sdk2/utlidar_slam/install/qos_relay/share/ament_index
[1.198s] creating /home/arpan/unitree2/unitree_sdk2/utlidar_slam/install/qos_relay/share/ament_index/resource_index
[1.198s] creating /home/arpan/unitree2/unitree_sdk2/utlidar_slam/install/qos_relay/share/ament_index/resource_index/packages
[1.198s] copying resource/qos_relay -> /home/arpan/unitree2/unitree_sdk2/utlidar_slam/install/qos_relay/share/ament_index/resource_index/packages
[1.198s] copying package.xml -> /home/arpan/unitree2/unitree_sdk2/utlidar_slam/install/qos_relay/share/qos_relay
[1.199s] running install_egg_info
[1.200s] Copying ../../build/qos_relay/qos_relay.egg-info to /home/arpan/unitree2/unitree_sdk2/utlidar_slam/install/qos_relay/lib/python3.10/site-packages/qos_relay-0.0.0-py3.10.egg-info
[1.201s] running install_scripts
[1.230s] Installing scan_relay_node script to /home/arpan/unitree2/unitree_sdk2/utlidar_slam/install/qos_relay/lib/qos_relay
[1.230s] writing list of installed files to '/home/arpan/unitree2/unitree_sdk2/utlidar_slam/build/qos_relay/install.log'
[1.260s] Invoked command in '/home/arpan/unitree2/unitree_sdk2/utlidar_slam/src/qos_relay' returned '0': PYTHONPATH=/home/arpan/unitree2/unitree_sdk2/utlidar_slam/build/qos_relay/prefix_override:/usr/lib/python3/dist-packages/colcon_core/task/python/colcon_distutils_commands:/home/arpan/unitree2/unitree_sdk2/utlidar_slam/install/qos_relay/lib/python3.10/site-packages:${PYTHONPATH} /usr/bin/python3 -W ignore:setup.py install is deprecated -W ignore:easy_install command is deprecated setup.py egg_info --egg-base ../../build/qos_relay build --build-base /home/arpan/unitree2/unitree_sdk2/utlidar_slam/build/qos_relay/build install --record /home/arpan/unitree2/unitree_sdk2/utlidar_slam/build/qos_relay/install.log --single-version-externally-managed install_data
