[0.031s] Invoking command in '/home/arpan/unitree2/unitree_sdk2/utlidar_slam/build/lidar_bridge': CMAKE_PREFIX_PATH=${CMAKE_PREFIX_PATH}:/home/arpan/unitree2/unitree_sdk2/utlidar_slam/src/install/qos_relay:/home/arpan/unitree2/mid360_slam_ws/install/scan_qos_relay:/home/arpan/unitree2/mid360_slam_ws/install/mid360_slam:/home/arpan/unitree2/fast-lio-ws/install/go2_nav_helper:/home/arpan/turtlebot3_ws/install/turtlebot3_teleop:/home/arpan/turtlebot3_ws/install/turtlebot3_example:/home/arpan/unitree2/unitree_sdk2/utlidar_slam/install/qos_relay:/opt/ros/humble /usr/bin/cmake /home/arpan/unitree2/unitree_sdk2/utlidar_slam/src/lidar_bridge -DCMAKE_INSTALL_PREFIX=/home/arpan/unitree2/unitree_sdk2/utlidar_slam/install/lidar_bridge
[0.324s] -- The C compiler identification is GNU 11.4.0
[0.324s] -- The CXX compiler identification is GNU 11.4.0
[0.324s] -- Detecting C compiler ABI info
[0.324s] -- Detecting C compiler ABI info - done
[0.325s] -- Check for working C compiler: /usr/bin/cc - skipped
[0.325s] -- Detecting C compile features
[0.325s] -- Detecting C compile features - done
[0.325s] -- Detecting CXX compiler ABI info
[0.325s] -- Detecting CXX compiler ABI info - done
[0.325s] -- Check for working CXX compiler: /usr/bin/c++ - skipped
[0.326s] -- Detecting CXX compile features
[0.326s] -- Detecting CXX compile features - done
[0.326s] -- Found ament_cmake: 1.3.11 (/opt/ros/humble/share/ament_cmake/cmake)
[0.479s] -- Found Python3: /usr/bin/python3 (found version "3.10.12") found components: Interpreter 
[0.634s] -- Found rclcpp: 16.0.12 (/opt/ros/humble/share/rclcpp/cmake)
[0.710s] -- Found rosidl_generator_c: 3.1.6 (/opt/ros/humble/share/rosidl_generator_c/cmake)
[0.720s] -- Found rosidl_adapter: 3.1.6 (/opt/ros/humble/share/rosidl_adapter/cmake)
[0.733s] -- Found rosidl_generator_cpp: 3.1.6 (/opt/ros/humble/share/rosidl_generator_cpp/cmake)
[0.751s] -- Using all available rosidl_typesupport_c: rosidl_typesupport_fastrtps_c;rosidl_typesupport_introspection_c
[0.776s] -- Using all available rosidl_typesupport_cpp: rosidl_typesupport_fastrtps_cpp;rosidl_typesupport_introspection_cpp
[0.847s] -- Found rmw_implementation_cmake: 6.1.2 (/opt/ros/humble/share/rmw_implementation_cmake/cmake)
[0.852s] -- Found rmw_fastrtps_cpp: 6.2.7 (/opt/ros/humble/share/rmw_fastrtps_cpp/cmake)
[0.957s] -- Found OpenSSL: /usr/lib/x86_64-linux-gnu/libcrypto.so (found version "3.0.2")  
[0.988s] -- Found FastRTPS: /opt/ros/humble/include  
[1.035s] -- Using RMW implementation 'rmw_fastrtps_cpp' as default
[1.050s] -- Looking for pthread.h
[1.127s] -- Looking for pthread.h - found
[1.127s] -- Performing Test CMAKE_HAVE_LIBC_PTHREAD
[1.200s] -- Performing Test CMAKE_HAVE_LIBC_PTHREAD - Success
[1.201s] -- Found Threads: TRUE  
[1.266s] -- Found sensor_msgs: 4.8.0 (/opt/ros/humble/share/sensor_msgs/cmake)
[1.366s] -- Configuring done
[1.377s] -- Generating done
[1.380s] -- Build files have been written to: /home/arpan/unitree2/unitree_sdk2/utlidar_slam/build/lidar_bridge
[1.391s] Invoked command in '/home/arpan/unitree2/unitree_sdk2/utlidar_slam/build/lidar_bridge' returned '0': CMAKE_PREFIX_PATH=${CMAKE_PREFIX_PATH}:/home/arpan/unitree2/unitree_sdk2/utlidar_slam/src/install/qos_relay:/home/arpan/unitree2/mid360_slam_ws/install/scan_qos_relay:/home/arpan/unitree2/mid360_slam_ws/install/mid360_slam:/home/arpan/unitree2/fast-lio-ws/install/go2_nav_helper:/home/arpan/turtlebot3_ws/install/turtlebot3_teleop:/home/arpan/turtlebot3_ws/install/turtlebot3_example:/home/arpan/unitree2/unitree_sdk2/utlidar_slam/install/qos_relay:/opt/ros/humble /usr/bin/cmake /home/arpan/unitree2/unitree_sdk2/utlidar_slam/src/lidar_bridge -DCMAKE_INSTALL_PREFIX=/home/arpan/unitree2/unitree_sdk2/utlidar_slam/install/lidar_bridge
[1.392s] Invoking command in '/home/arpan/unitree2/unitree_sdk2/utlidar_slam/build/lidar_bridge': CMAKE_PREFIX_PATH=${CMAKE_PREFIX_PATH}:/home/arpan/unitree2/unitree_sdk2/utlidar_slam/src/install/qos_relay:/home/arpan/unitree2/mid360_slam_ws/install/scan_qos_relay:/home/arpan/unitree2/mid360_slam_ws/install/mid360_slam:/home/arpan/unitree2/fast-lio-ws/install/go2_nav_helper:/home/arpan/turtlebot3_ws/install/turtlebot3_teleop:/home/arpan/turtlebot3_ws/install/turtlebot3_example:/home/arpan/unitree2/unitree_sdk2/utlidar_slam/install/qos_relay:/opt/ros/humble /usr/bin/cmake --build /home/arpan/unitree2/unitree_sdk2/utlidar_slam/build/lidar_bridge -- -j12 -l12
[1.459s] [ 50%] [32mBuilding CXX object CMakeFiles/lidar_bridge_node.dir/src/lidar_bridge_node.cpp.o[0m
[7.163s] [100%] [32m[1mLinking CXX executable lidar_bridge_node[0m
[7.718s] [100%] Built target lidar_bridge_node
[7.735s] Invoked command in '/home/arpan/unitree2/unitree_sdk2/utlidar_slam/build/lidar_bridge' returned '0': CMAKE_PREFIX_PATH=${CMAKE_PREFIX_PATH}:/home/arpan/unitree2/unitree_sdk2/utlidar_slam/src/install/qos_relay:/home/arpan/unitree2/mid360_slam_ws/install/scan_qos_relay:/home/arpan/unitree2/mid360_slam_ws/install/mid360_slam:/home/arpan/unitree2/fast-lio-ws/install/go2_nav_helper:/home/arpan/turtlebot3_ws/install/turtlebot3_teleop:/home/arpan/turtlebot3_ws/install/turtlebot3_example:/home/arpan/unitree2/unitree_sdk2/utlidar_slam/install/qos_relay:/opt/ros/humble /usr/bin/cmake --build /home/arpan/unitree2/unitree_sdk2/utlidar_slam/build/lidar_bridge -- -j12 -l12
[7.738s] Invoking command in '/home/arpan/unitree2/unitree_sdk2/utlidar_slam/build/lidar_bridge': CMAKE_PREFIX_PATH=${CMAKE_PREFIX_PATH}:/home/arpan/unitree2/unitree_sdk2/utlidar_slam/src/install/qos_relay:/home/arpan/unitree2/mid360_slam_ws/install/scan_qos_relay:/home/arpan/unitree2/mid360_slam_ws/install/mid360_slam:/home/arpan/unitree2/fast-lio-ws/install/go2_nav_helper:/home/arpan/turtlebot3_ws/install/turtlebot3_teleop:/home/arpan/turtlebot3_ws/install/turtlebot3_example:/home/arpan/unitree2/unitree_sdk2/utlidar_slam/install/qos_relay:/opt/ros/humble /usr/bin/cmake --install /home/arpan/unitree2/unitree_sdk2/utlidar_slam/build/lidar_bridge
[7.747s] -- Install configuration: ""
[7.747s] -- Installing: /home/arpan/unitree2/unitree_sdk2/utlidar_slam/install/lidar_bridge/lib/lidar_bridge/lidar_bridge_node
[7.751s] -- Set runtime path of "/home/arpan/unitree2/unitree_sdk2/utlidar_slam/install/lidar_bridge/lib/lidar_bridge/lidar_bridge_node" to ""
[7.751s] -- Installing: /home/arpan/unitree2/unitree_sdk2/utlidar_slam/install/lidar_bridge/share/ament_index/resource_index/package_run_dependencies/lidar_bridge
[7.751s] -- Installing: /home/arpan/unitree2/unitree_sdk2/utlidar_slam/install/lidar_bridge/share/ament_index/resource_index/parent_prefix_path/lidar_bridge
[7.751s] -- Installing: /home/arpan/unitree2/unitree_sdk2/utlidar_slam/install/lidar_bridge/share/lidar_bridge/environment/ament_prefix_path.sh
[7.752s] -- Installing: /home/arpan/unitree2/unitree_sdk2/utlidar_slam/install/lidar_bridge/share/lidar_bridge/environment/ament_prefix_path.dsv
[7.752s] -- Installing: /home/arpan/unitree2/unitree_sdk2/utlidar_slam/install/lidar_bridge/share/lidar_bridge/environment/path.sh
[7.752s] -- Installing: /home/arpan/unitree2/unitree_sdk2/utlidar_slam/install/lidar_bridge/share/lidar_bridge/environment/path.dsv
[7.752s] -- Installing: /home/arpan/unitree2/unitree_sdk2/utlidar_slam/install/lidar_bridge/share/lidar_bridge/local_setup.bash
[7.752s] -- Installing: /home/arpan/unitree2/unitree_sdk2/utlidar_slam/install/lidar_bridge/share/lidar_bridge/local_setup.sh
[7.752s] -- Installing: /home/arpan/unitree2/unitree_sdk2/utlidar_slam/install/lidar_bridge/share/lidar_bridge/local_setup.zsh
[7.753s] -- Installing: /home/arpan/unitree2/unitree_sdk2/utlidar_slam/install/lidar_bridge/share/lidar_bridge/local_setup.dsv
[7.753s] -- Installing: /home/arpan/unitree2/unitree_sdk2/utlidar_slam/install/lidar_bridge/share/lidar_bridge/package.dsv
[7.753s] -- Installing: /home/arpan/unitree2/unitree_sdk2/utlidar_slam/install/lidar_bridge/share/ament_index/resource_index/packages/lidar_bridge
[7.753s] -- Installing: /home/arpan/unitree2/unitree_sdk2/utlidar_slam/install/lidar_bridge/share/lidar_bridge/cmake/lidar_bridgeConfig.cmake
[7.753s] -- Installing: /home/arpan/unitree2/unitree_sdk2/utlidar_slam/install/lidar_bridge/share/lidar_bridge/cmake/lidar_bridgeConfig-version.cmake
[7.753s] -- Installing: /home/arpan/unitree2/unitree_sdk2/utlidar_slam/install/lidar_bridge/share/lidar_bridge/package.xml
[7.756s] Invoked command in '/home/arpan/unitree2/unitree_sdk2/utlidar_slam/build/lidar_bridge' returned '0': CMAKE_PREFIX_PATH=${CMAKE_PREFIX_PATH}:/home/arpan/unitree2/unitree_sdk2/utlidar_slam/src/install/qos_relay:/home/arpan/unitree2/mid360_slam_ws/install/scan_qos_relay:/home/arpan/unitree2/mid360_slam_ws/install/mid360_slam:/home/arpan/unitree2/fast-lio-ws/install/go2_nav_helper:/home/arpan/turtlebot3_ws/install/turtlebot3_teleop:/home/arpan/turtlebot3_ws/install/turtlebot3_example:/home/arpan/unitree2/unitree_sdk2/utlidar_slam/install/qos_relay:/opt/ros/humble /usr/bin/cmake --install /home/arpan/unitree2/unitree_sdk2/utlidar_slam/build/lidar_bridge
